Archive member included to satisfy reference by file (symbol)

d:/mounriver/mounriver_studio2/resources/app/resources/win32/components/wch/toolchain/risc-v embedded gcc/bin/../lib/gcc/riscv-none-embed/8.2.0/rv32imafcxw/ilp32f\libgcc.a(extendsfdf2.o)
                              ./User/main.o (__extendsfdf2)
d:/mounriver/mounriver_studio2/resources/app/resources/win32/components/wch/toolchain/risc-v embedded gcc/bin/../lib/gcc/riscv-none-embed/8.2.0/rv32imafcxw/ilp32f\libgcc.a(save-restore.o)
                              ./Hardware/Src/max30102_app.o (__riscv_save_12)
d:/mounriver/mounriver_studio2/resources/app/resources/win32/components/wch/toolchain/risc-v embedded gcc/bin/../lib/gcc/riscv-none-embed/8.2.0/rv32imafcxw/ilp32f\libgcc.a(_clzsi2.o)
                              d:/mounriver/mounriver_studio2/resources/app/resources/win32/components/wch/toolchain/risc-v embedded gcc/bin/../lib/gcc/riscv-none-embed/8.2.0/rv32imafcxw/ilp32f\libgcc.a(extendsfdf2.o) (__clzsi2)
d:/mounriver/mounriver_studio2/resources/app/resources/win32/components/wch/toolchain/risc-v embedded gcc/bin/../lib/gcc/riscv-none-embed/8.2.0/rv32imafcxw/ilp32f\libgcc.a(_clz.o)
                              d:/mounriver/mounriver_studio2/resources/app/resources/win32/components/wch/toolchain/risc-v embedded gcc/bin/../lib/gcc/riscv-none-embed/8.2.0/rv32imafcxw/ilp32f\libgcc.a(_clzsi2.o) (__clz_tab)
d:/mounriver/mounriver_studio2/resources/app/resources/win32/components/wch/toolchain/risc-v embedded gcc/bin/../lib/gcc/riscv-none-embed/8.2.0/../../../../riscv-none-embed/lib/rv32imafcxw/ilp32f\libg_nano.a(lib_a-memcpy.o)
                              ./FreeRTOS/queue.o (memcpy)
d:/mounriver/mounriver_studio2/resources/app/resources/win32/components/wch/toolchain/risc-v embedded gcc/bin/../lib/gcc/riscv-none-embed/8.2.0/../../../../riscv-none-embed/lib/rv32imafcxw/ilp32f\libg_nano.a(lib_a-memset.o)
                              ./Hardware/Src/B1uart.o (memset)
d:/mounriver/mounriver_studio2/resources/app/resources/win32/components/wch/toolchain/risc-v embedded gcc/bin/../lib/gcc/riscv-none-embed/8.2.0/../../../../riscv-none-embed/lib/rv32imafcxw/ilp32f\libg_nano.a(lib_a-nano-vfprintf_float.o)
                              (_printf_float)
d:/mounriver/mounriver_studio2/resources/app/resources/win32/components/wch/toolchain/risc-v embedded gcc/bin/../lib/gcc/riscv-none-embed/8.2.0/../../../../riscv-none-embed/lib/rv32imafcxw/ilp32f\libg_nano.a(lib_a-nano-vfprintf_i.o)
                              d:/mounriver/mounriver_studio2/resources/app/resources/win32/components/wch/toolchain/risc-v embedded gcc/bin/../lib/gcc/riscv-none-embed/8.2.0/../../../../riscv-none-embed/lib/rv32imafcxw/ilp32f\libg_nano.a(lib_a-nano-vfprintf_float.o) (_printf_common)
d:/mounriver/mounriver_studio2/resources/app/resources/win32/components/wch/toolchain/risc-v embedded gcc/bin/../lib/gcc/riscv-none-embed/8.2.0/../../../../riscv-none-embed/lib/rv32imafcxw/ilp32f\libg_nano.a(lib_a-printf.o)
                              ./User/main.o (printf)
d:/mounriver/mounriver_studio2/resources/app/resources/win32/components/wch/toolchain/risc-v embedded gcc/bin/../lib/gcc/riscv-none-embed/8.2.0/../../../../riscv-none-embed/lib/rv32imafcxw/ilp32f\libg_nano.a(lib_a-puts.o)
                              ./Hardware/Src/max30102.o (puts)
d:/mounriver/mounriver_studio2/resources/app/resources/win32/components/wch/toolchain/risc-v embedded gcc/bin/../lib/gcc/riscv-none-embed/8.2.0/../../../../riscv-none-embed/lib/rv32imafcxw/ilp32f\libg_nano.a(lib_a-snprintf.o)
                              ./User/main.o (snprintf)
d:/mounriver/mounriver_studio2/resources/app/resources/win32/components/wch/toolchain/risc-v embedded gcc/bin/../lib/gcc/riscv-none-embed/8.2.0/../../../../riscv-none-embed/lib/rv32imafcxw/ilp32f\libg_nano.a(lib_a-strcpy.o)
                              ./User/main.o (strcpy)
d:/mounriver/mounriver_studio2/resources/app/resources/win32/components/wch/toolchain/risc-v embedded gcc/bin/../lib/gcc/riscv-none-embed/8.2.0/../../../../riscv-none-embed/lib/rv32imafcxw/ilp32f\libg_nano.a(lib_a-strlen.o)
                              ./FreeRTOS/tasks.o (strlen)
d:/mounriver/mounriver_studio2/resources/app/resources/win32/components/wch/toolchain/risc-v embedded gcc/bin/../lib/gcc/riscv-none-embed/8.2.0/../../../../riscv-none-embed/lib/rv32imafcxw/ilp32f\libg_nano.a(lib_a-vsnprintf.o)
                              ./User/main.o (vsnprintf)
d:/mounriver/mounriver_studio2/resources/app/resources/win32/components/wch/toolchain/risc-v embedded gcc/bin/../lib/gcc/riscv-none-embed/8.2.0/../../../../riscv-none-embed/lib/rv32imafcxw/ilp32f\libg_nano.a(lib_a-wbuf.o)
                              d:/mounriver/mounriver_studio2/resources/app/resources/win32/components/wch/toolchain/risc-v embedded gcc/bin/../lib/gcc/riscv-none-embed/8.2.0/../../../../riscv-none-embed/lib/rv32imafcxw/ilp32f\libg_nano.a(lib_a-puts.o) (__swbuf_r)
[...]
Memory Configuration

Name             Origin             Length             Attributes
FLASH            0x0000000000000000 0x0000000000020000 xr
RAM              0x0000000020000000 0x0000000000008000 xrw
*default*        0x0000000000000000 0xffffffffffffffff

Linker script and memory map

LOAD ./User/ch32v30x_it.o
LOAD ./User/com.o
LOAD ./User/main.o
LOAD ./User/system_ch32v30x.o
LOAD ./Startup/startup_ch32v30x_D8C.o
LOAD ./Peripheral/src/ch32v30x_adc.o
LOAD ./Peripheral/src/ch32v30x_bkp.o
LOAD ./Peripheral/src/ch32v30x_can.o
LOAD ./Peripheral/src/ch32v30x_crc.o
LOAD ./Peripheral/src/ch32v30x_dac.o
LOAD ./Peripheral/src/ch32v30x_dbgmcu.o
LOAD ./Peripheral/src/ch32v30x_dma.o
LOAD ./Peripheral/src/ch32v30x_dvp.o
LOAD ./Peripheral/src/ch32v30x_eth.o
LOAD ./Peripheral/src/ch32v30x_exti.o
LOAD ./Peripheral/src/ch32v30x_flash.o
LOAD ./Peripheral/src/ch32v30x_fsmc.o
LOAD ./Peripheral/src/ch32v30x_gpio.o
LOAD ./Peripheral/src/ch32v30x_i2c.o
LOAD ./Peripheral/src/ch32v30x_iwdg.o
LOAD ./Peripheral/src/ch32v30x_misc.o
LOAD ./Peripheral/src/ch32v30x_opa.o
LOAD ./Peripheral/src/ch32v30x_pwr.o
LOAD ./Peripheral/src/ch32v30x_rcc.o
LOAD ./Peripheral/src/ch32v30x_rng.o
LOAD ./Peripheral/src/ch32v30x_rtc.o
LOAD ./Peripheral/src/ch32v30x_sdio.o
LOAD ./Peripheral/src/ch32v30x_spi.o
LOAD ./Peripheral/src/ch32v30x_tim.o
LOAD ./Peripheral/src/ch32v30x_usart.o
LOAD ./Peripheral/src/ch32v30x_wwdg.o
LOAD ./Hardware/Src/B1uart.o
LOAD ./Hardware/Src/algorithm.o
LOAD ./Hardware/Src/key.o
LOAD ./Hardware/Src/lcd.o
LOAD ./Hardware/Src/max30102.o
LOAD ./Hardware/Src/max30102_app.o
LOAD ./Hardware/Src/mq2.o
LOAD ./Hardware/Src/myiic.o
LOAD ./Hardware/Src/servo.o
LOAD ./Hardware/Src/sht31.o
LOAD ./Hardware/Src/tim.o
LOAD ./FreeRTOS/portable/MemMang/heap_4.o
LOAD ./FreeRTOS/portable/GCC/RISC-V/port.o
LOAD ./FreeRTOS/portable/GCC/RISC-V/portASM.o
LOAD ./FreeRTOS/croutine.o
LOAD ./FreeRTOS/event_groups.o
LOAD ./FreeRTOS/list.o
LOAD ./FreeRTOS/queue.o
LOAD ./FreeRTOS/stream_buffer.o
LOAD ./FreeRTOS/tasks.o
LOAD ./FreeRTOS/timers.o
LOAD ./Debug/debug.o
LOAD ./Core/core_riscv.o
LOAD d:/mounriver/mounriver_studio2/resources/app/resources/win32/components/wch/toolchain/risc-v embedded gcc/bin/../lib/gcc/riscv-none-embed/8.2.0/../../../../riscv-none-embed/lib/rv32imafcxw/ilp32f\libm.a
LOAD d:/mounriver/mounriver_studio2/resources/app/resources/win32/components/wch/toolchain/risc-v embedded gcc/bin/../lib/gcc/riscv-none-embed/8.2.0/rv32imafcxw/ilp32f\libgcc.a
LOAD d:/mounriver/mounriver_studio2/resources/app/resources/win32/components/wch/toolchain/risc-v embedded gcc/bin/../lib/gcc/riscv-none-embed/8.2.0/../../../../riscv-none-embed/lib/rv32imafcxw/ilp32f\libg_nano.a
LOAD d:/mounriver/mounriver_studio2/resources/app/resources/win32/components/wch/toolchain/risc-v embedded gcc/bin/../lib/gcc/riscv-none-embed/8.2.0/../../../../riscv-none-embed/lib/rv32imafcxw/ilp32f\libc_nano.a
LOAD d:/mounriver/mounriver_studio2/resources/app/resources/win32/components/wch/toolchain/risc-v embedded gcc/bin/../lib/gcc/riscv-none-embed/8.2.0/rv32imafcxw/ilp32f\libgcc.a
START GROUP
LOAD d:/mounriver/mounriver_studio2/resources/app/resources/win32/components/wch/toolchain/risc-v embedded gcc/bin/../lib/gcc/riscv-none-embed/8.2.0/rv32imafcxw/ilp32f\libgcc.a
LOAD d:/mounriver/mounriver_studio2/resources/app/resources/win32/components/wch/toolchain/risc-v embedded gcc/bin/../lib/gcc/riscv-none-embed/8.2.0/../../../../riscv-none-embed/lib/rv32imafcxw/ilp32f\libc_nano.a
LOAD d:/mounriver/mounriver_studio2/resources/app/resources/win32/components/wch/toolchain/risc-v embedded gcc/bin/../lib/gcc/riscv-none-embed/8.2.0/../../../../riscv-none-embed/lib/rv32imafcxw/ilp32f\libnosys.a
END GROUP
START GROUP
LOAD d:/mounriver/mounriver_studio2/resources/app/resources/win32/components/wch/toolchain/risc-v embedded gcc/bin/../lib/gcc/riscv-none-embed/8.2.0/rv32imafcxw/ilp32f\libgcc.a
LOAD d:/mounriver/mounriver_studio2/resources/app/resources/win32/components/wch/toolchain/risc-v embedded gcc/bin/../lib/gcc/riscv-none-embed/8.2.0/../../../../riscv-none-embed/lib/rv32imafcxw/ilp32f\libc_nano.a
LOAD d:/mounriver/mounriver_studio2/resources/app/resources/win32/components/wch/toolchain/risc-v embedded gcc/bin/../lib/gcc/riscv-none-embed/8.2.0/../../../../riscv-none-embed/lib/rv32imafcxw/ilp32f\libnosys.a
END GROUP
                0x0000000000000800                __stack_size = 0x800
                [!provide]                        PROVIDE (_stack_size = __stack_size)

.init           0x0000000000000000        0x4
                0x0000000000000000                _sinit = .
                0x0000000000000000                . = ALIGN (0x4)
 *(SORT_NONE(.init))
 .init          0x0000000000000000        0x4 ./Startup/startup_ch32v30x_D8C.o
                0x0000000000000000                _start
                0x0000000000000004                . = ALIGN (0x4)
                0x0000000000000004                _einit = .

.vector         0x0000000000000004      0x1bc
 *(.vector)
 .vector        0x0000000000000004      0x1a0 ./Startup/startup_ch32v30x_D8C.o
                0x00000000000001c0                . = ALIGN (0x40)
 *fill*         0x00000000000001a4       0x1c 

.text           0x0000000000000200     0xb5dc
                0x0000000000000200                . = ALIGN (0x4)
 *(.text)
 .text          0x0000000000000200      0x2e6 ./FreeRTOS/portable/GCC/RISC-V/portASM.o
                0x0000000000000200                SW_Handler
                0x0000000000000300                xPortStartFirstTask
                0x0000000000000400                pxPortInitialiseStack
 .text          0x00000000000004e6       0x60 d:/mounriver/mounriver_studio2/resources/app/resources/win32/components/wch/toolchain/risc-v embedded gcc/bin/../lib/gcc/riscv-none-embed/8.2.0/rv32imafcxw/ilp32f\libgcc.a(save-restore.o)
                0x00000000000004e6                __riscv_save_12
                0x00000000000004ee                __riscv_save_9
                0x00000000000004ee                __riscv_save_11
                0x00000000000004ee                __riscv_save_10
                0x00000000000004ee                __riscv_save_8
                0x00000000000004fc                __riscv_save_4
                0x00000000000004fc                __riscv_save_6
                0x00000000000004fc                __riscv_save_5
                0x00000000000004fc                __riscv_save_7
                0x0000000000000516                __riscv_save_3
                0x0000000000000516                __riscv_save_2
                0x0000000000000516                __riscv_save_1
                0x0000000000000516                __riscv_save_0
                0x0000000000000522                __riscv_restore_12
                0x0000000000000526                __riscv_restore_11
                0x0000000000000526                __riscv_restore_9
                0x0000000000000526                __riscv_restore_10
                0x0000000000000526                __riscv_restore_8
                0x0000000000000530                __riscv_restore_5
                0x0000000000000530                __riscv_restore_7
                0x0000000000000530                __riscv_restore_6
                0x0000000000000530                __riscv_restore_4
                0x000000000000053a                __riscv_restore_3
                0x000000000000053a                __riscv_restore_0
                0x000000000000053a                __riscv_restore_2
                0x000000000000053a                __riscv_restore_1
 .text          0x0000000000000546       0xa8 d:/mounriver/mounriver_studio2/resources/app/resources/win32/components/wch/toolchain/risc-v embedded gcc/bin/../lib/gcc/riscv-none-embed/8.2.0/../../../../riscv-none-embed/lib/rv32imafcxw/ilp32f\libg_nano.a(lib_a-memset.o)
                0x0000000000000546                memset
 *(.text.*)
 .text.NMI_Handler
                0x00000000000005ee        0x2 ./User/ch32v30x_it.o
                0x00000000000005ee                NMI_Handler
 .text.HardFault_Handler
                0x00000000000005f0       0x10 ./User/ch32v30x_it.o
                0x00000000000005f0                HardFault_Handler
 .text.gpio_init
                0x0000000000000600      0x17e ./User/com.o
                0x0000000000000600                gpio_init
 .text.key_task
                0x000000000000077e       0x40 ./User/main.o
 .text.lcd_task
                0x00000000000007be      0x216 ./User/main.o
 .text.led_task
                0x00000000000009d4       0x36 ./User/main.o
 .text.log_task
                0x0000000000000a0a       0x2c ./User/main.o
 .text.log_printf
                0x0000000000000a36       0x3a ./User/main.o
 .text.create_task
                0x0000000000000a70      0x1fe ./User/main.o
 .text.mq2_task
                0x0000000000000c6e       0x28 ./User/main.o
 .text.B1uart_task
                0x0000000000000c96       0x2c ./User/main.o
 .text.sht31_task
                0x0000000000000cc2       0x5e ./User/main.o
 .text.max30102_task
                0x0000000000000d20       0x4e ./User/main.o
 .text.startup.main
                0x0000000000000d6e       0xc6 ./User/main.o
                0x0000000000000d6e                main
 .text.SystemInit
                0x0000000000000e34       0xfa ./User/system_ch32v30x.o
                0x0000000000000e34                SystemInit
 .text.SystemCoreClockUpdate
                0x0000000000000f2e      0x12e ./User/system_ch32v30x.o
                0x0000000000000f2e                SystemCoreClockUpdate
 .text.vector_handler
                0x000000000000105c        0x2 ./Startup/startup_ch32v30x_D8C.o
                0x000000000000105c                EXTI2_IRQHandler
                0x000000000000105c                TIM8_TRG_COM_IRQHandler
                0x000000000000105c                TIM8_CC_IRQHandler
                0x000000000000105c                UART8_IRQHandler
                0x000000000000105c                TIM1_CC_IRQHandler
                0x000000000000105c                TIM6_IRQHandler
                0x000000000000105c                PVD_IRQHandler
                0x000000000000105c                SDIO_IRQHandler
                0x000000000000105c                TIM9_BRK_IRQHandler
                0x000000000000105c                DMA2_Channel8_IRQHandler
                0x000000000000105c                CAN2_RX1_IRQHandler
                0x000000000000105c                EXTI3_IRQHandler
                0x000000000000105c                USBHS_IRQHandler
                0x000000000000105c                DMA2_Channel9_IRQHandler
                0x000000000000105c                TIM10_CC_IRQHandler
                0x000000000000105c                USBFS_IRQHandler
                0x000000000000105c                EXTI0_IRQHandler
                0x000000000000105c                I2C2_EV_IRQHandler
                0x000000000000105c                TIM10_TRG_COM_IRQHandler
                0x000000000000105c                CAN2_SCE_IRQHandler
                0x000000000000105c                ADC1_2_IRQHandler
                0x000000000000105c                Break_Point_Handler
                0x000000000000105c                SPI1_IRQHandler
                0x000000000000105c                TAMPER_IRQHandler
                0x000000000000105c                CAN2_RX0_IRQHandler
                0x000000000000105c                TIM8_UP_IRQHandler
                0x000000000000105c                Ecall_M_Mode_Handler
                0x000000000000105c                DMA2_Channel2_IRQHandler
                0x000000000000105c                DMA1_Channel4_IRQHandler
                0x000000000000105c                TIM9_UP_IRQHandler
                0x000000000000105c                RTC_IRQHandler
                0x000000000000105c                DMA1_Channel7_IRQHandler
                0x000000000000105c                CAN1_RX1_IRQHandler
                0x000000000000105c                DVP_IRQHandler
                0x000000000000105c                UART5_IRQHandler
                0x000000000000105c                TIM4_IRQHandler
                0x000000000000105c                DMA2_Channel1_IRQHandler
                0x000000000000105c                I2C1_EV_IRQHandler
                0x000000000000105c                DMA1_Channel6_IRQHandler
                0x000000000000105c                UART4_IRQHandler
                0x000000000000105c                DMA2_Channel4_IRQHandler
                0x000000000000105c                TIM3_IRQHandler
                0x000000000000105c                RCC_IRQHandler
                0x000000000000105c                TIM1_TRG_COM_IRQHandler
                0x000000000000105c                DMA1_Channel1_IRQHandler
                0x000000000000105c                DMA2_Channel7_IRQHandler
                0x000000000000105c                EXTI15_10_IRQHandler
                0x000000000000105c                TIM7_IRQHandler
                0x000000000000105c                CAN2_TX_IRQHandler
                0x000000000000105c                TIM5_IRQHandler
                0x000000000000105c                EXTI9_5_IRQHandler
                0x000000000000105c                ETH_WKUP_IRQHandler
                0x000000000000105c                SPI2_IRQHandler
                0x000000000000105c                TIM10_BRK_IRQHandler
                0x000000000000105c                TIM9_CC_IRQHandler
                0x000000000000105c                DMA2_Channel5_IRQHandler
                0x000000000000105c                DMA1_Channel5_IRQHandler
                0x000000000000105c                EXTI4_IRQHandler
                0x000000000000105c                USB_LP_CAN1_RX0_IRQHandler
                0x000000000000105c                RNG_IRQHandler
                0x000000000000105c                USB_HP_CAN1_TX_IRQHandler
                0x000000000000105c                DMA1_Channel3_IRQHandler
                0x000000000000105c                ETH_IRQHandler
                0x000000000000105c                TIM1_UP_IRQHandler
                0x000000000000105c                WWDG_IRQHandler
                0x000000000000105c                USBHSWakeup_IRQHandler
                0x000000000000105c                DMA2_Channel11_IRQHandler
                0x000000000000105c                Ecall_U_Mode_Handler
                0x000000000000105c                DMA2_Channel6_IRQHandler
                0x000000000000105c                TIM2_IRQHandler
                0x000000000000105c                TIM1_BRK_IRQHandler
                0x000000000000105c                DMA2_Channel10_IRQHandler
                0x000000000000105c                EXTI1_IRQHandler
                0x000000000000105c                RTCAlarm_IRQHandler
                0x000000000000105c                TIM10_UP_IRQHandler
                0x000000000000105c                TIM9_TRG_COM_IRQHandler
                0x000000000000105c                UART7_IRQHandler
                0x000000000000105c                USART2_IRQHandler
                0x000000000000105c                UART6_IRQHandler
                0x000000000000105c                I2C2_ER_IRQHandler
                0x000000000000105c                DMA1_Channel2_IRQHandler
                0x000000000000105c                TIM8_BRK_IRQHandler
                0x000000000000105c                CAN1_SCE_IRQHandler
                0x000000000000105c                FLASH_IRQHandler
                0x000000000000105c                USART1_IRQHandler
                0x000000000000105c                SPI3_IRQHandler
                0x000000000000105c                I2C1_ER_IRQHandler
                0x000000000000105c                USBWakeUp_IRQHandler
                0x000000000000105c                DMA2_Channel3_IRQHandler
 .text.handle_reset
                0x000000000000105e       0x92 ./Startup/startup_ch32v30x_D8C.o
                0x000000000000105e                handle_reset
 .text.ADC_Init
                0x00000000000010f0       0x56 ./Peripheral/src/ch32v30x_adc.o
                0x00000000000010f0                ADC_Init
 .text.ADC_Cmd  0x0000000000001146       0x10 ./Peripheral/src/ch32v30x_adc.o
                0x0000000000001146                ADC_Cmd
 .text.ADC_ResetCalibration
                0x0000000000001156        0xa ./Peripheral/src/ch32v30x_adc.o
                0x0000000000001156                ADC_ResetCalibration
 .text.ADC_GetResetCalibrationStatus
                0x0000000000001160        0x8 ./Peripheral/src/ch32v30x_adc.o
                0x0000000000001160                ADC_GetResetCalibrationStatus
 .text.ADC_StartCalibration
                0x0000000000001168        0xa ./Peripheral/src/ch32v30x_adc.o
                0x0000000000001168                ADC_StartCalibration
 .text.ADC_GetCalibrationStatus
                0x0000000000001172        0x8 ./Peripheral/src/ch32v30x_adc.o
                0x0000000000001172                ADC_GetCalibrationStatus
 .text.ADC_SoftwareStartConvCmd
                0x000000000000117a       0x18 ./Peripheral/src/ch32v30x_adc.o
                0x000000000000117a                ADC_SoftwareStartConvCmd
 .text.ADC_RegularChannelConfig
                0x0000000000001192       0xb8 ./Peripheral/src/ch32v30x_adc.o
                0x0000000000001192                ADC_RegularChannelConfig
 .text.ADC_GetConversionValue
                0x000000000000124a        0x8 ./Peripheral/src/ch32v30x_adc.o
                0x000000000000124a                ADC_GetConversionValue
 .text.ADC_GetFlagStatus
                0x0000000000001252        0xa ./Peripheral/src/ch32v30x_adc.o
                0x0000000000001252                ADC_GetFlagStatus
 .text.DBGMCU_GetCHIPID
                0x000000000000125c        0xa ./Peripheral/src/ch32v30x_dbgmcu.o
                0x000000000000125c                DBGMCU_GetCHIPID
 .text.GPIO_Init
                0x0000000000001266       0xc0 ./Peripheral/src/ch32v30x_gpio.o
                0x0000000000001266                GPIO_Init
 .text.GPIO_ReadInputDataBit
                0x0000000000001326        0xa ./Peripheral/src/ch32v30x_gpio.o
                0x0000000000001326                GPIO_ReadInputDataBit
 .text.GPIO_SetBits
                0x0000000000001330        0x4 ./Peripheral/src/ch32v30x_gpio.o
                0x0000000000001330                GPIO_SetBits
 .text.GPIO_ResetBits
                0x0000000000001334        0x4 ./Peripheral/src/ch32v30x_gpio.o
                0x0000000000001334                GPIO_ResetBits
 .text.GPIO_PinRemapConfig
                0x0000000000001338       0xd6 ./Peripheral/src/ch32v30x_gpio.o
                0x0000000000001338                GPIO_PinRemapConfig
 .text.NVIC_PriorityGroupConfig
                0x000000000000140e        0x6 ./Peripheral/src/ch32v30x_misc.o
                0x000000000000140e                NVIC_PriorityGroupConfig
 .text.NVIC_Init
                0x0000000000001414       0x5c ./Peripheral/src/ch32v30x_misc.o
                0x0000000000001414                NVIC_Init
 .text.RCC_DeInit
                0x0000000000001470       0x52 ./Peripheral/src/ch32v30x_rcc.o
                0x0000000000001470                RCC_DeInit
 .text.RCC_HSEConfig
                0x00000000000014c2       0x3c ./Peripheral/src/ch32v30x_rcc.o
                0x00000000000014c2                RCC_HSEConfig
 .text.RCC_PLLConfig
                0x00000000000014fe       0x2e ./Peripheral/src/ch32v30x_rcc.o
                0x00000000000014fe                RCC_PLLConfig
 .text.RCC_PLLCmd
                0x000000000000152c       0x24 ./Peripheral/src/ch32v30x_rcc.o
                0x000000000000152c                RCC_PLLCmd
 .text.RCC_SYSCLKConfig
                0x0000000000001550        0xe ./Peripheral/src/ch32v30x_rcc.o
                0x0000000000001550                RCC_SYSCLKConfig
 .text.RCC_GetSYSCLKSource
                0x000000000000155e        0xa ./Peripheral/src/ch32v30x_rcc.o
                0x000000000000155e                RCC_GetSYSCLKSource
 .text.RCC_HCLKConfig
                0x0000000000001568       0x10 ./Peripheral/src/ch32v30x_rcc.o
                0x0000000000001568                RCC_HCLKConfig
 .text.RCC_PCLK1Config
                0x0000000000001578       0x10 ./Peripheral/src/ch32v30x_rcc.o
                0x0000000000001578                RCC_PCLK1Config
 .text.RCC_PCLK2Config
                0x0000000000001588       0x16 ./Peripheral/src/ch32v30x_rcc.o
                0x0000000000001588                RCC_PCLK2Config
 .text.RCC_GetClocksFreq
                0x000000000000159e      0x176 ./Peripheral/src/ch32v30x_rcc.o
                0x000000000000159e                RCC_GetClocksFreq
 .text.RCC_APB2PeriphClockCmd
                0x0000000000001714       0x1e ./Peripheral/src/ch32v30x_rcc.o
                0x0000000000001714                RCC_APB2PeriphClockCmd
 .text.RCC_APB1PeriphClockCmd
                0x0000000000001732       0x1e ./Peripheral/src/ch32v30x_rcc.o
                0x0000000000001732                RCC_APB1PeriphClockCmd
 .text.RCC_GetFlagStatus
                0x0000000000001750       0x2e ./Peripheral/src/ch32v30x_rcc.o
                0x0000000000001750                RCC_GetFlagStatus
 .text.RCC_WaitForHSEStartUp
                0x000000000000177e       0x2e ./Peripheral/src/ch32v30x_rcc.o
                0x000000000000177e                RCC_WaitForHSEStartUp
 .text.RCC_PREDIV1Config
                0x00000000000017ac       0x14 ./Peripheral/src/ch32v30x_rcc.o
                0x00000000000017ac                RCC_PREDIV1Config
 .text.TIM_TimeBaseInit
                0x00000000000017c0       0xee ./Peripheral/src/ch32v30x_tim.o
                0x00000000000017c0                TIM_TimeBaseInit
 .text.TIM_OC2Init
                0x00000000000018ae       0xae ./Peripheral/src/ch32v30x_tim.o
                0x00000000000018ae                TIM_OC2Init
 .text.TIM_Cmd  0x000000000000195c       0x18 ./Peripheral/src/ch32v30x_tim.o
                0x000000000000195c                TIM_Cmd
 .text.TIM_ARRPreloadConfig
                0x0000000000001974       0x1a ./Peripheral/src/ch32v30x_tim.o
                0x0000000000001974                TIM_ARRPreloadConfig
 .text.TIM_OC2PreloadConfig
                0x000000000000198e       0x16 ./Peripheral/src/ch32v30x_tim.o
                0x000000000000198e                TIM_OC2PreloadConfig
 .text.TIM_SetCompare2
                0x00000000000019a4        0x4 ./Peripheral/src/ch32v30x_tim.o
                0x00000000000019a4                TIM_SetCompare2
 .text.USART_Init
                0x00000000000019a8       0x8e ./Peripheral/src/ch32v30x_usart.o
                0x00000000000019a8                USART_Init
 .text.USART_Cmd
                0x0000000000001a36       0x16 ./Peripheral/src/ch32v30x_usart.o
                0x0000000000001a36                USART_Cmd
 .text.USART_ITConfig
                0x0000000000001a4c       0x36 ./Peripheral/src/ch32v30x_usart.o
                0x0000000000001a4c                USART_ITConfig
 .text.USART_SendData
                0x0000000000001a82        0x8 ./Peripheral/src/ch32v30x_usart.o
                0x0000000000001a82                USART_SendData
 .text.USART_ReceiveData
                0x0000000000001a8a        0x8 ./Peripheral/src/ch32v30x_usart.o
                0x0000000000001a8a                USART_ReceiveData
 .text.USART_GetFlagStatus
                0x0000000000001a92        0xa ./Peripheral/src/ch32v30x_usart.o
                0x0000000000001a92                USART_GetFlagStatus
 .text.USART_GetITStatus
                0x0000000000001a9c       0x3c ./Peripheral/src/ch32v30x_usart.o
                0x0000000000001a9c                USART_GetITStatus
 .text.USART_ClearITPendingBit
                0x0000000000001ad8       0x14 ./Peripheral/src/ch32v30x_usart.o
                0x0000000000001ad8                USART_ClearITPendingBit
 .text.USART3_Init
                0x0000000000001aec       0xa0 ./Hardware/Src/B1uart.o
                0x0000000000001aec                USART3_Init
 .text.USART3_IRQHandler
                0x0000000000001b8c       0xe4 ./Hardware/Src/B1uart.o
                0x0000000000001b8c                USART3_IRQHandler
 .text.Take_Temperature
                0x0000000000001c70       0x70 ./Hardware/Src/B1uart.o
                0x0000000000001c70                Take_Temperature
 .text.maxim_peaks_above_min_height
                0x0000000000001ce0       0x6e ./Hardware/Src/algorithm.o
                0x0000000000001ce0                maxim_peaks_above_min_height
 .text.maxim_sort_ascend
                0x0000000000001d4e       0x34 ./Hardware/Src/algorithm.o
                0x0000000000001d4e                maxim_sort_ascend
 .text.maxim_sort_indices_descend
                0x0000000000001d82       0x48 ./Hardware/Src/algorithm.o
                0x0000000000001d82                maxim_sort_indices_descend
 .text.maxim_remove_close_peaks
                0x0000000000001dca       0x76 ./Hardware/Src/algorithm.o
                0x0000000000001dca                maxim_remove_close_peaks
 .text.maxim_find_peaks
                0x0000000000001e40       0x30 ./Hardware/Src/algorithm.o
                0x0000000000001e40                maxim_find_peaks
 .text.maxim_heart_rate_and_oxygen_saturation
                0x0000000000001e70      0x3ec ./Hardware/Src/algorithm.o
                0x0000000000001e70                maxim_heart_rate_and_oxygen_saturation
 .text.key_init
                0x000000000000225c       0x36 ./Hardware/Src/key.o
                0x000000000000225c                key_init
 .text.key_is_pressed
                0x0000000000002292       0x1c ./Hardware/Src/key.o
                0x0000000000002292                key_is_pressed
 .text.SYS_init
                0x00000000000022ae       0x94 ./Hardware/Src/lcd.o
                0x00000000000022ae                SYS_init
 .text.IO_init  0x0000000000002342       0x38 ./Hardware/Src/lcd.o
                0x0000000000002342                IO_init
 .text.Delay_ms
                0x000000000000237a       0x16 ./Hardware/Src/lcd.o
                0x000000000000237a                Delay_ms
 .text.SPI_SendByte
                0x0000000000002390       0x38 ./Hardware/Src/lcd.o
                0x0000000000002390                SPI_SendByte
 .text.TFT_SEND_CMD
                0x00000000000023c8       0x1a ./Hardware/Src/lcd.o
                0x00000000000023c8                TFT_SEND_CMD
 .text.TFT_SEND_DATA
                0x00000000000023e2       0x1a ./Hardware/Src/lcd.o
                0x00000000000023e2                TFT_SEND_DATA
 .text.TFT_init
                0x00000000000023fc      0x18e ./Hardware/Src/lcd.o
                0x00000000000023fc                TFT_init
 .text.LCD_FillRect
                0x000000000000258a       0x9e ./Hardware/Src/lcd.o
                0x000000000000258a                LCD_FillRect
 .text.LCD_DrawChar
                0x0000000000002628      0x106 ./Hardware/Src/lcd.o
                0x0000000000002628                LCD_DrawChar
 .text.LCD_DrawString
                0x000000000000272e       0x34 ./Hardware/Src/lcd.o
                0x000000000000272e                LCD_DrawString
 .text.max30102_Bus_Write
                0x0000000000002762       0x42 ./Hardware/Src/max30102.o
                0x0000000000002762                max30102_Bus_Write
 .text.max30102_Bus_Read
                0x00000000000027a4       0x4a ./Hardware/Src/max30102.o
                0x00000000000027a4                max30102_Bus_Read
 .text.max30102_FIFO_ReadBytes
                0x00000000000027ee       0x6c ./Hardware/Src/max30102.o
                0x00000000000027ee                max30102_FIFO_ReadBytes
 .text.MAX30102_Reset
                0x000000000000285a       0x1c ./Hardware/Src/max30102.o
                0x000000000000285a                MAX30102_Reset
 .text.MAX30102_Init
                0x0000000000002876       0xa4 ./Hardware/Src/max30102.o
                0x0000000000002876                MAX30102_Init
 .text.SmoothData
                0x000000000000291a       0x2c ./Hardware/Src/max30102_app.o
                0x000000000000291a                SmoothData
 .text.LowPassFilter
                0x0000000000002946       0x26 ./Hardware/Src/max30102_app.o
                0x0000000000002946                LowPassFilter
 .text.MAX30102_Read_Data
                0x000000000000296c       0xca ./Hardware/Src/max30102_app.o
                0x000000000000296c                MAX30102_Read_Data
 .text.Calculate_Heart_Rate_and_SpO2
                0x0000000000002a36       0x44 ./Hardware/Src/max30102_app.o
                0x0000000000002a36                Calculate_Heart_Rate_and_SpO2
 .text.Update_Signal_Min_Max
                0x0000000000002a7a       0xc0 ./Hardware/Src/max30102_app.o
                0x0000000000002a7a                Update_Signal_Min_Max
 .text.Process_And_Display_Data
                0x0000000000002b3a       0x48 ./Hardware/Src/max30102_app.o
                0x0000000000002b3a                Process_And_Display_Data
 .text.mq2_adc  0x0000000000002b82       0xa0 ./Hardware/Src/mq2.o
                0x0000000000002b82                mq2_adc
 .text.MQ2_ReadData
                0x0000000000002c22       0x5c ./Hardware/Src/mq2.o
                0x0000000000002c22                MQ2_ReadData
 .text.MAX30102_IIC_SDA_OUT
                0x0000000000002c7e       0x2c ./Hardware/Src/myiic.o
 .text.MAX30102_IIC_SDA_IN
                0x0000000000002caa       0x32 ./Hardware/Src/myiic.o
 .text.IIC_Delay
                0x0000000000002cdc       0x1c ./Hardware/Src/myiic.o
                0x0000000000002cdc                IIC_Delay
 .text.MAX30102_IIC_Init
                0x0000000000002cf8       0x62 ./Hardware/Src/myiic.o
                0x0000000000002cf8                MAX30102_IIC_Init
 .text.MAX30102_IIC_Start
                0x0000000000002d5a       0x48 ./Hardware/Src/myiic.o
                0x0000000000002d5a                MAX30102_IIC_Start
 .text.MAX30102_IIC_Stop
                0x0000000000002da2       0x4c ./Hardware/Src/myiic.o
                0x0000000000002da2                MAX30102_IIC_Stop
 .text.MAX30102_IIC_Wait_Ack
                0x0000000000002dee       0x68 ./Hardware/Src/myiic.o
                0x0000000000002dee                MAX30102_IIC_Wait_Ack
 .text.MAX30102_IIC_Ack
                0x0000000000002e56       0x48 ./Hardware/Src/myiic.o
                0x0000000000002e56                MAX30102_IIC_Ack
 .text.MAX30102_IIC_NAck
                0x0000000000002e9e       0x48 ./Hardware/Src/myiic.o
                0x0000000000002e9e                MAX30102_IIC_NAck
 .text.MAX30102_IIC_Send_Byte
                0x0000000000002ee6       0x6c ./Hardware/Src/myiic.o
                0x0000000000002ee6                MAX30102_IIC_Send_Byte
 .text.MAX30102_IIC_Read_Byte
                0x0000000000002f52       0x66 ./Hardware/Src/myiic.o
                0x0000000000002f52                MAX30102_IIC_Read_Byte
 .text.Servo_Init
                0x0000000000002fb8       0xae ./Hardware/Src/servo.o
                0x0000000000002fb8                Servo_Init
 .text.Servo_SetAngle
                0x0000000000003066       0x58 ./Hardware/Src/servo.o
                0x0000000000003066                Servo_SetAngle
 .text.IIC_SendAck
                0x00000000000030be       0x52 ./Hardware/Src/sht31.o
 .text.IIC_Start
                0x0000000000003110       0x32 ./Hardware/Src/sht31.o
 .text.IIC_SendData
                0x0000000000003142       0x54 ./Hardware/Src/sht31.o
 .text.IIC_RecAck
                0x0000000000003196       0x50 ./Hardware/Src/sht31.o
 .text.IIC_RecData
                0x00000000000031e6       0x56 ./Hardware/Src/sht31.o
 .text.IIC_Stop
                0x000000000000323c       0x32 ./Hardware/Src/sht31.o
 .text.IIC_Software_Init
                0x000000000000326e       0x46 ./Hardware/Src/sht31.o
                0x000000000000326e                IIC_Software_Init
 .text.SHT31_ReadData
                0x00000000000032b4      0x10c ./Hardware/Src/sht31.o
                0x00000000000032b4                SHT31_ReadData
 .text.prvInsertBlockIntoFreeList
                0x00000000000033c0       0x44 ./FreeRTOS/portable/MemMang/heap_4.o
 .text.pvPortMalloc
                0x0000000000003404      0x16a ./FreeRTOS/portable/MemMang/heap_4.o
                0x0000000000003404                pvPortMalloc
 .text.vPortFree
                0x000000000000356e       0x9c ./FreeRTOS/portable/MemMang/heap_4.o
                0x000000000000356e                vPortFree
 .text.xPortGetFreeHeapSize
                0x000000000000360a        0x6 ./FreeRTOS/portable/MemMang/heap_4.o
                0x000000000000360a                xPortGetFreeHeapSize
 .text.vPortSetupTimerInterrupt
                0x0000000000003610       0x3e ./FreeRTOS/portable/GCC/RISC-V/port.o
                0x0000000000003610                vPortSetupTimerInterrupt
 .text.xPortStartScheduler
                0x000000000000364e       0x90 ./FreeRTOS/portable/GCC/RISC-V/port.o
                0x000000000000364e                xPortStartScheduler
 .text.SysTick_Handler
                0x00000000000036de       0x8c ./FreeRTOS/portable/GCC/RISC-V/port.o
                0x00000000000036de                SysTick_Handler
 .text.vPortEnterCritical
                0x000000000000376a       0x16 ./FreeRTOS/portable/GCC/RISC-V/port.o
                0x000000000000376a                vPortEnterCritical
 .text.vPortExitCritical
                0x0000000000003780       0x42 ./FreeRTOS/portable/GCC/RISC-V/port.o
                0x0000000000003780                vPortExitCritical
 .text.vListInitialise
                0x00000000000037c2       0x14 ./FreeRTOS/list.o
                0x00000000000037c2                vListInitialise
 .text.vListInitialiseItem
                0x00000000000037d6        0x6 ./FreeRTOS/list.o
                0x00000000000037d6                vListInitialiseItem
 .text.vListInsertEnd
                0x00000000000037dc       0x18 ./FreeRTOS/list.o
                0x00000000000037dc                vListInsertEnd
 .text.vListInsert
                0x00000000000037f4       0x2e ./FreeRTOS/list.o
                0x00000000000037f4                vListInsert
 .text.uxListRemove
                0x0000000000003822       0x20 ./FreeRTOS/list.o
                0x0000000000003822                uxListRemove
 .text.prvIsQueueEmpty
                0x0000000000003842       0x1e ./FreeRTOS/queue.o
 .text.prvCopyDataToQueue
                0x0000000000003860       0x72 ./FreeRTOS/queue.o
 .text.prvCopyDataFromQueue
                0x00000000000038d2       0x28 ./FreeRTOS/queue.o
 .text.prvUnlockQueue
                0x00000000000038fa       0x76 ./FreeRTOS/queue.o
 .text.xQueueGenericReset
                0x0000000000003970       0xc4 ./FreeRTOS/queue.o
                0x0000000000003970                xQueueGenericReset
 .text.xQueueGenericCreate
                0x0000000000003a34       0x6e ./FreeRTOS/queue.o
                0x0000000000003a34                xQueueGenericCreate
 .text.xQueueGenericSend
                0x0000000000003aa2      0x1a8 ./FreeRTOS/queue.o
                0x0000000000003aa2                xQueueGenericSend
 .text.xQueueReceive
                0x0000000000003c4a      0x164 ./FreeRTOS/queue.o
                0x0000000000003c4a                xQueueReceive
 .text.vQueueAddToRegistry
                0x0000000000003dae       0x6c ./FreeRTOS/queue.o
                0x0000000000003dae                vQueueAddToRegistry
 .text.vQueueWaitForMessageRestricted
                0x0000000000003e1a       0x5c ./FreeRTOS/queue.o
                0x0000000000003e1a                vQueueWaitForMessageRestricted
 .text.prvResetNextTaskUnblockTime
                0x0000000000003e76       0x1c ./FreeRTOS/tasks.o
 .text.prvAddCurrentTaskToDelayedList
                0x0000000000003e92       0x92 ./FreeRTOS/tasks.o
 .text.prvIdleTask
                0x0000000000003f24       0x4a ./FreeRTOS/tasks.o
 .text.xTaskCreate
                0x0000000000003f6e      0x1e4 ./FreeRTOS/tasks.o
                0x0000000000003f6e                xTaskCreate
 .text.vTaskDelete
                0x0000000000004152       0xba ./FreeRTOS/tasks.o
                0x0000000000004152                vTaskDelete
 .text.vTaskStartScheduler
                0x000000000000420c       0x82 ./FreeRTOS/tasks.o
                0x000000000000420c                vTaskStartScheduler
 .text.vTaskSuspendAll
                0x000000000000428e        0xc ./FreeRTOS/tasks.o
                0x000000000000428e                vTaskSuspendAll
 .text.xTaskGetTickCount
                0x000000000000429a        0x6 ./FreeRTOS/tasks.o
                0x000000000000429a                xTaskGetTickCount
 .text.xTaskIncrementTick
                0x00000000000042a0      0x180 ./FreeRTOS/tasks.o
                0x00000000000042a0                xTaskIncrementTick
 .text.xTaskResumeAll
                0x0000000000004420      0x148 ./FreeRTOS/tasks.o
                0x0000000000004420                xTaskResumeAll
 .text.vTaskDelay
                0x0000000000004568       0x62 ./FreeRTOS/tasks.o
                0x0000000000004568                vTaskDelay
 .text.vTaskSwitchContext
                0x00000000000045ca       0x8a ./FreeRTOS/tasks.o
                0x00000000000045ca                vTaskSwitchContext
 .text.vTaskPlaceOnEventList
                0x0000000000004654       0x44 ./FreeRTOS/tasks.o
                0x0000000000004654                vTaskPlaceOnEventList
 .text.vTaskPlaceOnEventListRestricted
                0x0000000000004698       0x72 ./FreeRTOS/tasks.o
                0x0000000000004698                vTaskPlaceOnEventListRestricted
 .text.xTaskRemoveFromEventList
                0x000000000000470a       0xdc ./FreeRTOS/tasks.o
                0x000000000000470a                xTaskRemoveFromEventList
 .text.vTaskInternalSetTimeOutState
                0x00000000000047e6        0xe ./FreeRTOS/tasks.o
                0x00000000000047e6                vTaskInternalSetTimeOutState
 .text.xTaskCheckForTimeOut
                0x00000000000047f4       0xbe ./FreeRTOS/tasks.o
                0x00000000000047f4                xTaskCheckForTimeOut
 .text.vTaskMissedYield
                0x00000000000048b2        0x8 ./FreeRTOS/tasks.o
                0x00000000000048b2                vTaskMissedYield
 .text.xTaskGetSchedulerState
                0x00000000000048ba       0x14 ./FreeRTOS/tasks.o
                0x00000000000048ba                xTaskGetSchedulerState
 .text.xTaskPriorityDisinherit
                0x00000000000048ce       0xc2 ./FreeRTOS/tasks.o
                0x00000000000048ce                xTaskPriorityDisinherit
 .text.prvCheckForValidListAndQueue
                0x0000000000004990       0x5a ./FreeRTOS/timers.o
 .text.prvInsertTimerInActiveList
                0x00000000000049ea       0x3e ./FreeRTOS/timers.o
 .text.prvReloadTimer
                0x0000000000004a28       0x2a ./FreeRTOS/timers.o
 .text.prvProcessExpiredTimer
                0x0000000000004a52       0x42 ./FreeRTOS/timers.o
 .text.prvSwitchTimerLists
                0x0000000000004a94       0x28 ./FreeRTOS/timers.o
 .text.prvTimerTask
                0x0000000000004abc      0x188 ./FreeRTOS/timers.o
 .text.xTimerCreateTimerTask
                0x0000000000004c44       0x58 ./FreeRTOS/timers.o
                0x0000000000004c44                xTimerCreateTimerTask
 .text.Delay_Init
                0x0000000000004c9c       0x2a ./Debug/debug.o
                0x0000000000004c9c                Delay_Init
 .text.USART_Printf_Init
                0x0000000000004cc6       0x5a ./Debug/debug.o
                0x0000000000004cc6                USART_Printf_Init
 .text._write   0x0000000000004d20       0x3e ./Debug/debug.o
                0x0000000000004d20                _write
 .text._sbrk    0x0000000000004d5e       0x2a ./Debug/debug.o
                0x0000000000004d5e                _sbrk
 .text.__extendsfdf2
                0x0000000000004d88       0xe8 d:/mounriver/mounriver_studio2/resources/app/resources/win32/components/wch/toolchain/risc-v embedded gcc/bin/../lib/gcc/riscv-none-embed/8.2.0/rv32imafcxw/ilp32f\libgcc.a(extendsfdf2.o)
                0x0000000000004d88                __extendsfdf2
 .text.__clzsi2
                0x0000000000004e70       0x6e d:/mounriver/mounriver_studio2/resources/app/resources/win32/components/wch/toolchain/risc-v embedded gcc/bin/../lib/gcc/riscv-none-embed/8.2.0/rv32imafcxw/ilp32f\libgcc.a(_clzsi2.o)
                0x0000000000004e70                __clzsi2
 .text.memcpy   0x0000000000004ede       0xb2 d:/mounriver/mounriver_studio2/resources/app/resources/win32/components/wch/toolchain/risc-v embedded gcc/bin/../lib/gcc/riscv-none-embed/8.2.0/../../../../riscv-none-embed/lib/rv32imafcxw/ilp32f\libg_nano.a(lib_a-memcpy.o)
                0x0000000000004ede                memcpy
 .text.__cvt    0x0000000000004f90       0xea d:/mounriver/mounriver_studio2/resources/app/resources/win32/components/wch/toolchain/risc-v embedded gcc/bin/../lib/gcc/riscv-none-embed/8.2.0/../../../../riscv-none-embed/lib/rv32imafcxw/ilp32f\libg_nano.a(lib_a-nano-vfprintf_float.o)
                0x0000000000004f90                __cvt
 .text.__exponent
                0x000000000000507a       0x84 d:/mounriver/mounriver_studio2/resources/app/resources/win32/components/wch/toolchain/risc-v embedded gcc/bin/../lib/gcc/riscv-none-embed/8.2.0/../../../../riscv-none-embed/lib/rv32imafcxw/ilp32f\libg_nano.a(lib_a-nano-vfprintf_float.o)
                0x000000000000507a                __exponent
 .text._printf_float
                0x00000000000050fe      0x4c4 d:/mounriver/mounriver_studio2/resources/app/resources/win32/components/wch/toolchain/risc-v embedded gcc/bin/../lib/gcc/riscv-none-embed/8.2.0/../../../../riscv-none-embed/lib/rv32imafcxw/ilp32f\libg_nano.a(lib_a-nano-vfprintf_float.o)
                0x00000000000050fe                _printf_float
 .text._printf_common
                0x00000000000055c2      0x10c d:/mounriver/mounriver_studio2/resources/app/resources/win32/components/wch/toolchain/risc-v embedded gcc/bin/../lib/gcc/riscv-none-embed/8.2.0/../../../../riscv-none-embed/lib/rv32imafcxw/ilp32f\libg_nano.a(lib_a-nano-vfprintf_i.o)
                0x00000000000055c2                _printf_common
 .text._printf_i
                0x00000000000056ce      0x2a4 d:/mounriver/mounriver_studio2/resources/app/resources/win32/components/wch/toolchain/risc-v embedded gcc/bin/../lib/gcc/riscv-none-embed/8.2.0/../../../../riscv-none-embed/lib/rv32imafcxw/ilp32f\libg_nano.a(lib_a-nano-vfprintf_i.o)
                0x00000000000056ce                _printf_i
 .text.printf   0x0000000000005972       0x42 d:/mounriver/mounriver_studio2/resources/app/resources/win32/components/wch/toolchain/risc-v embedded gcc/bin/../lib/gcc/riscv-none-embed/8.2.0/../../../../riscv-none-embed/lib/rv32imafcxw/ilp32f\libg_nano.a(lib_a-printf.o)
                0x0000000000005972                iprintf
                0x0000000000005972                printf
 .text._puts_r  0x00000000000059b4       0xd8 d:/mounriver/mounriver_studio2/resources/app/resources/win32/components/wch/toolchain/risc-v embedded gcc/bin/../lib/gcc/riscv-none-embed/8.2.0/../../../../riscv-none-embed/lib/rv32imafcxw/ilp32f\libg_nano.a(lib_a-puts.o)
                0x00000000000059b4                _puts_r
 .text.puts     0x0000000000005a8c        0xc d:/mounriver/mounriver_studio2/resources/app/resources/win32/components/wch/toolchain/risc-v embedded gcc/bin/../lib/gcc/riscv-none-embed/8.2.0/../../../../riscv-none-embed/lib/rv32imafcxw/ilp32f\libg_nano.a(lib_a-puts.o)
                0x0000000000005a8c                puts
 .text.snprintf
                0x0000000000005a98       0x6c d:/mounriver/mounriver_studio2/resources/app/resources/win32/components/wch/toolchain/risc-v embedded gcc/bin/../lib/gcc/riscv-none-embed/8.2.0/../../../../riscv-none-embed/lib/rv32imafcxw/ilp32f\libg_nano.a(lib_a-snprintf.o)
                0x0000000000005a98                sniprintf
                0x0000000000005a98                snprintf
 .text.strcpy   0x0000000000005b04       0x10 d:/mounriver/mounriver_studio2/resources/app/resources/win32/components/wch/toolchain/risc-v embedded gcc/bin/../lib/gcc/riscv-none-embed/8.2.0/../../../../riscv-none-embed/lib/rv32imafcxw/ilp32f\libg_nano.a(lib_a-strcpy.o)
                0x0000000000005b04                strcpy
 .text.strlen   0x0000000000005b14       0x12 d:/mounriver/mounriver_studio2/resources/app/resources/win32/components/wch/toolchain/risc-v embedded gcc/bin/../lib/gcc/riscv-none-embed/8.2.0/../../../../riscv-none-embed/lib/rv32imafcxw/ilp32f\libg_nano.a(lib_a-strlen.o)
                0x0000000000005b14                strlen
 .text._vsnprintf_r
                0x0000000000005b26       0x5c d:/mounriver/mounriver_studio2/resources/app/resources/win32/components/wch/toolchain/risc-v embedded gcc/bin/../lib/gcc/riscv-none-embed/8.2.0/../../../../riscv-none-embed/lib/rv32imafcxw/ilp32f\libg_nano.a(lib_a-vsnprintf.o)
                0x0000000000005b26                _vsniprintf_r
                0x0000000000005b26                _vsnprintf_r
 .text.vsnprintf
                0x0000000000005b82       0x12 d:/mounriver/mounriver_studio2/resources/app/resources/win32/components/wch/toolchain/risc-v embedded gcc/bin/../lib/gcc/riscv-none-embed/8.2.0/../../../../riscv-none-embed/lib/rv32imafcxw/ilp32f\libg_nano.a(lib_a-vsnprintf.o)
                0x0000000000005b82                vsniprintf
                0x0000000000005b82                vsnprintf
 .text.__swbuf_r
                0x0000000000005b94       0xc2 d:/mounriver/mounriver_studio2/resources/app/resources/win32/components/wch/toolchain/risc-v embedded gcc/bin/../lib/gcc/riscv-none-embed/8.2.0/../../../../riscv-none-embed/lib/rv32imafcxw/ilp32f\libg_nano.a(lib_a-wbuf.o)
                0x0000000000005b94                __swbuf_r
 .text.__swsetup_r
                0x0000000000005c56      0x102 d:/mounriver/mounriver_studio2/resources/app/resources/win32/components/wch/toolchain/risc-v embedded gcc/bin/../lib/gcc/riscv-none-embed/8.2.0/../../../../riscv-none-embed/lib/rv32imafcxw/ilp32f\libg_nano.a(lib_a-wsetup.o)
                0x0000000000005c56                __swsetup_r
 .text.quorem   0x0000000000005d58      0x13a d:/mounriver/mounriver_studio2/resources/app/resources/win32/components/wch/toolchain/risc-v embedded gcc/bin/../lib/gcc/riscv-none-embed/8.2.0/../../../../riscv-none-embed/lib/rv32imafcxw/ilp32f\libg_nano.a(lib_a-dtoa.o)
 .text._dtoa_r  0x0000000000005e92      0xbf8 d:/mounriver/mounriver_studio2/resources/app/resources/win32/components/wch/toolchain/risc-v embedded gcc/bin/../lib/gcc/riscv-none-embed/8.2.0/../../../../riscv-none-embed/lib/rv32imafcxw/ilp32f\libg_nano.a(lib_a-dtoa.o)
                0x0000000000005e92                _dtoa_r
 .text.__sflush_r
                0x0000000000006a8a      0x132 d:/mounriver/mounriver_studio2/resources/app/resources/win32/components/wch/toolchain/risc-v embedded gcc/bin/../lib/gcc/riscv-none-embed/8.2.0/../../../../riscv-none-embed/lib/rv32imafcxw/ilp32f\libg_nano.a(lib_a-fflush.o)
                0x0000000000006a8a                __sflush_r
 .text._fflush_r
                0x0000000000006bbc       0x66 d:/mounriver/mounriver_studio2/resources/app/resources/win32/components/wch/toolchain/risc-v embedded gcc/bin/../lib/gcc/riscv-none-embed/8.2.0/../../../../riscv-none-embed/lib/rv32imafcxw/ilp32f\libg_nano.a(lib_a-fflush.o)
                0x0000000000006bbc                _fflush_r
 .text.std      0x0000000000006c22       0x66 d:/mounriver/mounriver_studio2/resources/app/resources/win32/components/wch/toolchain/risc-v embedded gcc/bin/../lib/gcc/riscv-none-embed/8.2.0/../../../../riscv-none-embed/lib/rv32imafcxw/ilp32f\libg_nano.a(lib_a-findfp.o)
 .text._cleanup_r
                0x0000000000006c88        0xa d:/mounriver/mounriver_studio2/resources/app/resources/win32/components/wch/toolchain/risc-v embedded gcc/bin/../lib/gcc/riscv-none-embed/8.2.0/../../../../riscv-none-embed/lib/rv32imafcxw/ilp32f\libg_nano.a(lib_a-findfp.o)
                0x0000000000006c88                _cleanup_r
 .text.__sfmoreglue
                0x0000000000006c92       0x48 d:/mounriver/mounriver_studio2/resources/app/resources/win32/components/wch/toolchain/risc-v embedded gcc/bin/../lib/gcc/riscv-none-embed/8.2.0/../../../../riscv-none-embed/lib/rv32imafcxw/ilp32f\libg_nano.a(lib_a-findfp.o)
                0x0000000000006c92                __sfmoreglue
 .text.__sinit  0x0000000000006cda       0x6c d:/mounriver/mounriver_studio2/resources/app/resources/win32/components/wch/toolchain/risc-v embedded gcc/bin/../lib/gcc/riscv-none-embed/8.2.0/../../../../riscv-none-embed/lib/rv32imafcxw/ilp32f\libg_nano.a(lib_a-findfp.o)
                0x0000000000006cda                __sinit
 .text.__sfp    0x0000000000006d46       0xa0 d:/mounriver/mounriver_studio2/resources/app/resources/win32/components/wch/toolchain/risc-v embedded gcc/bin/../lib/gcc/riscv-none-embed/8.2.0/../../../../riscv-none-embed/lib/rv32imafcxw/ilp32f\libg_nano.a(lib_a-findfp.o)
                0x0000000000006d46                __sfp
 .text._fwalk_reent
                0x0000000000006de6       0x6a d:/mounriver/mounriver_studio2/resources/app/resources/win32/components/wch/toolchain/risc-v embedded gcc/bin/../lib/gcc/riscv-none-embed/8.2.0/../../../../riscv-none-embed/lib/rv32imafcxw/ilp32f\libg_nano.a(lib_a-fwalk.o)
                0x0000000000006de6                _fwalk_reent
 .text._localeconv_r
                0x0000000000006e50       0x18 d:/mounriver/mounriver_studio2/resources/app/resources/win32/components/wch/toolchain/risc-v embedded gcc/bin/../lib/gcc/riscv-none-embed/8.2.0/../../../../riscv-none-embed/lib/rv32imafcxw/ilp32f\libg_nano.a(lib_a-localeconv.o)
                0x0000000000006e50                _localeconv_r
 .text.__swhatbuf_r
                0x0000000000006e68       0x58 d:/mounriver/mounriver_studio2/resources/app/resources/win32/components/wch/toolchain/risc-v embedded gcc/bin/../lib/gcc/riscv-none-embed/8.2.0/../../../../riscv-none-embed/lib/rv32imafcxw/ilp32f\libg_nano.a(lib_a-makebuf.o)
                0x0000000000006e68                __swhatbuf_r
 .text.__smakebuf_r
                0x0000000000006ec0       0x94 d:/mounriver/mounriver_studio2/resources/app/resources/win32/components/wch/toolchain/risc-v embedded gcc/bin/../lib/gcc/riscv-none-embed/8.2.0/../../../../riscv-none-embed/lib/rv32imafcxw/ilp32f\libg_nano.a(lib_a-makebuf.o)
                0x0000000000006ec0                __smakebuf_r
 .text.malloc   0x0000000000006f54        0xc d:/mounriver/mounriver_studio2/resources/app/resources/win32/components/wch/toolchain/risc-v embedded gcc/bin/../lib/gcc/riscv-none-embed/8.2.0/../../../../riscv-none-embed/lib/rv32imafcxw/ilp32f\libg_nano.a(lib_a-malloc.o)
                0x0000000000006f54                malloc
 .text.memchr   0x0000000000006f60       0x18 d:/mounriver/mounriver_studio2/resources/app/resources/win32/components/wch/toolchain/risc-v embedded gcc/bin/../lib/gcc/riscv-none-embed/8.2.0/../../../../riscv-none-embed/lib/rv32imafcxw/ilp32f\libg_nano.a(lib_a-memchr.o)
                0x0000000000006f60                memchr
 .text._Balloc  0x0000000000006f78       0x88 d:/mounriver/mounriver_studio2/resources/app/resources/win32/components/wch/toolchain/risc-v embedded gcc/bin/../lib/gcc/riscv-none-embed/8.2.0/../../../../riscv-none-embed/lib/rv32imafcxw/ilp32f\libg_nano.a(lib_a-mprec.o)
                0x0000000000006f78                _Balloc
 .text._Bfree   0x0000000000007000       0x44 d:/mounriver/mounriver_studio2/resources/app/resources/win32/components/wch/toolchain/risc-v embedded gcc/bin/../lib/gcc/riscv-none-embed/8.2.0/../../../../riscv-none-embed/lib/rv32imafcxw/ilp32f\libg_nano.a(lib_a-mprec.o)
                0x0000000000007000                _Bfree
 .text.__multadd
                0x0000000000007044       0x98 d:/mounriver/mounriver_studio2/resources/app/resources/win32/components/wch/toolchain/risc-v embedded gcc/bin/../lib/gcc/riscv-none-embed/8.2.0/../../../../riscv-none-embed/lib/rv32imafcxw/ilp32f\libg_nano.a(lib_a-mprec.o)
                0x0000000000007044                __multadd
 .text.__hi0bits
                0x00000000000070dc       0x46 d:/mounriver/mounriver_studio2/resources/app/resources/win32/components/wch/toolchain/risc-v embedded gcc/bin/../lib/gcc/riscv-none-embed/8.2.0/../../../../riscv-none-embed/lib/rv32imafcxw/ilp32f\libg_nano.a(lib_a-mprec.o)
                0x00000000000070dc                __hi0bits
 .text.__lo0bits
                0x0000000000007122       0x6a d:/mounriver/mounriver_studio2/resources/app/resources/win32/components/wch/toolchain/risc-v embedded gcc/bin/../lib/gcc/riscv-none-embed/8.2.0/../../../../riscv-none-embed/lib/rv32imafcxw/ilp32f\libg_nano.a(lib_a-mprec.o)
                0x0000000000007122                __lo0bits
 .text.__i2b    0x000000000000718c       0x1c d:/mounriver/mounriver_studio2/resources/app/resources/win32/components/wch/toolchain/risc-v embedded gcc/bin/../lib/gcc/riscv-none-embed/8.2.0/../../../../riscv-none-embed/lib/rv32imafcxw/ilp32f\libg_nano.a(lib_a-mprec.o)
                0x000000000000718c                __i2b
 .text.__multiply
                0x00000000000071a8      0x144 d:/mounriver/mounriver_studio2/resources/app/resources/win32/components/wch/toolchain/risc-v embedded gcc/bin/../lib/gcc/riscv-none-embed/8.2.0/../../../../riscv-none-embed/lib/rv32imafcxw/ilp32f\libg_nano.a(lib_a-mprec.o)
                0x00000000000071a8                __multiply
 .text.__pow5mult
                0x00000000000072ec       0xbe d:/mounriver/mounriver_studio2/resources/app/resources/win32/components/wch/toolchain/risc-v embedded gcc/bin/../lib/gcc/riscv-none-embed/8.2.0/../../../../riscv-none-embed/lib/rv32imafcxw/ilp32f\libg_nano.a(lib_a-mprec.o)
                0x00000000000072ec                __pow5mult
 .text.__lshift
                0x00000000000073aa       0xce d:/mounriver/mounriver_studio2/resources/app/resources/win32/components/wch/toolchain/risc-v embedded gcc/bin/../lib/gcc/riscv-none-embed/8.2.0/../../../../riscv-none-embed/lib/rv32imafcxw/ilp32f\libg_nano.a(lib_a-mprec.o)
                0x00000000000073aa                __lshift
 .text.__mcmp   0x0000000000007478       0x32 d:/mounriver/mounriver_studio2/resources/app/resources/win32/components/wch/toolchain/risc-v embedded gcc/bin/../lib/gcc/riscv-none-embed/8.2.0/../../../../riscv-none-embed/lib/rv32imafcxw/ilp32f\libg_nano.a(lib_a-mprec.o)
                0x0000000000007478                __mcmp
 .text.__mdiff  0x00000000000074aa       0xf2 d:/mounriver/mounriver_studio2/resources/app/resources/win32/components/wch/toolchain/risc-v embedded gcc/bin/../lib/gcc/riscv-none-embed/8.2.0/../../../../riscv-none-embed/lib/rv32imafcxw/ilp32f\libg_nano.a(lib_a-mprec.o)
                0x00000000000074aa                __mdiff
 .text.__d2b    0x000000000000759c       0xd4 d:/mounriver/mounriver_studio2/resources/app/resources/win32/components/wch/toolchain/risc-v embedded gcc/bin/../lib/gcc/riscv-none-embed/8.2.0/../../../../riscv-none-embed/lib/rv32imafcxw/ilp32f\libg_nano.a(lib_a-mprec.o)
                0x000000000000759c                __d2b
 .text._calloc_r
                0x0000000000007670       0x26 d:/mounriver/mounriver_studio2/resources/app/resources/win32/components/wch/toolchain/risc-v embedded gcc/bin/../lib/gcc/riscv-none-embed/8.2.0/../../../../riscv-none-embed/lib/rv32imafcxw/ilp32f\libg_nano.a(lib_a-nano-callocr.o)
                0x0000000000007670                _calloc_r
 .text._free_r  0x0000000000007696       0xa8 d:/mounriver/mounriver_studio2/resources/app/resources/win32/components/wch/toolchain/risc-v embedded gcc/bin/../lib/gcc/riscv-none-embed/8.2.0/../../../../riscv-none-embed/lib/rv32imafcxw/ilp32f\libg_nano.a(lib_a-nano-freer.o)
                0x0000000000007696                _free_r
 .text._malloc_r
                0x000000000000773e       0xd4 d:/mounriver/mounriver_studio2/resources/app/resources/win32/components/wch/toolchain/risc-v embedded gcc/bin/../lib/gcc/riscv-none-embed/8.2.0/../../../../riscv-none-embed/lib/rv32imafcxw/ilp32f\libg_nano.a(lib_a-nano-mallocr.o)
                0x000000000000773e                _malloc_r
 .text.__ssputs_r
                0x0000000000007812       0xe4 d:/mounriver/mounriver_studio2/resources/app/resources/win32/components/wch/toolchain/risc-v embedded gcc/bin/../lib/gcc/riscv-none-embed/8.2.0/../../../../riscv-none-embed/lib/rv32imafcxw/ilp32f\libg_nano.a(lib_a-nano-svfprintf.o)
                0x0000000000007812                __ssputs_r
 .text._svfprintf_r
                0x00000000000078f6      0x268 d:/mounriver/mounriver_studio2/resources/app/resources/win32/components/wch/toolchain/risc-v embedded gcc/bin/../lib/gcc/riscv-none-embed/8.2.0/../../../../riscv-none-embed/lib/rv32imafcxw/ilp32f\libg_nano.a(lib_a-nano-svfprintf.o)
                0x00000000000078f6                _svfiprintf_r
                0x00000000000078f6                _svfprintf_r
 .text.__sfputc_r
                0x0000000000007b5e       0x28 d:/mounriver/mounriver_studio2/resources/app/resources/win32/components/wch/toolchain/risc-v embedded gcc/bin/../lib/gcc/riscv-none-embed/8.2.0/../../../../riscv-none-embed/lib/rv32imafcxw/ilp32f\libg_nano.a(lib_a-nano-vfprintf.o)
 .text.__sfputs_r
                0x0000000000007b86       0x42 d:/mounriver/mounriver_studio2/resources/app/resources/win32/components/wch/toolchain/risc-v embedded gcc/bin/../lib/gcc/riscv-none-embed/8.2.0/../../../../riscv-none-embed/lib/rv32imafcxw/ilp32f\libg_nano.a(lib_a-nano-vfprintf.o)
                0x0000000000007b86                __sfputs_r
 .text._vfprintf_r
                0x0000000000007bc8      0x28c d:/mounriver/mounriver_studio2/resources/app/resources/win32/components/wch/toolchain/risc-v embedded gcc/bin/../lib/gcc/riscv-none-embed/8.2.0/../../../../riscv-none-embed/lib/rv32imafcxw/ilp32f\libg_nano.a(lib_a-nano-vfprintf.o)
                0x0000000000007bc8                _vfprintf_r
                0x0000000000007bc8                _vfiprintf_r
 .text._sbrk_r  0x0000000000007e54       0x32 d:/mounriver/mounriver_studio2/resources/app/resources/win32/components/wch/toolchain/risc-v embedded gcc/bin/../lib/gcc/riscv-none-embed/8.2.0/../../../../riscv-none-embed/lib/rv32imafcxw/ilp32f\libg_nano.a(lib_a-sbrkr.o)
                0x0000000000007e54                _sbrk_r
 .text.__sread  0x0000000000007e86       0x2c d:/mounriver/mounriver_studio2/resources/app/resources/win32/components/wch/toolchain/risc-v embedded gcc/bin/../lib/gcc/riscv-none-embed/8.2.0/../../../../riscv-none-embed/lib/rv32imafcxw/ilp32f\libg_nano.a(lib_a-stdio.o)
                0x0000000000007e86                __sread
 .text.__swrite
                0x0000000000007eb2       0x48 d:/mounriver/mounriver_studio2/resources/app/resources/win32/components/wch/toolchain/risc-v embedded gcc/bin/../lib/gcc/riscv-none-embed/8.2.0/../../../../riscv-none-embed/lib/rv32imafcxw/ilp32f\libg_nano.a(lib_a-stdio.o)
                0x0000000000007eb2                __swrite
 .text.__sseek  0x0000000000007efa       0x30 d:/mounriver/mounriver_studio2/resources/app/resources/win32/components/wch/toolchain/risc-v embedded gcc/bin/../lib/gcc/riscv-none-embed/8.2.0/../../../../riscv-none-embed/lib/rv32imafcxw/ilp32f\libg_nano.a(lib_a-stdio.o)
                0x0000000000007efa                __sseek
 .text.__sclose
                0x0000000000007f2a        0x6 d:/mounriver/mounriver_studio2/resources/app/resources/win32/components/wch/toolchain/risc-v embedded gcc/bin/../lib/gcc/riscv-none-embed/8.2.0/../../../../riscv-none-embed/lib/rv32imafcxw/ilp32f\libg_nano.a(lib_a-stdio.o)
                0x0000000000007f2a                __sclose
 .text._write_r
                0x0000000000007f30       0x36 d:/mounriver/mounriver_studio2/resources/app/resources/win32/components/wch/toolchain/risc-v embedded gcc/bin/../lib/gcc/riscv-none-embed/8.2.0/../../../../riscv-none-embed/lib/rv32imafcxw/ilp32f\libg_nano.a(lib_a-writer.o)
                0x0000000000007f30                _write_r
 .text._close_r
                0x0000000000007f66       0x32 d:/mounriver/mounriver_studio2/resources/app/resources/win32/components/wch/toolchain/risc-v embedded gcc/bin/../lib/gcc/riscv-none-embed/8.2.0/../../../../riscv-none-embed/lib/rv32imafcxw/ilp32f\libg_nano.a(lib_a-closer.o)
                0x0000000000007f66                _close_r
 .text._fstat_r
                0x0000000000007f98       0x34 d:/mounriver/mounriver_studio2/resources/app/resources/win32/components/wch/toolchain/risc-v embedded gcc/bin/../lib/gcc/riscv-none-embed/8.2.0/../../../../riscv-none-embed/lib/rv32imafcxw/ilp32f\libg_nano.a(lib_a-fstatr.o)
                0x0000000000007f98                _fstat_r
 .text._isatty_r
                0x0000000000007fcc       0x32 d:/mounriver/mounriver_studio2/resources/app/resources/win32/components/wch/toolchain/risc-v embedded gcc/bin/../lib/gcc/riscv-none-embed/8.2.0/../../../../riscv-none-embed/lib/rv32imafcxw/ilp32f\libg_nano.a(lib_a-isattyr.o)
                0x0000000000007fcc                _isatty_r
 .text._lseek_r
                0x0000000000007ffe       0x36 d:/mounriver/mounriver_studio2/resources/app/resources/win32/components/wch/toolchain/risc-v embedded gcc/bin/../lib/gcc/riscv-none-embed/8.2.0/../../../../riscv-none-embed/lib/rv32imafcxw/ilp32f\libg_nano.a(lib_a-lseekr.o)
                0x0000000000007ffe                _lseek_r
 .text.__ascii_mbtowc
                0x0000000000008034       0x32 d:/mounriver/mounriver_studio2/resources/app/resources/win32/components/wch/toolchain/risc-v embedded gcc/bin/../lib/gcc/riscv-none-embed/8.2.0/../../../../riscv-none-embed/lib/rv32imafcxw/ilp32f\libg_nano.a(lib_a-mbtowc_r.o)
                0x0000000000008034                __ascii_mbtowc
 .text.memmove  0x0000000000008066       0x46 d:/mounriver/mounriver_studio2/resources/app/resources/win32/components/wch/toolchain/risc-v embedded gcc/bin/../lib/gcc/riscv-none-embed/8.2.0/../../../../riscv-none-embed/lib/rv32imafcxw/ilp32f\libg_nano.a(lib_a-memmove.o)
                0x0000000000008066                memmove
 .text.__malloc_lock
                0x00000000000080ac        0x2 d:/mounriver/mounriver_studio2/resources/app/resources/win32/components/wch/toolchain/risc-v embedded gcc/bin/../lib/gcc/riscv-none-embed/8.2.0/../../../../riscv-none-embed/lib/rv32imafcxw/ilp32f\libg_nano.a(lib_a-mlock.o)
                0x00000000000080ac                __malloc_lock
 .text.__malloc_unlock
                0x00000000000080ae        0x2 d:/mounriver/mounriver_studio2/resources/app/resources/win32/components/wch/toolchain/risc-v embedded gcc/bin/../lib/gcc/riscv-none-embed/8.2.0/../../../../riscv-none-embed/lib/rv32imafcxw/ilp32f\libg_nano.a(lib_a-mlock.o)
                0x00000000000080ae                __malloc_unlock
 .text._realloc_r
                0x00000000000080b0       0x58 d:/mounriver/mounriver_studio2/resources/app/resources/win32/components/wch/toolchain/risc-v embedded gcc/bin/../lib/gcc/riscv-none-embed/8.2.0/../../../../riscv-none-embed/lib/rv32imafcxw/ilp32f\libg_nano.a(lib_a-nano-reallocr.o)
                0x00000000000080b0                _realloc_r
 .text._read_r  0x0000000000008108       0x36 d:/mounriver/mounriver_studio2/resources/app/resources/win32/components/wch/toolchain/risc-v embedded gcc/bin/../lib/gcc/riscv-none-embed/8.2.0/../../../../riscv-none-embed/lib/rv32imafcxw/ilp32f\libg_nano.a(lib_a-readr.o)
                0x0000000000008108                _read_r
 .text.__ascii_wctomb
                0x000000000000813e       0x1e d:/mounriver/mounriver_studio2/resources/app/resources/win32/components/wch/toolchain/risc-v embedded gcc/bin/../lib/gcc/riscv-none-embed/8.2.0/../../../../riscv-none-embed/lib/rv32imafcxw/ilp32f\libg_nano.a(lib_a-wctomb_r.o)
                0x000000000000813e                __ascii_wctomb
 .text._malloc_usable_size_r
                0x000000000000815c       0x14 d:/mounriver/mounriver_studio2/resources/app/resources/win32/components/wch/toolchain/risc-v embedded gcc/bin/../lib/gcc/riscv-none-embed/8.2.0/../../../../riscv-none-embed/lib/rv32imafcxw/ilp32f\libg_nano.a(lib_a-nano-msizer.o)
                0x000000000000815c                _malloc_usable_size_r
 .text.__adddf3
                0x0000000000008170      0xa0e d:/mounriver/mounriver_studio2/resources/app/resources/win32/components/wch/toolchain/risc-v embedded gcc/bin/../lib/gcc/riscv-none-embed/8.2.0/rv32imafcxw/ilp32f\libgcc.a(adddf3.o)
                0x0000000000008170                __adddf3
 .text.__divdf3
                0x0000000000008b7e      0x7ea d:/mounriver/mounriver_studio2/resources/app/resources/win32/components/wch/toolchain/risc-v embedded gcc/bin/../lib/gcc/riscv-none-embed/8.2.0/rv32imafcxw/ilp32f\libgcc.a(divdf3.o)
                0x0000000000008b7e                __divdf3
 .text.__eqdf2  0x0000000000009368       0x98 d:/mounriver/mounriver_studio2/resources/app/resources/win32/components/wch/toolchain/risc-v embedded gcc/bin/../lib/gcc/riscv-none-embed/8.2.0/rv32imafcxw/ilp32f\libgcc.a(eqdf2.o)
                0x0000000000009368                __nedf2
                0x0000000000009368                __eqdf2
 .text.__gedf2  0x0000000000009400       0xb6 d:/mounriver/mounriver_studio2/resources/app/resources/win32/components/wch/toolchain/risc-v embedded gcc/bin/../lib/gcc/riscv-none-embed/8.2.0/rv32imafcxw/ilp32f\libgcc.a(gedf2.o)
                0x0000000000009400                __gedf2
                0x0000000000009400                __gtdf2
 .text.__ledf2  0x00000000000094b6       0xb6 d:/mounriver/mounriver_studio2/resources/app/resources/win32/components/wch/toolchain/risc-v embedded gcc/bin/../lib/gcc/riscv-none-embed/8.2.0/rv32imafcxw/ilp32f\libgcc.a(ledf2.o)
                0x00000000000094b6                __ledf2
                0x00000000000094b6                __ltdf2
 .text.__muldf3
                0x000000000000956c      0x656 d:/mounriver/mounriver_studio2/resources/app/resources/win32/components/wch/toolchain/risc-v embedded gcc/bin/../lib/gcc/riscv-none-embed/8.2.0/rv32imafcxw/ilp32f\libgcc.a(muldf3.o)
                0x000000000000956c                __muldf3
 .text.__subdf3
                0x0000000000009bc2      0xa8c d:/mounriver/mounriver_studio2/resources/app/resources/win32/components/wch/toolchain/risc-v embedded gcc/bin/../lib/gcc/riscv-none-embed/8.2.0/rv32imafcxw/ilp32f\libgcc.a(subdf3.o)
                0x0000000000009bc2                __subdf3
 .text.__unorddf2
                0x000000000000a64e       0x7c d:/mounriver/mounriver_studio2/resources/app/resources/win32/components/wch/toolchain/risc-v embedded gcc/bin/../lib/gcc/riscv-none-embed/8.2.0/rv32imafcxw/ilp32f\libgcc.a(unorddf2.o)
                0x000000000000a64e                __unorddf2
 .text.__fixdfsi
                0x000000000000a6ca       0xd8 d:/mounriver/mounriver_studio2/resources/app/resources/win32/components/wch/toolchain/risc-v embedded gcc/bin/../lib/gcc/riscv-none-embed/8.2.0/rv32imafcxw/ilp32f\libgcc.a(fixdfsi.o)
                0x000000000000a6ca                __fixdfsi
 .text.__floatsidf
                0x000000000000a7a2       0x72 d:/mounriver/mounriver_studio2/resources/app/resources/win32/components/wch/toolchain/risc-v embedded gcc/bin/../lib/gcc/riscv-none-embed/8.2.0/rv32imafcxw/ilp32f\libgcc.a(floatsidf.o)
                0x000000000000a7a2                __floatsidf
 .text.__floatunsidf
                0x000000000000a814       0x68 d:/mounriver/mounriver_studio2/resources/app/resources/win32/components/wch/toolchain/risc-v embedded gcc/bin/../lib/gcc/riscv-none-embed/8.2.0/rv32imafcxw/ilp32f\libgcc.a(floatunsidf.o)
                0x000000000000a814                __floatunsidf
 .text.__trunctfdf2
                0x000000000000a87c      0x3d0 d:/mounriver/mounriver_studio2/resources/app/resources/win32/components/wch/toolchain/risc-v embedded gcc/bin/../lib/gcc/riscv-none-embed/8.2.0/rv32imafcxw/ilp32f\libgcc.a(trunctfdf2.o)
                0x000000000000a87c                __trunctfdf2
 .text._close   0x000000000000ac4c       0x10 d:/mounriver/mounriver_studio2/resources/app/resources/win32/components/wch/toolchain/risc-v embedded gcc/bin/../lib/gcc/riscv-none-embed/8.2.0/../../../../riscv-none-embed/lib/rv32imafcxw/ilp32f\libnosys.a(close.o)
                0x000000000000ac4c                _close
 .text._fstat   0x000000000000ac5c       0x10 d:/mounriver/mounriver_studio2/resources/app/resources/win32/components/wch/toolchain/risc-v embedded gcc/bin/../lib/gcc/riscv-none-embed/8.2.0/../../../../riscv-none-embed/lib/rv32imafcxw/ilp32f\libnosys.a(fstat.o)
                0x000000000000ac5c                _fstat
 .text._isatty  0x000000000000ac6c       0x10 d:/mounriver/mounriver_studio2/resources/app/resources/win32/components/wch/toolchain/risc-v embedded gcc/bin/../lib/gcc/riscv-none-embed/8.2.0/../../../../riscv-none-embed/lib/rv32imafcxw/ilp32f\libnosys.a(isatty.o)
                0x000000000000ac6c                _isatty
 .text._lseek   0x000000000000ac7c       0x10 d:/mounriver/mounriver_studio2/resources/app/resources/win32/components/wch/toolchain/risc-v embedded gcc/bin/../lib/gcc/riscv-none-embed/8.2.0/../../../../riscv-none-embed/lib/rv32imafcxw/ilp32f\libnosys.a(lseek.o)
                0x000000000000ac7c                _lseek
 .text._read    0x000000000000ac8c       0x10 d:/mounriver/mounriver_studio2/resources/app/resources/win32/components/wch/toolchain/risc-v embedded gcc/bin/../lib/gcc/riscv-none-embed/8.2.0/../../../../riscv-none-embed/lib/rv32imafcxw/ilp32f\libnosys.a(read.o)
                0x000000000000ac8c                _read
 *(.rodata)
 *(.rodata*)
 *fill*         0x000000000000ac9c        0x0 
 .rodata.gpio_init
                0x000000000000ac9c       0x2c ./User/com.o
 .rodata.B1uart_task.str1.4
                0x000000000000acc8       0x11 ./User/main.o
 *fill*         0x000000000000acd9        0x3 
 .rodata.create_task.str1.4
                0x000000000000acdc      0x1a2 ./User/main.o
 *fill*         0x000000000000ae7e        0x2 
 .rodata.key_task.cst4
                0x000000000000ae80        0x4 ./User/main.o
 .rodata.lcd_task.cst4
                0x000000000000ae84        0xc ./User/main.o
 .rodata.lcd_task.str1.4
                0x000000000000ae90       0x6c ./User/main.o
 .rodata.log_task.str1.4
                0x000000000000aefc        0x5 ./User/main.o
 *fill*         0x000000000000af01        0x3 
 .rodata.main.str1.4
                0x000000000000af04       0x70 ./User/main.o
 .rodata.max30102_task.str1.4
                0x000000000000af74       0x2a ./User/main.o
 *fill*         0x000000000000af9e        0x2 
 .rodata.mq2_task.str1.4
                0x000000000000afa0       0x10 ./User/main.o
 .rodata.sht31_task.str1.4
                0x000000000000afb0       0x37 ./User/main.o
 .rodata.Take_Temperature.cst4
                0x000000000000afe7        0x4 ./Hardware/Src/B1uart.o
 *fill*         0x000000000000afe7        0x1 
 .rodata.auw_hamm
                0x000000000000afe8       0x3e ./Hardware/Src/algorithm.o
                0x000000000000afe8                auw_hamm
 *fill*         0x000000000000b026        0x2 
 .rodata.uch_spo2_table
                0x000000000000b028       0xb8 ./Hardware/Src/algorithm.o
                0x000000000000b028                uch_spo2_table
 .rodata.CSWTCH.54
                0x000000000000b0e0       0xd4 ./Hardware/Src/lcd.o
 .rodata.CSWTCH.55
                0x000000000000b1b4       0x34 ./Hardware/Src/lcd.o
 .rodata.MAX30102_Init.str1.4
                0x000000000000b1e8       0x18 ./Hardware/Src/max30102.o
 .rodata.LowPassFilter.cst4
                0x000000000000b200        0x8 ./Hardware/Src/max30102_app.o
 .rodata.Process_And_Display_Data.str1.4
                0x000000000000b208       0x1a ./Hardware/Src/max30102_app.o
 *fill*         0x000000000000b222        0x2 
 .rodata.MQ2_ReadData.cst4
                0x000000000000b224        0xc ./Hardware/Src/mq2.o
 .rodata.Servo_SetAngle.cst4
                0x000000000000b230        0xc ./Hardware/Src/servo.o
 .rodata.SHT31_ReadData.cst4
                0x000000000000b23c        0xc ./Hardware/Src/sht31.o
                                         0x10 (size before relaxing)
 .rodata.pvPortMalloc.str1.4
                0x000000000000b248       0x49 ./FreeRTOS/portable/MemMang/heap_4.o
 *fill*         0x000000000000b291        0x3 
 .rodata.xPortStartScheduler.str1.4
                0x000000000000b294       0x27 ./FreeRTOS/portable/GCC/RISC-V/port.o
                                         0x49 (size before relaxing)
 *fill*         0x000000000000b2bb        0x1 
 .rodata.xQueueGenericReset.str1.4
                0x000000000000b2bc       0x14 ./FreeRTOS/queue.o
                                         0x35 (size before relaxing)
 .rodata.prvTaskIsTaskSuspended.str1.4
                0x000000000000b2d0       0x14 ./FreeRTOS/tasks.o
                                         0x35 (size before relaxing)
 .rodata.vTaskStartScheduler.str1.4
                0x000000000000b2e4        0x5 ./FreeRTOS/tasks.o
 *fill*         0x000000000000b2e9        0x3 
 .rodata.prvTimerTask
                0x000000000000b2ec       0x24 ./FreeRTOS/timers.o
 .rodata.prvCheckForValidListAndQueue.str1.4
                0x000000000000b310        0x5 ./FreeRTOS/timers.o
 *fill*         0x000000000000b315        0x3 
 .rodata.prvTimerTask.str1.4
                0x000000000000b318       0x15 ./FreeRTOS/timers.o
                                         0x39 (size before relaxing)
 *fill*         0x000000000000b32d        0x3 
 .rodata.xTimerCreateTimerTask.str1.4
                0x000000000000b330        0x8 ./FreeRTOS/timers.o
 .rodata.__clz_tab
                0x000000000000b338      0x100 d:/mounriver/mounriver_studio2/resources/app/resources/win32/components/wch/toolchain/risc-v embedded gcc/bin/../lib/gcc/riscv-none-embed/8.2.0/rv32imafcxw/ilp32f\libgcc.a(_clz.o)
                0x000000000000b338                __clz_tab
 *fill*         0x000000000000b438        0x0 
 .rodata._printf_float.cst8
                0x000000000000b438        0x8 d:/mounriver/mounriver_studio2/resources/app/resources/win32/components/wch/toolchain/risc-v embedded gcc/bin/../lib/gcc/riscv-none-embed/8.2.0/../../../../riscv-none-embed/lib/rv32imafcxw/ilp32f\libg_nano.a(lib_a-nano-vfprintf_float.o)
 .rodata._printf_float.str1.4
                0x000000000000b440       0x12 d:/mounriver/mounriver_studio2/resources/app/resources/win32/components/wch/toolchain/risc-v embedded gcc/bin/../lib/gcc/riscv-none-embed/8.2.0/../../../../riscv-none-embed/lib/rv32imafcxw/ilp32f\libg_nano.a(lib_a-nano-vfprintf_float.o)
 *fill*         0x000000000000b452        0x2 
 .rodata._printf_i.str1.4
                0x000000000000b454       0x25 d:/mounriver/mounriver_studio2/resources/app/resources/win32/components/wch/toolchain/risc-v embedded gcc/bin/../lib/gcc/riscv-none-embed/8.2.0/../../../../riscv-none-embed/lib/rv32imafcxw/ilp32f\libg_nano.a(lib_a-nano-vfprintf_i.o)
 *fill*         0x000000000000b479        0x7 
 .rodata._dtoa_r.cst8
                0x000000000000b480       0x48 d:/mounriver/mounriver_studio2/resources/app/resources/win32/components/wch/toolchain/risc-v embedded gcc/bin/../lib/gcc/riscv-none-embed/8.2.0/../../../../riscv-none-embed/lib/rv32imafcxw/ilp32f\libg_nano.a(lib_a-dtoa.o)
 .rodata._dtoa_r.str1.4
                0x000000000000b4c8       0x10 d:/mounriver/mounriver_studio2/resources/app/resources/win32/components/wch/toolchain/risc-v embedded gcc/bin/../lib/gcc/riscv-none-embed/8.2.0/../../../../riscv-none-embed/lib/rv32imafcxw/ilp32f\libg_nano.a(lib_a-dtoa.o)
                                         0x12 (size before relaxing)
 .rodata.__sf_fake_stderr
                0x000000000000b4d8       0x20 d:/mounriver/mounriver_studio2/resources/app/resources/win32/components/wch/toolchain/risc-v embedded gcc/bin/../lib/gcc/riscv-none-embed/8.2.0/../../../../riscv-none-embed/lib/rv32imafcxw/ilp32f\libg_nano.a(lib_a-findfp.o)
                0x000000000000b4d8                __sf_fake_stderr
 .rodata.__sf_fake_stdin
                0x000000000000b4f8       0x20 d:/mounriver/mounriver_studio2/resources/app/resources/win32/components/wch/toolchain/risc-v embedded gcc/bin/../lib/gcc/riscv-none-embed/8.2.0/../../../../riscv-none-embed/lib/rv32imafcxw/ilp32f\libg_nano.a(lib_a-findfp.o)
                0x000000000000b4f8                __sf_fake_stdin
 .rodata.__sf_fake_stdout
                0x000000000000b518       0x20 d:/mounriver/mounriver_studio2/resources/app/resources/win32/components/wch/toolchain/risc-v embedded gcc/bin/../lib/gcc/riscv-none-embed/8.2.0/../../../../riscv-none-embed/lib/rv32imafcxw/ilp32f\libg_nano.a(lib_a-findfp.o)
                0x000000000000b518                __sf_fake_stdout
 .rodata.__mprec_bigtens
                0x000000000000b538       0x28 d:/mounriver/mounriver_studio2/resources/app/resources/win32/components/wch/toolchain/risc-v embedded gcc/bin/../lib/gcc/riscv-none-embed/8.2.0/../../../../riscv-none-embed/lib/rv32imafcxw/ilp32f\libg_nano.a(lib_a-mprec.o)
                0x000000000000b538                __mprec_bigtens
 .rodata.__mprec_tens
                0x000000000000b560       0xc8 d:/mounriver/mounriver_studio2/resources/app/resources/win32/components/wch/toolchain/risc-v embedded gcc/bin/../lib/gcc/riscv-none-embed/8.2.0/../../../../riscv-none-embed/lib/rv32imafcxw/ilp32f\libg_nano.a(lib_a-mprec.o)
                0x000000000000b560                __mprec_tens
 .rodata.p05.3321
                0x000000000000b628        0xc d:/mounriver/mounriver_studio2/resources/app/resources/win32/components/wch/toolchain/risc-v embedded gcc/bin/../lib/gcc/riscv-none-embed/8.2.0/../../../../riscv-none-embed/lib/rv32imafcxw/ilp32f\libg_nano.a(lib_a-mprec.o)
 .rodata._svfprintf_r.str1.4
                0x000000000000b634       0x13 d:/mounriver/mounriver_studio2/resources/app/resources/win32/components/wch/toolchain/risc-v embedded gcc/bin/../lib/gcc/riscv-none-embed/8.2.0/../../../../riscv-none-embed/lib/rv32imafcxw/ilp32f\libg_nano.a(lib_a-nano-svfprintf.o)
 .rodata._vfprintf_r.str1.4
                0x000000000000b647       0x13 d:/mounriver/mounriver_studio2/resources/app/resources/win32/components/wch/toolchain/risc-v embedded gcc/bin/../lib/gcc/riscv-none-embed/8.2.0/../../../../riscv-none-embed/lib/rv32imafcxw/ilp32f\libg_nano.a(lib_a-nano-vfprintf.o)
 *fill*         0x000000000000b647        0x1 
 .rodata._setlocale_r.str1.4
                0x000000000000b648        0xa d:/mounriver/mounriver_studio2/resources/app/resources/win32/components/wch/toolchain/risc-v embedded gcc/bin/../lib/gcc/riscv-none-embed/8.2.0/../../../../riscv-none-embed/lib/rv32imafcxw/ilp32f\libg_nano.a(lib_a-locale.o)
                                          0xd (size before relaxing)
 *fill*         0x000000000000b652        0x2 
 .rodata.str1.4
                0x000000000000b654        0x4 d:/mounriver/mounriver_studio2/resources/app/resources/win32/components/wch/toolchain/risc-v embedded gcc/bin/../lib/gcc/riscv-none-embed/8.2.0/../../../../riscv-none-embed/lib/rv32imafcxw/ilp32f\libg_nano.a(lib_a-locale.o)
                                          0x2 (size before relaxing)
 .rodata._ctype_
                0x000000000000b658      0x101 d:/mounriver/mounriver_studio2/resources/app/resources/win32/components/wch/toolchain/risc-v embedded gcc/bin/../lib/gcc/riscv-none-embed/8.2.0/../../../../riscv-none-embed/lib/rv32imafcxw/ilp32f\libg_nano.a(lib_a-ctype_.o)
                0x000000000000b658                _ctype_
 *fill*         0x000000000000b759        0x3 
 .rodata.__divdf3
                0x000000000000b75c       0x40 d:/mounriver/mounriver_studio2/resources/app/resources/win32/components/wch/toolchain/risc-v embedded gcc/bin/../lib/gcc/riscv-none-embed/8.2.0/rv32imafcxw/ilp32f\libgcc.a(divdf3.o)
 .rodata.__muldf3
                0x000000000000b79c       0x40 d:/mounriver/mounriver_studio2/resources/app/resources/win32/components/wch/toolchain/risc-v embedded gcc/bin/../lib/gcc/riscv-none-embed/8.2.0/rv32imafcxw/ilp32f\libgcc.a(muldf3.o)
 *(.gnu.linkonce.t.*)
                0x000000000000b7dc                . = ALIGN (0x4)

.rela.dyn       0x000000000000b7dc        0x0
 .rela.init     0x000000000000b7dc        0x0 ./User/ch32v30x_it.o
 .rela.vector   0x000000000000b7dc        0x0 ./User/ch32v30x_it.o
 .rela.text.handle_reset
                0x000000000000b7dc        0x0 ./User/ch32v30x_it.o
 .rela.text.xPortStartScheduler
                0x000000000000b7dc        0x0 ./User/ch32v30x_it.o
 .rela.sdata2.xISRStackTop
                0x000000000000b7dc        0x0 ./User/ch32v30x_it.o
 .rela.text._sbrk
                0x000000000000b7dc        0x0 ./User/ch32v30x_it.o
 .rela.sdata.curbrk.5275
                0x000000000000b7dc        0x0 ./User/ch32v30x_it.o
 .rela.text._svfprintf_r
                0x000000000000b7dc        0x0 ./User/ch32v30x_it.o
 .rela.text._vfprintf_r
                0x000000000000b7dc        0x0 ./User/ch32v30x_it.o
 .rela.text._sbrk_r
                0x000000000000b7dc        0x0 ./User/ch32v30x_it.o
 .rela.text._write_r
                0x000000000000b7dc        0x0 ./User/ch32v30x_it.o
 .rela.text._close_r
                0x000000000000b7dc        0x0 ./User/ch32v30x_it.o
 .rela.text._fstat_r
                0x000000000000b7dc        0x0 ./User/ch32v30x_it.o
 .rela.text._isatty_r
                0x000000000000b7dc        0x0 ./User/ch32v30x_it.o
 .rela.text._lseek_r
                0x000000000000b7dc        0x0 ./User/ch32v30x_it.o
 .rela.text._read_r
                0x000000000000b7dc        0x0 ./User/ch32v30x_it.o
 .rela.text._close
                0x000000000000b7dc        0x0 ./User/ch32v30x_it.o
 .rela.text._fstat
                0x000000000000b7dc        0x0 ./User/ch32v30x_it.o
 .rela.text._isatty
                0x000000000000b7dc        0x0 ./User/ch32v30x_it.o
 .rela.text._lseek
                0x000000000000b7dc        0x0 ./User/ch32v30x_it.o
 .rela.text._read
                0x000000000000b7dc        0x0 ./User/ch32v30x_it.o

.fini           0x000000000000b7dc        0x0
 *(SORT_NONE(.fini))
                0x000000000000b7dc                . = ALIGN (0x4)
                [!provide]                        PROVIDE (_etext = .)
                [!provide]                        PROVIDE (_eitcm = .)

.preinit_array  0x000000000000b7dc        0x0
                [!provide]                        PROVIDE (__preinit_array_start = .)
 *(.preinit_array)
                [!provide]                        PROVIDE (__preinit_array_end = .)

.init_array     0x000000000000b7dc        0x0
                [!provide]                        PROVIDE (__init_array_start = .)
 *(SORT_BY_INIT_PRIORITY(.init_array.*) SORT_BY_INIT_PRIORITY(.ctors.*))
 *(.init_array EXCLUDE_FILE(*crtend?.o *crtend.o *crtbegin?.o *crtbegin.o) .ctors)
                [!provide]                        PROVIDE (__init_array_end = .)

.fini_array     0x000000000000b7dc        0x0
                [!provide]                        PROVIDE (__fini_array_start = .)
 *(SORT_BY_INIT_PRIORITY(.fini_array.*) SORT_BY_INIT_PRIORITY(.dtors.*))
 *(.fini_array EXCLUDE_FILE(*crtend?.o *crtend.o *crtbegin?.o *crtbegin.o) .dtors)
                [!provide]                        PROVIDE (__fini_array_end = .)

.ctors
 *crtbegin.o(.ctors)
 *crtbegin?.o(.ctors)
 *(EXCLUDE_FILE(*crtend?.o *crtend.o) .ctors)
 *(SORT_BY_NAME(.ctors.*))
 *(.ctors)

.dtors
 *crtbegin.o(.dtors)
 *crtbegin?.o(.dtors)
 *(EXCLUDE_FILE(*crtend?.o *crtend.o) .dtors)
 *(SORT_BY_NAME(.dtors.*))
 *(.dtors)

.dalign         0x0000000020000000        0x0 load address 0x000000000000b7dc
                0x0000000020000000                . = ALIGN (0x4)
                0x0000000020000000                PROVIDE (_data_vma = .)

.dlalign        0x000000000000b7dc        0x0
                0x000000000000b7dc                . = ALIGN (0x4)
                0x000000000000b7dc                PROVIDE (_data_lma = .)

.data           0x0000000020000000     0x1288 load address 0x000000000000b7dc
 *(.gnu.linkonce.r.*)
 *(.data .data.*)
 .data.AHBPrescTable
                0x0000000020000000       0x10 ./User/system_ch32v30x.o
                0x0000000020000000                AHBPrescTable
 .data.APBAHBPrescTable
                0x0000000020000010       0x10 ./Peripheral/src/ch32v30x_rcc.o
 .data.max30102_data
                0x0000000020000020      0xfc0 ./Hardware/Src/max30102_app.o
                0x0000000020000020                max30102_data
 .data.impure_data
                0x0000000020000fe0       0x60 d:/mounriver/mounriver_studio2/resources/app/resources/win32/components/wch/toolchain/risc-v embedded gcc/bin/../lib/gcc/riscv-none-embed/8.2.0/../../../../riscv-none-embed/lib/rv32imafcxw/ilp32f\libg_nano.a(lib_a-impure.o)
 .data.__global_locale
                0x0000000020001040      0x16c d:/mounriver/mounriver_studio2/resources/app/resources/win32/components/wch/toolchain/risc-v embedded gcc/bin/../lib/gcc/riscv-none-embed/8.2.0/../../../../riscv-none-embed/lib/rv32imafcxw/ilp32f\libg_nano.a(lib_a-locale.o)
                0x0000000020001040                __global_locale
 *(.gnu.linkonce.d.*)
                0x00000000200011b0                . = ALIGN (0x8)
 *fill*         0x00000000200011ac        0x4 
                0x00000000200019b0                PROVIDE (__global_pointer$ = (. + 0x800))
 *(.sdata .sdata.*)
 .sdata.SystemCoreClock
                0x00000000200011b0        0x4 ./User/system_ch32v30x.o
                0x00000000200011b0                SystemCoreClock
 .sdata.ADCPrescTable
                0x00000000200011b4        0x4 ./Peripheral/src/ch32v30x_rcc.o
 .sdata.command
                0x00000000200011b8        0x7 ./Hardware/Src/B1uart.o
                0x00000000200011b8                command
 *fill*         0x00000000200011bf        0x1 
 .sdata.uxCriticalNesting
                0x00000000200011c0        0x4 ./FreeRTOS/portable/GCC/RISC-V/port.o
 .sdata.uxTopUsedPriority
                0x00000000200011c4        0x4 ./FreeRTOS/tasks.o
                0x00000000200011c4                uxTopUsedPriority
 .sdata.curbrk.5275
                0x00000000200011c8        0x4 ./Debug/debug.o
 .sdata._impure_ptr
                0x00000000200011cc        0x4 d:/mounriver/mounriver_studio2/resources/app/resources/win32/components/wch/toolchain/risc-v embedded gcc/bin/../lib/gcc/riscv-none-embed/8.2.0/../../../../riscv-none-embed/lib/rv32imafcxw/ilp32f\libg_nano.a(lib_a-impure.o)
                0x00000000200011cc                _impure_ptr
 *(.sdata2.*)
 .sdata2.CSWTCH.5
                0x00000000200011d0        0x3 ./User/com.o
 *fill*         0x00000000200011d3        0x1 
 .sdata2.lcd_font_0
                0x00000000200011d4        0x8 ./Hardware/Src/lcd.o
 .sdata2.lcd_font_1
                0x00000000200011dc        0x8 ./Hardware/Src/lcd.o
 .sdata2.lcd_font_2
                0x00000000200011e4        0x8 ./Hardware/Src/lcd.o
 .sdata2.lcd_font_3
                0x00000000200011ec        0x8 ./Hardware/Src/lcd.o
 .sdata2.lcd_font_4
                0x00000000200011f4        0x8 ./Hardware/Src/lcd.o
 .sdata2.lcd_font_5
                0x00000000200011fc        0x8 ./Hardware/Src/lcd.o
 .sdata2.lcd_font_6
                0x0000000020001204        0x8 ./Hardware/Src/lcd.o
 .sdata2.lcd_font_7
                0x000000002000120c        0x8 ./Hardware/Src/lcd.o
 .sdata2.lcd_font_8
                0x0000000020001214        0x8 ./Hardware/Src/lcd.o
 .sdata2.lcd_font_9
                0x000000002000121c        0x8 ./Hardware/Src/lcd.o
 .sdata2.lcd_font_B
                0x0000000020001224        0x8 ./Hardware/Src/lcd.o
 .sdata2.lcd_font_H
                0x000000002000122c        0x8 ./Hardware/Src/lcd.o
 .sdata2.lcd_font_M
                0x0000000020001234        0x8 ./Hardware/Src/lcd.o
 .sdata2.lcd_font_Q
                0x000000002000123c        0x8 ./Hardware/Src/lcd.o
 .sdata2.lcd_font_R
                0x0000000020001244        0x8 ./Hardware/Src/lcd.o
 .sdata2.lcd_font_S
                0x000000002000124c        0x8 ./Hardware/Src/lcd.o
 .sdata2.lcd_font_T
                0x0000000020001254        0x8 ./Hardware/Src/lcd.o
 .sdata2.lcd_font_colon
                0x000000002000125c        0x8 ./Hardware/Src/lcd.o
 .sdata2.lcd_font_dash
                0x0000000020001264        0x8 ./Hardware/Src/lcd.o
 .sdata2.lcd_font_dot
                0x000000002000126c        0x8 ./Hardware/Src/lcd.o
 .sdata2.lcd_font_space
                0x0000000020001274        0x8 ./Hardware/Src/lcd.o
 .sdata2.xISRStackTop
                0x000000002000127c        0x4 ./FreeRTOS/portable/GCC/RISC-V/port.o
                0x000000002000127c                xISRStackTop
 .sdata2._global_impure_ptr
                0x0000000020001280        0x4 d:/mounriver/mounriver_studio2/resources/app/resources/win32/components/wch/toolchain/risc-v embedded gcc/bin/../lib/gcc/riscv-none-embed/8.2.0/../../../../riscv-none-embed/lib/rv32imafcxw/ilp32f\libg_nano.a(lib_a-impure.o)
                0x0000000020001280                _global_impure_ptr
 *(.gnu.linkonce.s.*)
                0x0000000020001288                . = ALIGN (0x8)
 *fill*         0x0000000020001284        0x4 
 *(.srodata.cst16)
 *(.srodata.cst8)
 *(.srodata.cst4)
 *(.srodata.cst2)
 *(.srodata .srodata.*)
                0x0000000020001288                . = ALIGN (0x4)
                0x0000000020001288                PROVIDE (_edata = .)

.bss            0x0000000020001288     0x634c load address 0x000000000000ca64
                0x0000000020001288                . = ALIGN (0x4)
                0x0000000020001288                PROVIDE (_sbss = .)
 *(.sbss*)
 .sbss.B1uart_task_Handler
                0x0000000020001288        0x4 ./User/main.o
                0x0000000020001288                B1uart_task_Handler
 .sbss.create_task_Handler
                0x000000002000128c        0x4 ./User/main.o
                0x000000002000128c                create_task_Handler
 .sbss.key_task_Handler
                0x0000000020001290        0x4 ./User/main.o
                0x0000000020001290                key_task_Handler
 .sbss.lcd_task_Handler
                0x0000000020001294        0x4 ./User/main.o
                0x0000000020001294                lcd_task_Handler
 .sbss.led_task_Handler
                0x0000000020001298        0x4 ./User/main.o
                0x0000000020001298                led_task_Handler
 .sbss.log_queue
                0x000000002000129c        0x4 ./User/main.o
                0x000000002000129c                log_queue
 .sbss.log_task_Handler
                0x00000000200012a0        0x4 ./User/main.o
                0x00000000200012a0                log_task_Handler
 .sbss.max30102_task_Handler
                0x00000000200012a4        0x4 ./User/main.o
                0x00000000200012a4                max30102_task_Handler
 .sbss.mq2_task_Handler
                0x00000000200012a8        0x4 ./User/main.o
                0x00000000200012a8                mq2_task_Handler
 .sbss.sht31_task_Handler
                0x00000000200012ac        0x4 ./User/main.o
                0x00000000200012ac                sht31_task_Handler
 .sbss.NVIC_Priority_Group
                0x00000000200012b0        0x4 ./Peripheral/src/ch32v30x_misc.o
                0x00000000200012b0                NVIC_Priority_Group
 .sbss.Body_Temp
                0x00000000200012b4        0x4 ./Hardware/Src/B1uart.o
                0x00000000200012b4                Body_Temp
 .sbss.dis_hr   0x00000000200012b8        0x1 ./Hardware/Src/max30102_app.o
                0x00000000200012b8                dis_hr
 .sbss.dis_spo2
                0x00000000200012b9        0x1 ./Hardware/Src/max30102_app.o
                0x00000000200012b9                dis_spo2
 *fill*         0x00000000200012ba        0x2 
 .sbss.hr_index
                0x00000000200012bc        0x4 ./Hardware/Src/max30102_app.o
                0x00000000200012bc                hr_index
 .sbss.spo2_index
                0x00000000200012c0        0x4 ./Hardware/Src/max30102_app.o
                0x00000000200012c0                spo2_index
 .sbss.Smoke_PPM
                0x00000000200012c4        0x4 ./Hardware/Src/mq2.o
                0x00000000200012c4                Smoke_PPM
 .sbss.hum_val  0x00000000200012c8        0x4 ./Hardware/Src/sht31.o
                0x00000000200012c8                hum_val
 .sbss.temp_val
                0x00000000200012cc        0x4 ./Hardware/Src/sht31.o
                0x00000000200012cc                temp_val
 .sbss.pxEnd    0x00000000200012d0        0x4 ./FreeRTOS/portable/MemMang/heap_4.o
 .sbss.xBlockAllocatedBit
                0x00000000200012d4        0x4 ./FreeRTOS/portable/MemMang/heap_4.o
 .sbss.xFreeBytesRemaining
                0x00000000200012d8        0x4 ./FreeRTOS/portable/MemMang/heap_4.o
 .sbss.xMinimumEverFreeBytesRemaining
                0x00000000200012dc        0x4 ./FreeRTOS/portable/MemMang/heap_4.o
 .sbss.xNumberOfSuccessfulAllocations
                0x00000000200012e0        0x4 ./FreeRTOS/portable/MemMang/heap_4.o
 .sbss.xNumberOfSuccessfulFrees
                0x00000000200012e4        0x4 ./FreeRTOS/portable/MemMang/heap_4.o
 .sbss.xStart   0x00000000200012e8        0x8 ./FreeRTOS/portable/MemMang/heap_4.o
 .sbss.pxCurrentTCB
                0x00000000200012f0        0x4 ./FreeRTOS/tasks.o
                0x00000000200012f0                pxCurrentTCB
 .sbss.pxDelayedTaskList
                0x00000000200012f4        0x4 ./FreeRTOS/tasks.o
 .sbss.pxOverflowDelayedTaskList
                0x00000000200012f8        0x4 ./FreeRTOS/tasks.o
 .sbss.uxCurrentNumberOfTasks
                0x00000000200012fc        0x4 ./FreeRTOS/tasks.o
 .sbss.uxDeletedTasksWaitingCleanUp
                0x0000000020001300        0x4 ./FreeRTOS/tasks.o
 .sbss.uxSchedulerSuspended
                0x0000000020001304        0x4 ./FreeRTOS/tasks.o
 .sbss.uxTaskNumber
                0x0000000020001308        0x4 ./FreeRTOS/tasks.o
 .sbss.uxTopReadyPriority
                0x000000002000130c        0x4 ./FreeRTOS/tasks.o
 .sbss.xIdleTaskHandle
                0x0000000020001310        0x4 ./FreeRTOS/tasks.o
 .sbss.xNextTaskUnblockTime
                0x0000000020001314        0x4 ./FreeRTOS/tasks.o
 .sbss.xNumOfOverflows
                0x0000000020001318        0x4 ./FreeRTOS/tasks.o
 .sbss.xPendedTicks
                0x000000002000131c        0x4 ./FreeRTOS/tasks.o
 .sbss.xSchedulerRunning