Archive member included to satisfy reference by file (symbol)

d:/mounriver/mounriver_studio2/resources/app/resources/win32/components/wch/toolchain/risc-v embedded gcc/bin/../lib/gcc/riscv-none-embed/8.2.0/rv32imafcxw/ilp32f\libgcc.a(extendsfdf2.o)
                              ./User/main.o (__extendsfdf2)
d:/mounriver/mounriver_studio2/resources/app/resources/win32/components/wch/toolchain/risc-v embedded gcc/bin/../lib/gcc/riscv-none-embed/8.2.0/rv32imafcxw/ilp32f\libgcc.a(save-restore.o)
                              ./Hardware/Src/max30102_app.o (__riscv_save_12)
d:/mounriver/mounriver_studio2/resources/app/resources/win32/components/wch/toolchain/risc-v embedded gcc/bin/../lib/gcc/riscv-none-embed/8.2.0/rv32imafcxw/ilp32f\libgcc.a(_clzsi2.o)
                              d:/mounriver/mounriver_studio2/resources/app/resources/win32/components/wch/toolchain/risc-v embedded gcc/bin/../lib/gcc/riscv-none-embed/8.2.0/rv32imafcxw/ilp32f\libgcc.a(extendsfdf2.o) (__clzsi2)
d:/mounriver/mounriver_studio2/resources/app/resources/win32/components/wch/toolchain/risc-v embedded gcc/bin/../lib/gcc/riscv-none-embed/8.2.0/rv32imafcxw/ilp32f\libgcc.a(_clz.o)
                              d:/mounriver/mounriver_studio2/resources/app/resources/win32/components/wch/toolchain/risc-v embedded gcc/bin/../lib/gcc/riscv-none-embed/8.2.0/rv32imafcxw/ilp32f\libgcc.a(_clzsi2.o) (__clz_tab)
d:/mounriver/mounriver_studio2/resources/app/resources/win32/components/wch/toolchain/risc-v embedded gcc/bin/../lib/gcc/riscv-none-embed/8.2.0/../../../../riscv-none-embed/lib/rv32imafcxw/ilp32f\libg_nano.a(lib_a-memcpy.o)
                              ./FreeRTOS/queue.o (memcpy)
d:/mounriver/mounriver_studio2/resources/app/resources/win32/components/wch/toolchain/risc-v embedded gcc/bin/../lib/gcc/riscv-none-embed/8.2.0/../../../../riscv-none-embed/lib/rv32imafcxw/ilp32f\libg_nano.a(lib_a-memset.o)
                              ./Hardware/Src/B1uart.o (memset)
d:/mounriver/mounriver_studio2/resources/app/resources/win32/components/wch/toolchain/risc-v embedded gcc/bin/../lib/gcc/riscv-none-embed/8.2.0/../../../../riscv-none-embed/lib/rv32imafcxw/ilp32f\libg_nano.a(lib_a-nano-vfprintf_float.o)
                              (_printf_float)
d:/mounriver/mounriver_studio2/resources/app/resources/win32/components/wch/toolchain/risc-v embedded gcc/bin/../lib/gcc/riscv-none-embed/8.2.0/../../../../riscv-none-embed/lib/rv32imafcxw/ilp32f\libg_nano.a(lib_a-nano-vfprintf_i.o)
                              d:/mounriver/mounriver_studio2/resources/app/resources/win32/components/wch/toolchain/risc-v embedded gcc/bin/../lib/gcc/riscv-none-embed/8.2.0/../../../../riscv-none-embed/lib/rv32imafcxw/ilp32f\libg_nano.a(lib_a-nano-vfprintf_float.o) (_printf_common)
d:/mounriver/mounriver_studio2/resources/app/resources/win32/components/wch/toolchain/risc-v embedded gcc/bin/../lib/gcc/riscv-none-embed/8.2.0/../../../../riscv-none-embed/lib/rv32imafcxw/ilp32f\libg_nano.a(lib_a-printf.o)
                              ./User/main.o (printf)
d:/mounriver/mounriver_studio2/resources/app/resources/win32/components/wch/toolchain/risc-v embedded gcc/bin/../lib/gcc/riscv-none-embed/8.2.0/../../../../riscv-none-embed/lib/rv32imafcxw/ilp32f\libg_nano.a(lib_a-puts.o)
                              ./Hardware/Src/max30102.o (puts)
d:/mounriver/mounriver_studio2/resources/app/resources/win32/components/wch/toolchain/risc-v embedded gcc/bin/../lib/gcc/riscv-none-embed/8.2.0/../../../../riscv-none-embed/lib/rv32imafcxw/ilp32f\libg_nano.a(lib_a-snprintf.o)
                              ./User/main.o (snprintf)
d:/mounriver/mounriver_studio2/resources/app/resources/win32/components/wch/toolchain/risc-v embedded gcc/bin/../lib/gcc/riscv-none-embed/8.2.0/../../../../riscv-none-embed/lib/rv32imafcxw/ilp32f\libg_nano.a(lib_a-strcpy.o)
                              ./User/main.o (strcpy)
d:/mounriver/mounriver_studio2/resources/app/resources/win32/components/wch/toolchain/risc-v embedded gcc/bin/../lib/gcc/riscv-none-embed/8.2.0/../../../../riscv-none-embed/lib/rv32imafcxw/ilp32f\libg_nano.a(lib_a-strlen.o)
                              ./FreeRTOS/tasks.o (strlen)
d:/mounriver/mounriver_studio2/resources/app/resources/win32/components/wch/toolchain/risc-v embedded gcc/bin/../lib/gcc/riscv-none-embed/8.2.0/../../../../riscv-none-embed/lib/rv32imafcxw/ilp32f\libg_nano.a(lib_a-vsnprintf.o)
                              ./User/main.o (vsnprintf)
d:/mounriver/mounriver_studio2/resources/app/resources/win32/components/wch/toolchain/risc-v embedded gcc/bin/../lib/gcc/riscv-none-embed/8.2.0/../../../../riscv-none-embed/lib/rv32imafcxw/ilp32f\libg_nano.a(lib_a-wbuf.o)
                              d:/mounriver/mounriver_studio2/resources/app/resources/win32/components/wch/toolchain/risc-v embedded gcc/bin/../lib/gcc/riscv-none-embed/8.2.0/../../../../riscv-none-embed/lib/rv32imafcxw/ilp32f\libg_nano.a(lib_a-puts.o) (__swbuf_r)
[...]
Memory Configuration

Name             Origin             Length             Attributes
FLASH            0x0000000000000000 0x0000000000030000 xr
RAM              0x0000000020000000 0x0000000000020000 xrw
*default*        0x0000000000000000 0xffffffffffffffff

Linker script and memory map

LOAD ./User/ch32v30x_it.o
LOAD ./User/com.o
LOAD ./User/main.o
LOAD ./User/system_ch32v30x.o
LOAD ./Startup/startup_ch32v30x_D8C.o
LOAD ./Peripheral/src/ch32v30x_adc.o
LOAD ./Peripheral/src/ch32v30x_bkp.o
LOAD ./Peripheral/src/ch32v30x_can.o
LOAD ./Peripheral/src/ch32v30x_crc.o
LOAD ./Peripheral/src/ch32v30x_dac.o
LOAD ./Peripheral/src/ch32v30x_dbgmcu.o
LOAD ./Peripheral/src/ch32v30x_dma.o
LOAD ./Peripheral/src/ch32v30x_dvp.o
LOAD ./Peripheral/src/ch32v30x_eth.o
LOAD ./Peripheral/src/ch32v30x_exti.o
LOAD ./Peripheral/src/ch32v30x_flash.o
LOAD ./Peripheral/src/ch32v30x_fsmc.o
LOAD ./Peripheral/src/ch32v30x_gpio.o
LOAD ./Peripheral/src/ch32v30x_i2c.o
LOAD ./Peripheral/src/ch32v30x_iwdg.o
LOAD ./Peripheral/src/ch32v30x_misc.o
LOAD ./Peripheral/src/ch32v30x_opa.o
LOAD ./Peripheral/src/ch32v30x_pwr.o
LOAD ./Peripheral/src/ch32v30x_rcc.o
LOAD ./Peripheral/src/ch32v30x_rng.o
LOAD ./Peripheral/src/ch32v30x_rtc.o
LOAD ./Peripheral/src/ch32v30x_sdio.o
LOAD ./Peripheral/src/ch32v30x_spi.o
LOAD ./Peripheral/src/ch32v30x_tim.o
LOAD ./Peripheral/src/ch32v30x_usart.o
LOAD ./Peripheral/src/ch32v30x_wwdg.o
LOAD ./Hardware/Src/B1uart.o
LOAD ./Hardware/Src/algorithm.o
LOAD ./Hardware/Src/beep.o
LOAD ./Hardware/Src/iwdg.o
LOAD ./Hardware/Src/key.o
LOAD ./Hardware/Src/lcd.o
LOAD ./Hardware/Src/max30102.o
LOAD ./Hardware/Src/max30102_app.o
LOAD ./Hardware/Src/mq2.o
LOAD ./Hardware/Src/myiic.o
LOAD ./Hardware/Src/servo.o
LOAD ./Hardware/Src/sht31.o
LOAD ./FreeRTOS/portable/MemMang/heap_4.o
LOAD ./FreeRTOS/portable/GCC/RISC-V/port.o
LOAD ./FreeRTOS/portable/GCC/RISC-V/portASM.o
LOAD ./FreeRTOS/croutine.o
LOAD ./FreeRTOS/event_groups.o
LOAD ./FreeRTOS/list.o
LOAD ./FreeRTOS/queue.o
LOAD ./FreeRTOS/stream_buffer.o
LOAD ./FreeRTOS/tasks.o
LOAD ./FreeRTOS/timers.o
LOAD ./Debug/debug.o
LOAD ./Core/core_riscv.o
LOAD d:/mounriver/mounriver_studio2/resources/app/resources/win32/components/wch/toolchain/risc-v embedded gcc/bin/../lib/gcc/riscv-none-embed/8.2.0/../../../../riscv-none-embed/lib/rv32imafcxw/ilp32f\libm.a
LOAD d:/mounriver/mounriver_studio2/resources/app/resources/win32/components/wch/toolchain/risc-v embedded gcc/bin/../lib/gcc/riscv-none-embed/8.2.0/rv32imafcxw/ilp32f\libgcc.a
LOAD d:/mounriver/mounriver_studio2/resources/app/resources/win32/components/wch/toolchain/risc-v embedded gcc/bin/../lib/gcc/riscv-none-embed/8.2.0/../../../../riscv-none-embed/lib/rv32imafcxw/ilp32f\libg_nano.a
LOAD d:/mounriver/mounriver_studio2/resources/app/resources/win32/components/wch/toolchain/risc-v embedded gcc/bin/../lib/gcc/riscv-none-embed/8.2.0/../../../../riscv-none-embed/lib/rv32imafcxw/ilp32f\libc_nano.a
LOAD d:/mounriver/mounriver_studio2/resources/app/resources/win32/components/wch/toolchain/risc-v embedded gcc/bin/../lib/gcc/riscv-none-embed/8.2.0/rv32imafcxw/ilp32f\libgcc.a
START GROUP
LOAD d:/mounriver/mounriver_studio2/resources/app/resources/win32/components/wch/toolchain/risc-v embedded gcc/bin/../lib/gcc/riscv-none-embed/8.2.0/rv32imafcxw/ilp32f\libgcc.a
LOAD d:/mounriver/mounriver_studio2/resources/app/resources/win32/components/wch/toolchain/risc-v embedded gcc/bin/../lib/gcc/riscv-none-embed/8.2.0/../../../../riscv-none-embed/lib/rv32imafcxw/ilp32f\libc_nano.a
LOAD d:/mounriver/mounriver_studio2/resources/app/resources/win32/components/wch/toolchain/risc-v embedded gcc/bin/../lib/gcc/riscv-none-embed/8.2.0/../../../../riscv-none-embed/lib/rv32imafcxw/ilp32f\libnosys.a
END GROUP
START GROUP
LOAD d:/mounriver/mounriver_studio2/resources/app/resources/win32/components/wch/toolchain/risc-v embedded gcc/bin/../lib/gcc/riscv-none-embed/8.2.0/rv32imafcxw/ilp32f\libgcc.a
LOAD d:/mounriver/mounriver_studio2/resources/app/resources/win32/components/wch/toolchain/risc-v embedded gcc/bin/../lib/gcc/riscv-none-embed/8.2.0/../../../../riscv-none-embed/lib/rv32imafcxw/ilp32f\libc_nano.a
LOAD d:/mounriver/mounriver_studio2/resources/app/resources/win32/components/wch/toolchain/risc-v embedded gcc/bin/../lib/gcc/riscv-none-embed/8.2.0/../../../../riscv-none-embed/lib/rv32imafcxw/ilp32f\libnosys.a
END GROUP
                0x0000000000000800                __stack_size = 0x800
                [!provide]                        PROVIDE (_stack_size = __stack_size)

.init           0x0000000000000000        0x4
                0x0000000000000000                _sinit = .
                0x0000000000000000                . = ALIGN (0x4)
 *(SORT_NONE(.init))
 .init          0x0000000000000000        0x4 ./Startup/startup_ch32v30x_D8C.o
                0x0000000000000000                _start
                0x0000000000000004                . = ALIGN (0x4)
                0x0000000000000004                _einit = .

.vector         0x0000000000000004      0x1bc
 *(.vector)
 .vector        0x0000000000000004      0x1a0 ./Startup/startup_ch32v30x_D8C.o
                0x00000000000001c0                . = ALIGN (0x40)
 *fill*         0x00000000000001a4       0x1c 

.text           0x0000000000000200     0xb964
                0x0000000000000200                . = ALIGN (0x4)
 *(.text)
 .text          0x0000000000000200      0x2e6 ./FreeRTOS/portable/GCC/RISC-V/portASM.o
                0x0000000000000200                SW_Handler
                0x0000000000000300                xPortStartFirstTask
                0x0000000000000400                pxPortInitialiseStack
 .text          0x00000000000004e6       0x60 d:/mounriver/mounriver_studio2/resources/app/resources/win32/components/wch/toolchain/risc-v embedded gcc/bin/../lib/gcc/riscv-none-embed/8.2.0/rv32imafcxw/ilp32f\libgcc.a(save-restore.o)
                0x00000000000004e6                __riscv_save_12
                0x00000000000004ee                __riscv_save_9
                0x00000000000004ee                __riscv_save_11
                0x00000000000004ee                __riscv_save_10
                0x00000000000004ee                __riscv_save_8
                0x00000000000004fc                __riscv_save_4
                0x00000000000004fc                __riscv_save_6
                0x00000000000004fc                __riscv_save_5
                0x00000000000004fc                __riscv_save_7
                0x0000000000000516                __riscv_save_3
                0x0000000000000516                __riscv_save_2
                0x0000000000000516                __riscv_save_1
                0x0000000000000516                __riscv_save_0
                0x0000000000000522                __riscv_restore_12
                0x0000000000000526                __riscv_restore_11
                0x0000000000000526                __riscv_restore_9
                0x0000000000000526                __riscv_restore_10
                0x0000000000000526                __riscv_restore_8
                0x0000000000000530                __riscv_restore_5
                0x0000000000000530                __riscv_restore_7
                0x0000000000000530                __riscv_restore_6
                0x0000000000000530                __riscv_restore_4
                0x000000000000053a                __riscv_restore_3
                0x000000000000053a                __riscv_restore_0
                0x000000000000053a                __riscv_restore_2
                0x000000000000053a                __riscv_restore_1
 .text          0x0000000000000546       0xa8 d:/mounriver/mounriver_studio2/resources/app/resources/win32/components/wch/toolchain/risc-v embedded gcc/bin/../lib/gcc/riscv-none-embed/8.2.0/../../../../riscv-none-embed/lib/rv32imafcxw/ilp32f\libg_nano.a(lib_a-memset.o)
                0x0000000000000546                memset
 *(.text.*)
 .text.NMI_Handler
                0x00000000000005ee        0x2 ./User/ch32v30x_it.o
                0x00000000000005ee                NMI_Handler
 .text.HardFault_Handler
                0x00000000000005f0       0x10 ./User/ch32v30x_it.o
                0x00000000000005f0                HardFault_Handler
 .text.gpio_init
                0x0000000000000600      0x17e ./User/com.o
                0x0000000000000600                gpio_init
 .text.beep_task
                0x000000000000077e       0x3e ./User/main.o
 .text.key_task
                0x00000000000007bc       0x38 ./User/main.o
 .text.lcd_task
                0x00000000000007f4      0x202 ./User/main.o
 .text.led_task
                0x00000000000009f6       0x60 ./User/main.o
 .text.log_task
                0x0000000000000a56       0x2c ./User/main.o
 .text.log_printf
                0x0000000000000a82       0x3a ./User/main.o
 .text.create_task
                0x0000000000000abc      0x23c ./User/main.o
 .text.mq2_task
                0x0000000000000cf8       0x54 ./User/main.o
 .text.B1uart_task
                0x0000000000000d4c       0x2c ./User/main.o
 .text.sht31_task
                0x0000000000000d78       0x5e ./User/main.o
 .text.max30102_task
                0x0000000000000dd6       0x7e ./User/main.o
 .text.startup.main
                0x0000000000000e54       0xea ./User/main.o
                0x0000000000000e54                main
 .text.SystemInit
                0x0000000000000f3e       0xfa ./User/system_ch32v30x.o
                0x0000000000000f3e                SystemInit
 .text.SystemCoreClockUpdate
                0x0000000000001038      0x12e ./User/system_ch32v30x.o
                0x0000000000001038                SystemCoreClockUpdate
 .text.vector_handler
                0x0000000000001166        0x2 ./Startup/startup_ch32v30x_D8C.o
                0x0000000000001166                EXTI2_IRQHandler
                0x0000000000001166                TIM8_TRG_COM_IRQHandler
                0x0000000000001166                TIM8_CC_IRQHandler
                0x0000000000001166                UART8_IRQHandler
                0x0000000000001166                TIM1_CC_IRQHandler
                0x0000000000001166                TIM6_IRQHandler
                0x0000000000001166                PVD_IRQHandler
                0x0000000000001166                SDIO_IRQHandler
                0x0000000000001166                TIM9_BRK_IRQHandler
                0x0000000000001166                DMA2_Channel8_IRQHandler
                0x0000000000001166                CAN2_RX1_IRQHandler
                0x0000000000001166                EXTI3_IRQHandler
                0x0000000000001166                USBHS_IRQHandler
                0x0000000000001166                DMA2_Channel9_IRQHandler
                0x0000000000001166                TIM10_CC_IRQHandler
                0x0000000000001166                USBFS_IRQHandler
                0x0000000000001166                EXTI0_IRQHandler
                0x0000000000001166                I2C2_EV_IRQHandler
                0x0000000000001166                TIM10_TRG_COM_IRQHandler
                0x0000000000001166                CAN2_SCE_IRQHandler
                0x0000000000001166                ADC1_2_IRQHandler
                0x0000000000001166                Break_Point_Handler
                0x0000000000001166                SPI1_IRQHandler
                0x0000000000001166                TAMPER_IRQHandler
                0x0000000000001166                CAN2_RX0_IRQHandler
                0x0000000000001166                TIM8_UP_IRQHandler
                0x0000000000001166                Ecall_M_Mode_Handler
                0x0000000000001166                DMA2_Channel2_IRQHandler
                0x0000000000001166                DMA1_Channel4_IRQHandler
                0x0000000000001166                TIM9_UP_IRQHandler
                0x0000000000001166                RTC_IRQHandler
                0x0000000000001166                DMA1_Channel7_IRQHandler
                0x0000000000001166                CAN1_RX1_IRQHandler
                0x0000000000001166                DVP_IRQHandler
                0x0000000000001166                UART5_IRQHandler
                0x0000000000001166                TIM4_IRQHandler
                0x0000000000001166                DMA2_Channel1_IRQHandler
                0x0000000000001166                I2C1_EV_IRQHandler
                0x0000000000001166                DMA1_Channel6_IRQHandler
                0x0000000000001166                UART4_IRQHandler
                0x0000000000001166                DMA2_Channel4_IRQHandler
                0x0000000000001166                TIM3_IRQHandler
                0x0000000000001166                RCC_IRQHandler
                0x0000000000001166                TIM1_TRG_COM_IRQHandler
                0x0000000000001166                DMA1_Channel1_IRQHandler
                0x0000000000001166                DMA2_Channel7_IRQHandler
                0x0000000000001166                EXTI15_10_IRQHandler
                0x0000000000001166                TIM7_IRQHandler
                0x0000000000001166                CAN2_TX_IRQHandler
                0x0000000000001166                TIM5_IRQHandler
                0x0000000000001166                EXTI9_5_IRQHandler
                0x0000000000001166                ETH_WKUP_IRQHandler
                0x0000000000001166                SPI2_IRQHandler
                0x0000000000001166                TIM10_BRK_IRQHandler
                0x0000000000001166                TIM9_CC_IRQHandler
                0x0000000000001166                DMA2_Channel5_IRQHandler
                0x0000000000001166                DMA1_Channel5_IRQHandler
                0x0000000000001166                EXTI4_IRQHandler
                0x0000000000001166                USB_LP_CAN1_RX0_IRQHandler
                0x0000000000001166                RNG_IRQHandler
                0x0000000000001166                USB_HP_CAN1_TX_IRQHandler
                0x0000000000001166                DMA1_Channel3_IRQHandler
                0x0000000000001166                ETH_IRQHandler
                0x0000000000001166                TIM1_UP_IRQHandler
                0x0000000000001166                WWDG_IRQHandler
                0x0000000000001166                USBHSWakeup_IRQHandler
                0x0000000000001166                DMA2_Channel11_IRQHandler
                0x0000000000001166                Ecall_U_Mode_Handler
                0x0000000000001166                DMA2_Channel6_IRQHandler
                0x0000000000001166                TIM2_IRQHandler
                0x0000000000001166                TIM1_BRK_IRQHandler
                0x0000000000001166                DMA2_Channel10_IRQHandler
                0x0000000000001166                EXTI1_IRQHandler
                0x0000000000001166                RTCAlarm_IRQHandler
                0x0000000000001166                TIM10_UP_IRQHandler
                0x0000000000001166                TIM9_TRG_COM_IRQHandler
                0x0000000000001166                UART7_IRQHandler
                0x0000000000001166                USART2_IRQHandler
                0x0000000000001166                UART6_IRQHandler
                0x0000000000001166                I2C2_ER_IRQHandler
                0x0000000000001166                DMA1_Channel2_IRQHandler
                0x0000000000001166                TIM8_BRK_IRQHandler
                0x0000000000001166                CAN1_SCE_IRQHandler
                0x0000000000001166                FLASH_IRQHandler
                0x0000000000001166                USART1_IRQHandler
                0x0000000000001166                SPI3_IRQHandler
                0x0000000000001166                I2C1_ER_IRQHandler
                0x0000000000001166                USBWakeUp_IRQHandler
                0x0000000000001166                DMA2_Channel3_IRQHandler
 .text.handle_reset
                0x0000000000001168       0x92 ./Startup/startup_ch32v30x_D8C.o
                0x0000000000001168                handle_reset
 .text.ADC_Init
                0x00000000000011fa       0x56 ./Peripheral/src/ch32v30x_adc.o
                0x00000000000011fa                ADC_Init
 .text.ADC_Cmd  0x0000000000001250       0x10 ./Peripheral/src/ch32v30x_adc.o
                0x0000000000001250                ADC_Cmd
 .text.ADC_ResetCalibration
                0x0000000000001260        0xa ./Peripheral/src/ch32v30x_adc.o
                0x0000000000001260                ADC_ResetCalibration
 .text.ADC_GetResetCalibrationStatus
                0x000000000000126a        0x8 ./Peripheral/src/ch32v30x_adc.o
                0x000000000000126a                ADC_GetResetCalibrationStatus
 .text.ADC_StartCalibration
                0x0000000000001272        0xa ./Peripheral/src/ch32v30x_adc.o
                0x0000000000001272                ADC_StartCalibration
 .text.ADC_GetCalibrationStatus
                0x000000000000127c        0x8 ./Peripheral/src/ch32v30x_adc.o
                0x000000000000127c                ADC_GetCalibrationStatus
 .text.ADC_SoftwareStartConvCmd
                0x0000000000001284       0x18 ./Peripheral/src/ch32v30x_adc.o
                0x0000000000001284                ADC_SoftwareStartConvCmd
 .text.ADC_RegularChannelConfig
                0x000000000000129c       0xb8 ./Peripheral/src/ch32v30x_adc.o
                0x000000000000129c                ADC_RegularChannelConfig
 .text.ADC_GetConversionValue
                0x0000000000001354        0x8 ./Peripheral/src/ch32v30x_adc.o
                0x0000000000001354                ADC_GetConversionValue
 .text.ADC_GetFlagStatus
                0x000000000000135c        0xa ./Peripheral/src/ch32v30x_adc.o
                0x000000000000135c                ADC_GetFlagStatus
 .text.DBGMCU_GetCHIPID
                0x0000000000001366        0xa ./Peripheral/src/ch32v30x_dbgmcu.o
                0x0000000000001366                DBGMCU_GetCHIPID
 .text.GPIO_Init
                0x0000000000001370       0xc0 ./Peripheral/src/ch32v30x_gpio.o
                0x0000000000001370                GPIO_Init
 .text.GPIO_ReadInputDataBit
                0x0000000000001430        0xa ./Peripheral/src/ch32v30x_gpio.o
                0x0000000000001430                GPIO_ReadInputDataBit
 .text.GPIO_SetBits
                0x000000000000143a        0x4 ./Peripheral/src/ch32v30x_gpio.o
                0x000000000000143a                GPIO_SetBits
 .text.GPIO_ResetBits
                0x000000000000143e        0x4 ./Peripheral/src/ch32v30x_gpio.o
                0x000000000000143e                GPIO_ResetBits
 .text.GPIO_PinRemapConfig
                0x0000000000001442       0xd6 ./Peripheral/src/ch32v30x_gpio.o
                0x0000000000001442                GPIO_PinRemapConfig
 .text.IWDG_WriteAccessCmd
                0x0000000000001518        0x8 ./Peripheral/src/ch32v30x_iwdg.o
                0x0000000000001518                IWDG_WriteAccessCmd
 .text.IWDG_SetPrescaler
                0x0000000000001520        0x8 ./Peripheral/src/ch32v30x_iwdg.o
                0x0000000000001520                IWDG_SetPrescaler
 .text.IWDG_SetReload
                0x0000000000001528        0x8 ./Peripheral/src/ch32v30x_iwdg.o
                0x0000000000001528                IWDG_SetReload
 .text.IWDG_ReloadCounter
                0x0000000000001530        0xe ./Peripheral/src/ch32v30x_iwdg.o
                0x0000000000001530                IWDG_ReloadCounter
 .text.IWDG_Enable
                0x000000000000153e       0x18 ./Peripheral/src/ch32v30x_iwdg.o
                0x000000000000153e                IWDG_Enable
 .text.IWDG_GetFlagStatus
                0x0000000000001556        0xe ./Peripheral/src/ch32v30x_iwdg.o
                0x0000000000001556                IWDG_GetFlagStatus
 .text.NVIC_PriorityGroupConfig
                0x0000000000001564        0x6 ./Peripheral/src/ch32v30x_misc.o
                0x0000000000001564                NVIC_PriorityGroupConfig
 .text.NVIC_Init
                0x000000000000156a       0x5c ./Peripheral/src/ch32v30x_misc.o
                0x000000000000156a                NVIC_Init
 .text.RCC_DeInit
                0x00000000000015c6       0x52 ./Peripheral/src/ch32v30x_rcc.o
                0x00000000000015c6                RCC_DeInit
 .text.RCC_HSEConfig
                0x0000000000001618       0x3c ./Peripheral/src/ch32v30x_rcc.o
                0x0000000000001618                RCC_HSEConfig
 .text.RCC_PLLConfig
                0x0000000000001654       0x2e ./Peripheral/src/ch32v30x_rcc.o
                0x0000000000001654                RCC_PLLConfig
 .text.RCC_PLLCmd
                0x0000000000001682       0x24 ./Peripheral/src/ch32v30x_rcc.o
                0x0000000000001682                RCC_PLLCmd
 .text.RCC_SYSCLKConfig
                0x00000000000016a6        0xe ./Peripheral/src/ch32v30x_rcc.o
                0x00000000000016a6                RCC_SYSCLKConfig
 .text.RCC_GetSYSCLKSource
                0x00000000000016b4        0xa ./Peripheral/src/ch32v30x_rcc.o
                0x00000000000016b4                RCC_GetSYSCLKSource
 .text.RCC_HCLKConfig
                0x00000000000016be       0x10 ./Peripheral/src/ch32v30x_rcc.o
                0x00000000000016be                RCC_HCLKConfig
 .text.RCC_PCLK1Config
                0x00000000000016ce       0x10 ./Peripheral/src/ch32v30x_rcc.o
                0x00000000000016ce                RCC_PCLK1Config
 .text.RCC_PCLK2Config
                0x00000000000016de       0x16 ./Peripheral/src/ch32v30x_rcc.o
                0x00000000000016de                RCC_PCLK2Config
 .text.RCC_LSICmd
                0x00000000000016f4       0x14 ./Peripheral/src/ch32v30x_rcc.o
                0x00000000000016f4                RCC_LSICmd
 .text.RCC_GetClocksFreq
                0x0000000000001708      0x176 ./Peripheral/src/ch32v30x_rcc.o
                0x0000000000001708                RCC_GetClocksFreq
 .text.RCC_APB2PeriphClockCmd
                0x000000000000187e       0x1e ./Peripheral/src/ch32v30x_rcc.o
                0x000000000000187e                RCC_APB2PeriphClockCmd
 .text.RCC_APB1PeriphClockCmd
                0x000000000000189c       0x1e ./Peripheral/src/ch32v30x_rcc.o
                0x000000000000189c                RCC_APB1PeriphClockCmd
 .text.RCC_GetFlagStatus
                0x00000000000018ba       0x2e ./Peripheral/src/ch32v30x_rcc.o
                0x00000000000018ba                RCC_GetFlagStatus
 .text.RCC_WaitForHSEStartUp
                0x00000000000018e8       0x2e ./Peripheral/src/ch32v30x_rcc.o
                0x00000000000018e8                RCC_WaitForHSEStartUp
 .text.RCC_PREDIV1Config
                0x0000000000001916       0x14 ./Peripheral/src/ch32v30x_rcc.o
                0x0000000000001916                RCC_PREDIV1Config
 .text.TIM_TimeBaseInit
                0x000000000000192a       0xee ./Peripheral/src/ch32v30x_tim.o
                0x000000000000192a                TIM_TimeBaseInit
 .text.TIM_OC2Init
                0x0000000000001a18       0xae ./Peripheral/src/ch32v30x_tim.o
                0x0000000000001a18                TIM_OC2Init
 .text.TIM_Cmd  0x0000000000001ac6       0x18 ./Peripheral/src/ch32v30x_tim.o
                0x0000000000001ac6                TIM_Cmd
 .text.TIM_ARRPreloadConfig
                0x0000000000001ade       0x1a ./Peripheral/src/ch32v30x_tim.o
                0x0000000000001ade                TIM_ARRPreloadConfig
 .text.TIM_OC2PreloadConfig
                0x0000000000001af8       0x16 ./Peripheral/src/ch32v30x_tim.o
                0x0000000000001af8                TIM_OC2PreloadConfig
 .text.TIM_SetCompare2
                0x0000000000001b0e        0x4 ./Peripheral/src/ch32v30x_tim.o
                0x0000000000001b0e                TIM_SetCompare2
 .text.USART_Init
                0x0000000000001b12       0x8e ./Peripheral/src/ch32v30x_usart.o
                0x0000000000001b12                USART_Init
 .text.USART_Cmd
                0x0000000000001ba0       0x16 ./Peripheral/src/ch32v30x_usart.o
                0x0000000000001ba0                USART_Cmd
 .text.USART_ITConfig
                0x0000000000001bb6       0x36 ./Peripheral/src/ch32v30x_usart.o
                0x0000000000001bb6                USART_ITConfig
 .text.USART_SendData
                0x0000000000001bec        0x8 ./Peripheral/src/ch32v30x_usart.o
                0x0000000000001bec                USART_SendData
 .text.USART_ReceiveData
                0x0000000000001bf4        0x8 ./Peripheral/src/ch32v30x_usart.o
                0x0000000000001bf4                USART_ReceiveData
 .text.USART_GetFlagStatus
                0x0000000000001bfc        0xa ./Peripheral/src/ch32v30x_usart.o
                0x0000000000001bfc                USART_GetFlagStatus
 .text.USART_GetITStatus
                0x0000000000001c06       0x3c ./Peripheral/src/ch32v30x_usart.o
                0x0000000000001c06                USART_GetITStatus
 .text.USART_ClearITPendingBit
                0x0000000000001c42       0x14 ./Peripheral/src/ch32v30x_usart.o
                0x0000000000001c42                USART_ClearITPendingBit
 .text.USART3_Init
                0x0000000000001c56       0xa0 ./Hardware/Src/B1uart.o
                0x0000000000001c56                USART3_Init
 .text.USART3_IRQHandler
                0x0000000000001cf6       0xe4 ./Hardware/Src/B1uart.o
                0x0000000000001cf6                USART3_IRQHandler
 .text.Take_Temperature
                0x0000000000001dda       0x70 ./Hardware/Src/B1uart.o
                0x0000000000001dda                Take_Temperature
 .text.maxim_peaks_above_min_height
                0x0000000000001e4a       0x6e ./Hardware/Src/algorithm.o
                0x0000000000001e4a                maxim_peaks_above_min_height
 .text.maxim_sort_ascend
                0x0000000000001eb8       0x34 ./Hardware/Src/algorithm.o
                0x0000000000001eb8                maxim_sort_ascend
 .text.maxim_sort_indices_descend
                0x0000000000001eec       0x48 ./Hardware/Src/algorithm.o
                0x0000000000001eec                maxim_sort_indices_descend
 .text.maxim_remove_close_peaks
                0x0000000000001f34       0x76 ./Hardware/Src/algorithm.o
                0x0000000000001f34                maxim_remove_close_peaks
 .text.maxim_find_peaks
                0x0000000000001faa       0x30 ./Hardware/Src/algorithm.o
                0x0000000000001faa                maxim_find_peaks
 .text.maxim_heart_rate_and_oxygen_saturation
                0x0000000000001fda      0x3e0 ./Hardware/Src/algorithm.o
                0x0000000000001fda                maxim_heart_rate_and_oxygen_saturation
 .text.Beep_Init
                0x00000000000023ba       0x3c ./Hardware/Src/beep.o
                0x00000000000023ba                Beep_Init
 .text.IWDG_Init3min
                0x00000000000023f6       0x50 ./Hardware/Src/iwdg.o
                0x00000000000023f6                IWDG_Init3min
 .text.IWDG_Feed
                0x0000000000002446        0xc ./Hardware/Src/iwdg.o
                0x0000000000002446                IWDG_Feed
 .text.key_init
                0x0000000000002452       0x36 ./Hardware/Src/key.o
                0x0000000000002452                key_init
 .text.key_is_pressed
                0x0000000000002488       0x16 ./Hardware/Src/key.o
                0x0000000000002488                key_is_pressed
 .text.SYS_init
                0x000000000000249e       0x94 ./Hardware/Src/lcd.o
                0x000000000000249e                SYS_init
 .text.IO_init  0x0000000000002532       0x38 ./Hardware/Src/lcd.o
                0x0000000000002532                IO_init
 .text.Delay_ms
                0x000000000000256a       0x16 ./Hardware/Src/lcd.o
                0x000000000000256a                Delay_ms
 .text.SPI_SendByte
                0x0000000000002580       0x38 ./Hardware/Src/lcd.o
                0x0000000000002580                SPI_SendByte
 .text.TFT_SEND_CMD
                0x00000000000025b8       0x1a ./Hardware/Src/lcd.o
                0x00000000000025b8                TFT_SEND_CMD
 .text.TFT_SEND_DATA
                0x00000000000025d2       0x1a ./Hardware/Src/lcd.o
                0x00000000000025d2                TFT_SEND_DATA
 .text.TFT_clear
                0x00000000000025ec       0x5a ./Hardware/Src/lcd.o
                0x00000000000025ec                TFT_clear
 .text.TFT_init
                0x0000000000002646      0x18e ./Hardware/Src/lcd.o
                0x0000000000002646                TFT_init
 .text.LCD_FillRect
                0x00000000000027d4       0xb8 ./Hardware/Src/lcd.o
                0x00000000000027d4                LCD_FillRect
 .text.LCD_DrawChar32
                0x000000000000288c      0x10e ./Hardware/Src/lcd.o
                0x000000000000288c                LCD_DrawChar32
 .text.LCD_DrawString32
                0x000000000000299a       0x38 ./Hardware/Src/lcd.o
                0x000000000000299a                LCD_DrawString32
 .text.max30102_Bus_Write
                0x00000000000029d2       0x44 ./Hardware/Src/max30102.o
                0x00000000000029d2                max30102_Bus_Write
 .text.max30102_Bus_Read
                0x0000000000002a16       0x50 ./Hardware/Src/max30102.o
                0x0000000000002a16                max30102_Bus_Read
 .text.max30102_FIFO_ReadBytes
                0x0000000000002a66       0x72 ./Hardware/Src/max30102.o
                0x0000000000002a66                max30102_FIFO_ReadBytes
 .text.MAX30102_Reset
                0x0000000000002ad8       0x1c ./Hardware/Src/max30102.o
                0x0000000000002ad8                MAX30102_Reset
 .text.MAX30102_Init
                0x0000000000002af4       0xa8 ./Hardware/Src/max30102.o
                0x0000000000002af4                MAX30102_Init
 .text.SmoothData
                0x0000000000002b9c       0x2c ./Hardware/Src/max30102_app.o
                0x0000000000002b9c                SmoothData
 .text.LowPassFilter
                0x0000000000002bc8       0x26 ./Hardware/Src/max30102_app.o
                0x0000000000002bc8                LowPassFilter
 .text.MAX30102_Read_Data
                0x0000000000002bee       0xca ./Hardware/Src/max30102_app.o
                0x0000000000002bee                MAX30102_Read_Data
 .text.Calculate_Heart_Rate_and_SpO2
                0x0000000000002cb8       0x44 ./Hardware/Src/max30102_app.o
                0x0000000000002cb8                Calculate_Heart_Rate_and_SpO2
 .text.Update_Signal_Min_Max
                0x0000000000002cfc       0xc0 ./Hardware/Src/max30102_app.o
                0x0000000000002cfc                Update_Signal_Min_Max
 .text.Process_And_Display_Data
                0x0000000000002dbc       0xd4 ./Hardware/Src/max30102_app.o
                0x0000000000002dbc                Process_And_Display_Data
 .text.mq2_adc  0x0000000000002e90       0xa0 ./Hardware/Src/mq2.o
                0x0000000000002e90                mq2_adc
 .text.MQ2_ReadData
                0x0000000000002f30       0x5c ./Hardware/Src/mq2.o
                0x0000000000002f30                MQ2_ReadData
 .text.MAX30102_IIC_SDA_OUT
                0x0000000000002f8c       0x2c ./Hardware/Src/myiic.o
 .text.MAX30102_IIC_SDA_IN
                0x0000000000002fb8       0x32 ./Hardware/Src/myiic.o
 .text.IIC_Delay
                0x0000000000002fea       0x1c ./Hardware/Src/myiic.o
                0x0000000000002fea                IIC_Delay
 .text.MAX30102_IIC_Init
                0x0000000000003006       0x62 ./Hardware/Src/myiic.o
                0x0000000000003006                MAX30102_IIC_Init
 .text.MAX30102_IIC_Start
                0x0000000000003068       0x48 ./Hardware/Src/myiic.o
                0x0000000000003068                MAX30102_IIC_Start
 .text.MAX30102_IIC_Stop
                0x00000000000030b0       0x4c ./Hardware/Src/myiic.o
                0x00000000000030b0                MAX30102_IIC_Stop
 .text.MAX30102_IIC_Wait_Ack
                0x00000000000030fc       0x68 ./Hardware/Src/myiic.o
                0x00000000000030fc                MAX30102_IIC_Wait_Ack
 .text.MAX30102_IIC_Ack
                0x0000000000003164       0x48 ./Hardware/Src/myiic.o
                0x0000000000003164                MAX30102_IIC_Ack
 .text.MAX30102_IIC_NAck
                0x00000000000031ac       0x48 ./Hardware/Src/myiic.o
                0x00000000000031ac                MAX30102_IIC_NAck
 .text.MAX30102_IIC_Send_Byte
                0x00000000000031f4       0x6c ./Hardware/Src/myiic.o
                0x00000000000031f4                MAX30102_IIC_Send_Byte
 .text.MAX30102_IIC_Read_Byte
                0x0000000000003260       0x66 ./Hardware/Src/myiic.o
                0x0000000000003260                MAX30102_IIC_Read_Byte
 .text.Servo_Init
                0x00000000000032c6       0xae ./Hardware/Src/servo.o
                0x00000000000032c6                Servo_Init
 .text.Servo_SetAngle
                0x0000000000003374       0x58 ./Hardware/Src/servo.o
                0x0000000000003374                Servo_SetAngle
 .text.IIC_SendAck
                0x00000000000033cc       0x52 ./Hardware/Src/sht31.o
 .text.IIC_Start
                0x000000000000341e       0x32 ./Hardware/Src/sht31.o
 .text.IIC_SendData
                0x0000000000003450       0x54 ./Hardware/Src/sht31.o
 .text.IIC_RecAck
                0x00000000000034a4       0x50 ./Hardware/Src/sht31.o
 .text.IIC_RecData
                0x00000000000034f4       0x56 ./Hardware/Src/sht31.o
 .text.IIC_Stop
                0x000000000000354a       0x32 ./Hardware/Src/sht31.o
 .text.IIC_Software_Init
                0x000000000000357c       0x46 ./Hardware/Src/sht31.o
                0x000000000000357c                IIC_Software_Init
 .text.SHT31_ReadData
                0x00000000000035c2      0x10c ./Hardware/Src/sht31.o
                0x00000000000035c2                SHT31_ReadData
 .text.prvInsertBlockIntoFreeList
                0x00000000000036ce       0x44 ./FreeRTOS/portable/MemMang/heap_4.o
 .text.pvPortMalloc
                0x0000000000003712      0x168 ./FreeRTOS/portable/MemMang/heap_4.o
                0x0000000000003712                pvPortMalloc
 .text.vPortFree
                0x000000000000387a       0x9c ./FreeRTOS/portable/MemMang/heap_4.o
                0x000000000000387a                vPortFree
 .text.xPortGetFreeHeapSize
                0x0000000000003916        0x6 ./FreeRTOS/portable/MemMang/heap_4.o
                0x0000000000003916                xPortGetFreeHeapSize
 .text.vPortSetupTimerInterrupt
                0x000000000000391c       0x3e ./FreeRTOS/portable/GCC/RISC-V/port.o
                0x000000000000391c                vPortSetupTimerInterrupt
 .text.xPortStartScheduler
                0x000000000000395a       0x90 ./FreeRTOS/portable/GCC/RISC-V/port.o
                0x000000000000395a                xPortStartScheduler
 .text.SysTick_Handler
                0x00000000000039ea       0x8c ./FreeRTOS/portable/GCC/RISC-V/port.o
                0x00000000000039ea                SysTick_Handler
 .text.vPortEnterCritical
                0x0000000000003a76       0x16 ./FreeRTOS/portable/GCC/RISC-V/port.o
                0x0000000000003a76                vPortEnterCritical
 .text.vPortExitCritical
                0x0000000000003a8c       0x42 ./FreeRTOS/portable/GCC/RISC-V/port.o
                0x0000000000003a8c                vPortExitCritical
 .text.vListInitialise
                0x0000000000003ace       0x14 ./FreeRTOS/list.o
                0x0000000000003ace                vListInitialise
 .text.vListInitialiseItem
                0x0000000000003ae2        0x6 ./FreeRTOS/list.o
                0x0000000000003ae2                vListInitialiseItem
 .text.vListInsertEnd
                0x0000000000003ae8       0x18 ./FreeRTOS/list.o
                0x0000000000003ae8                vListInsertEnd
 .text.vListInsert
                0x0000000000003b00       0x2e ./FreeRTOS/list.o
                0x0000000000003b00                vListInsert
 .text.uxListRemove
                0x0000000000003b2e       0x20 ./FreeRTOS/list.o
                0x0000000000003b2e                uxListRemove
 .text.prvIsQueueEmpty
                0x0000000000003b4e       0x1e ./FreeRTOS/queue.o
 .text.prvCopyDataToQueue
                0x0000000000003b6c       0x72 ./FreeRTOS/queue.o
 .text.prvCopyDataFromQueue
                0x0000000000003bde       0x28 ./FreeRTOS/queue.o
 .text.prvUnlockQueue
                0x0000000000003c06       0x76 ./FreeRTOS/queue.o
 .text.xQueueGenericReset
                0x0000000000003c7c       0xc4 ./FreeRTOS/queue.o
                0x0000000000003c7c                xQueueGenericReset
 .text.xQueueGenericCreate
                0x0000000000003d40       0x6e ./FreeRTOS/queue.o
                0x0000000000003d40                xQueueGenericCreate
 .text.xQueueGenericSend
                0x0000000000003dae      0x1a8 ./FreeRTOS/queue.o
                0x0000000000003dae                xQueueGenericSend
 .text.xQueueReceive
                0x0000000000003f56      0x164 ./FreeRTOS/queue.o
                0x0000000000003f56                xQueueReceive
 .text.vQueueAddToRegistry
                0x00000000000040ba       0x6c ./FreeRTOS/queue.o
                0x00000000000040ba                vQueueAddToRegistry
 .text.vQueueWaitForMessageRestricted
                0x0000000000004126       0x5c ./FreeRTOS/queue.o
                0x0000000000004126                vQueueWaitForMessageRestricted
 .text.prvResetNextTaskUnblockTime
                0x0000000000004182       0x1c ./FreeRTOS/tasks.o
 .text.prvAddCurrentTaskToDelayedList
                0x000000000000419e       0x92 ./FreeRTOS/tasks.o
 .text.prvIdleTask
                0x0000000000004230       0x4a ./FreeRTOS/tasks.o
 .text.xTaskCreate
                0x000000000000427a      0x1e4 ./FreeRTOS/tasks.o
                0x000000000000427a                xTaskCreate
 .text.vTaskDelete
                0x000000000000445e       0xba ./FreeRTOS/tasks.o
                0x000000000000445e                vTaskDelete
 .text.vTaskStartScheduler
                0x0000000000004518       0x82 ./FreeRTOS/tasks.o
                0x0000000000004518                vTaskStartScheduler
 .text.vTaskSuspendAll
                0x000000000000459a        0xc ./FreeRTOS/tasks.o
                0x000000000000459a                vTaskSuspendAll
 .text.xTaskGetTickCount
                0x00000000000045a6        0x6 ./FreeRTOS/tasks.o
                0x00000000000045a6                xTaskGetTickCount
 .text.xTaskIncrementTick
                0x00000000000045ac      0x180 ./FreeRTOS/tasks.o
                0x00000000000045ac                xTaskIncrementTick
 .text.xTaskResumeAll
                0x000000000000472c      0x148 ./FreeRTOS/tasks.o
                0x000000000000472c                xTaskResumeAll
 .text.vTaskDelay
                0x0000000000004874       0x62 ./FreeRTOS/tasks.o
                0x0000000000004874                vTaskDelay
 .text.vTaskSwitchContext
                0x00000000000048d6       0x8a ./FreeRTOS/tasks.o
                0x00000000000048d6                vTaskSwitchContext
 .text.vTaskPlaceOnEventList
                0x0000000000004960       0x44 ./FreeRTOS/tasks.o
                0x0000000000004960                vTaskPlaceOnEventList
 .text.vTaskPlaceOnEventListRestricted
                0x00000000000049a4       0x72 ./FreeRTOS/tasks.o
                0x00000000000049a4                vTaskPlaceOnEventListRestricted
 .text.xTaskRemoveFromEventList
                0x0000000000004a16       0xdc ./FreeRTOS/tasks.o
                0x0000000000004a16                xTaskRemoveFromEventList
 .text.vTaskInternalSetTimeOutState
                0x0000000000004af2        0xe ./FreeRTOS/tasks.o
                0x0000000000004af2                vTaskInternalSetTimeOutState
 .text.xTaskCheckForTimeOut
                0x0000000000004b00       0xbe ./FreeRTOS/tasks.o
                0x0000000000004b00                xTaskCheckForTimeOut
 .text.vTaskMissedYield
                0x0000000000004bbe        0x8 ./FreeRTOS/tasks.o
                0x0000000000004bbe                vTaskMissedYield
 .text.xTaskGetSchedulerState
                0x0000000000004bc6       0x14 ./FreeRTOS/tasks.o
                0x0000000000004bc6                xTaskGetSchedulerState
 .text.xTaskPriorityDisinherit
                0x0000000000004bda       0xc2 ./FreeRTOS/tasks.o
                0x0000000000004bda                xTaskPriorityDisinherit
 .text.prvCheckForValidListAndQueue
                0x0000000000004c9c       0x5a ./FreeRTOS/timers.o
 .text.prvInsertTimerInActiveList
                0x0000000000004cf6       0x3e ./FreeRTOS/timers.o
 .text.prvReloadTimer
                0x0000000000004d34       0x2a ./FreeRTOS/timers.o
 .text.prvProcessExpiredTimer
                0x0000000000004d5e       0x42 ./FreeRTOS/timers.o
 .text.prvSwitchTimerLists
                0x0000000000004da0       0x28 ./FreeRTOS/timers.o
 .text.prvTimerTask
                0x0000000000004dc8      0x188 ./FreeRTOS/timers.o
 .text.xTimerCreateTimerTask
                0x0000000000004f50       0x58 ./FreeRTOS/timers.o
                0x0000000000004f50                xTimerCreateTimerTask
 .text.Delay_Init
                0x0000000000004fa8       0x2a ./Debug/debug.o
                0x0000000000004fa8                Delay_Init
 .text.Delay_Ms
                0x0000000000004fd2       0x36 ./Debug/debug.o
                0x0000000000004fd2                Delay_Ms
 .text.USART_Printf_Init
                0x0000000000005008       0x5a ./Debug/debug.o
                0x0000000000005008                USART_Printf_Init
 .text._write   0x0000000000005062       0x3e ./Debug/debug.o
                0x0000000000005062                _write
 .text._sbrk    0x00000000000050a0       0x2a ./Debug/debug.o
                0x00000000000050a0                _sbrk
 .text.__extendsfdf2
                0x00000000000050ca       0xe8 d:/mounriver/mounriver_studio2/resources/app/resources/win32/components/wch/toolchain/risc-v embedded gcc/bin/../lib/gcc/riscv-none-embed/8.2.0/rv32imafcxw/ilp32f\libgcc.a(extendsfdf2.o)
                0x00000000000050ca                __extendsfdf2
 .text.__clzsi2
                0x00000000000051b2       0x6e d:/mounriver/mounriver_studio2/resources/app/resources/win32/components/wch/toolchain/risc-v embedded gcc/bin/../lib/gcc/riscv-none-embed/8.2.0/rv32imafcxw/ilp32f\libgcc.a(_clzsi2.o)
                0x00000000000051b2                __clzsi2
 .text.memcpy   0x0000000000005220       0xb2 d:/mounriver/mounriver_studio2/resources/app/resources/win32/components/wch/toolchain/risc-v embedded gcc/bin/../lib/gcc/riscv-none-embed/8.2.0/../../../../riscv-none-embed/lib/rv32imafcxw/ilp32f\libg_nano.a(lib_a-memcpy.o)
                0x0000000000005220                memcpy
 .text.__cvt    0x00000000000052d2       0xea d:/mounriver/mounriver_studio2/resources/app/resources/win32/components/wch/toolchain/risc-v embedded gcc/bin/../lib/gcc/riscv-none-embed/8.2.0/../../../../riscv-none-embed/lib/rv32imafcxw/ilp32f\libg_nano.a(lib_a-nano-vfprintf_float.o)
                0x00000000000052d2                __cvt
 .text.__exponent
                0x00000000000053bc       0x84 d:/mounriver/mounriver_studio2/resources/app/resources/win32/components/wch/toolchain/risc-v embedded gcc/bin/../lib/gcc/riscv-none-embed/8.2.0/../../../../riscv-none-embed/lib/rv32imafcxw/ilp32f\libg_nano.a(lib_a-nano-vfprintf_float.o)
                0x00000000000053bc                __exponent
 .text._printf_float
                0x0000000000005440      0x4c4 d:/mounriver/mounriver_studio2/resources/app/resources/win32/components/wch/toolchain/risc-v embedded gcc/bin/../lib/gcc/riscv-none-embed/8.2.0/../../../../riscv-none-embed/lib/rv32imafcxw/ilp32f\libg_nano.a(lib_a-nano-vfprintf_float.o)
                0x0000000000005440                _printf_float
 .text._printf_common
                0x0000000000005904      0x10c d:/mounriver/mounriver_studio2/resources/app/resources/win32/components/wch/toolchain/risc-v embedded gcc/bin/../lib/gcc/riscv-none-embed/8.2.0/../../../../riscv-none-embed/lib/rv32imafcxw/ilp32f\libg_nano.a(lib_a-nano-vfprintf_i.o)
                0x0000000000005904                _printf_common
 .text._printf_i
                0x0000000000005a10      0x2a4 d:/mounriver/mounriver_studio2/resources/app/resources/win32/components/wch/toolchain/risc-v embedded gcc/bin/../lib/gcc/riscv-none-embed/8.2.0/../../../../riscv-none-embed/lib/rv32imafcxw/ilp32f\libg_nano.a(lib_a-nano-vfprintf_i.o)
                0x0000000000005a10                _printf_i
 .text.printf   0x0000000000005cb4       0x42 d:/mounriver/mounriver_studio2/resources/app/resources/win32/components/wch/toolchain/risc-v embedded gcc/bin/../lib/gcc/riscv-none-embed/8.2.0/../../../../riscv-none-embed/lib/rv32imafcxw/ilp32f\libg_nano.a(lib_a-printf.o)
                0x0000000000005cb4                iprintf
                0x0000000000005cb4                printf
 .text._puts_r  0x0000000000005cf6       0xd8 d:/mounriver/mounriver_studio2/resources/app/resources/win32/components/wch/toolchain/risc-v embedded gcc/bin/../lib/gcc/riscv-none-embed/8.2.0/../../../../riscv-none-embed/lib/rv32imafcxw/ilp32f\libg_nano.a(lib_a-puts.o)
                0x0000000000005cf6                _puts_r
 .text.puts     0x0000000000005dce        0xc d:/mounriver/mounriver_studio2/resources/app/resources/win32/components/wch/toolchain/risc-v embedded gcc/bin/../lib/gcc/riscv-none-embed/8.2.0/../../../../riscv-none-embed/lib/rv32imafcxw/ilp32f\libg_nano.a(lib_a-puts.o)
                0x0000000000005dce                puts
 .text.snprintf
                0x0000000000005dda       0x6c d:/mounriver/mounriver_studio2/resources/app/resources/win32/components/wch/toolchain/risc-v embedded gcc/bin/../lib/gcc/riscv-none-embed/8.2.0/../../../../riscv-none-embed/lib/rv32imafcxw/ilp32f\libg_nano.a(lib_a-snprintf.o)
                0x0000000000005dda                sniprintf
                0x0000000000005dda                snprintf
 .text.strcpy   0x0000000000005e46       0x10 d:/mounriver/mounriver_studio2/resources/app/resources/win32/components/wch/toolchain/risc-v embedded gcc/bin/../lib/gcc/riscv-none-embed/8.2.0/../../../../riscv-none-embed/lib/rv32imafcxw/ilp32f\libg_nano.a(lib_a-strcpy.o)
                0x0000000000005e46                strcpy
 .text.strlen   0x0000000000005e56       0x12 d:/mounriver/mounriver_studio2/resources/app/resources/win32/components/wch/toolchain/risc-v embedded gcc/bin/../lib/gcc/riscv-none-embed/8.2.0/../../../../riscv-none-embed/lib/rv32imafcxw/ilp32f\libg_nano.a(lib_a-strlen.o)
                0x0000000000005e56                strlen
 .text._vsnprintf_r
                0x0000000000005e68       0x5c d:/mounriver/mounriver_studio2/resources/app/resources/win32/components/wch/toolchain/risc-v embedded gcc/bin/../lib/gcc/riscv-none-embed/8.2.0/../../../../riscv-none-embed/lib/rv32imafcxw/ilp32f\libg_nano.a(lib_a-vsnprintf.o)
                0x0000000000005e68                _vsniprintf_r
                0x0000000000005e68                _vsnprintf_r
 .text.vsnprintf
                0x0000000000005ec4       0x12 d:/mounriver/mounriver_studio2/resources/app/resources/win32/components/wch/toolchain/risc-v embedded gcc/bin/../lib/gcc/riscv-none-embed/8.2.0/../../../../riscv-none-embed/lib/rv32imafcxw/ilp32f\libg_nano.a(lib_a-vsnprintf.o)
                0x0000000000005ec4                vsniprintf
                0x0000000000005ec4                vsnprintf
 .text.__swbuf_r
                0x0000000000005ed6       0xc2 d:/mounriver/mounriver_studio2/resources/app/resources/win32/components/wch/toolchain/risc-v embedded gcc/bin/../lib/gcc/riscv-none-embed/8.2.0/../../../../riscv-none-embed/lib/rv32imafcxw/ilp32f\libg_nano.a(lib_a-wbuf.o)
                0x0000000000005ed6                __swbuf_r
 .text.__swsetup_r
                0x0000000000005f98      0x102 d:/mounriver/mounriver_studio2/resources/app/resources/win32/components/wch/toolchain/risc-v embedded gcc/bin/../lib/gcc/riscv-none-embed/8.2.0/../../../../riscv-none-embed/lib/rv32imafcxw/ilp32f\libg_nano.a(lib_a-wsetup.o)
                0x0000000000005f98                __swsetup_r
 .text.quorem   0x000000000000609a      0x13a d:/mounriver/mounriver_studio2/resources/app/resources/win32/components/wch/toolchain/risc-v embedded gcc/bin/../lib/gcc/riscv-none-embed/8.2.0/../../../../riscv-none-embed/lib/rv32imafcxw/ilp32f\libg_nano.a(lib_a-dtoa.o)
 .text._dtoa_r  0x00000000000061d4      0xbf8 d:/mounriver/mounriver_studio2/resources/app/resources/win32/components/wch/toolchain/risc-v embedded gcc/bin/../lib/gcc/riscv-none-embed/8.2.0/../../../../riscv-none-embed/lib/rv32imafcxw/ilp32f\libg_nano.a(lib_a-dtoa.o)
                0x00000000000061d4                _dtoa_r
 .text.__sflush_r
                0x0000000000006dcc      0x132 d:/mounriver/mounriver_studio2/resources/app/resources/win32/components/wch/toolchain/risc-v embedded gcc/bin/../lib/gcc/riscv-none-embed/8.2.0/../../../../riscv-none-embed/lib/rv32imafcxw/ilp32f\libg_nano.a(lib_a-fflush.o)
                0x0000000000006dcc                __sflush_r
 .text._fflush_r
                0x0000000000006efe       0x66 d:/mounriver/mounriver_studio2/resources/app/resources/win32/components/wch/toolchain/risc-v embedded gcc/bin/../lib/gcc/riscv-none-embed/8.2.0/../../../../riscv-none-embed/lib/rv32imafcxw/ilp32f\libg_nano.a(lib_a-fflush.o)
                0x0000000000006efe                _fflush_r
 .text.std      0x0000000000006f64       0x66 d:/mounriver/mounriver_studio2/resources/app/resources/win32/components/wch/toolchain/risc-v embedded gcc/bin/../lib/gcc/riscv-none-embed/8.2.0/../../../../riscv-none-embed/lib/rv32imafcxw/ilp32f\libg_nano.a(lib_a-findfp.o)
 .text._cleanup_r
                0x0000000000006fca        0xa d:/mounriver/mounriver_studio2/resources/app/resources/win32/components/wch/toolchain/risc-v embedded gcc/bin/../lib/gcc/riscv-none-embed/8.2.0/../../../../riscv-none-embed/lib/rv32imafcxw/ilp32f\libg_nano.a(lib_a-findfp.o)
                0x0000000000006fca                _cleanup_r
 .text.__sfmoreglue
                0x0000000000006fd4       0x48 d:/mounriver/mounriver_studio2/resources/app/resources/win32/components/wch/toolchain/risc-v embedded gcc/bin/../lib/gcc/riscv-none-embed/8.2.0/../../../../riscv-none-embed/lib/rv32imafcxw/ilp32f\libg_nano.a(lib_a-findfp.o)
                0x0000000000006fd4                __sfmoreglue
 .text.__sinit  0x000000000000701c       0x6c d:/mounriver/mounriver_studio2/resources/app/resources/win32/components/wch/toolchain/risc-v embedded gcc/bin/../lib/gcc/riscv-none-embed/8.2.0/../../../../riscv-none-embed/lib/rv32imafcxw/ilp32f\libg_nano.a(lib_a-findfp.o)
                0x000000000000701c                __sinit
 .text.__sfp    0x0000000000007088       0xa0 d:/mounriver/mounriver_studio2/resources/app/resources/win32/components/wch/toolchain/risc-v embedded gcc/bin/../lib/gcc/riscv-none-embed/8.2.0/../../../../riscv-none-embed/lib/rv32imafcxw/ilp32f\libg_nano.a(lib_a-findfp.o)
                0x0000000000007088                __sfp
 .text._fwalk_reent
                0x0000000000007128       0x6a d:/mounriver/mounriver_studio2/resources/app/resources/win32/components/wch/toolchain/risc-v embedded gcc/bin/../lib/gcc/riscv-none-embed/8.2.0/../../../../riscv-none-embed/lib/rv32imafcxw/ilp32f\libg_nano.a(lib_a-fwalk.o)
                0x0000000000007128                _fwalk_reent
 .text._localeconv_r
                0x0000000000007192       0x18 d:/mounriver/mounriver_studio2/resources/app/resources/win32/components/wch/toolchain/risc-v embedded gcc/bin/../lib/gcc/riscv-none-embed/8.2.0/../../../../riscv-none-embed/lib/rv32imafcxw/ilp32f\libg_nano.a(lib_a-localeconv.o)
                0x0000000000007192                _localeconv_r
 .text.__swhatbuf_r
                0x00000000000071aa       0x58 d:/mounriver/mounriver_studio2/resources/app/resources/win32/components/wch/toolchain/risc-v embedded gcc/bin/../lib/gcc/riscv-none-embed/8.2.0/../../../../riscv-none-embed/lib/rv32imafcxw/ilp32f\libg_nano.a(lib_a-makebuf.o)
                0x00000000000071aa                __swhatbuf_r
 .text.__smakebuf_r
                0x0000000000007202       0x94 d:/mounriver/mounriver_studio2/resources/app/resources/win32/components/wch/toolchain/risc-v embedded gcc/bin/../lib/gcc/riscv-none-embed/8.2.0/../../../../riscv-none-embed/lib/rv32imafcxw/ilp32f\libg_nano.a(lib_a-makebuf.o)
                0x0000000000007202                __smakebuf_r
 .text.malloc   0x0000000000007296        0xc d:/mounriver/mounriver_studio2/resources/app/resources/win32/components/wch/toolchain/risc-v embedded gcc/bin/../lib/gcc/riscv-none-embed/8.2.0/../../../../riscv-none-embed/lib/rv32imafcxw/ilp32f\libg_nano.a(lib_a-malloc.o)
                0x0000000000007296                malloc
 .text.memchr   0x00000000000072a2       0x18 d:/mounriver/mounriver_studio2/resources/app/resources/win32/components/wch/toolchain/risc-v embedded gcc/bin/../lib/gcc/riscv-none-embed/8.2.0/../../../../riscv-none-embed/lib/rv32imafcxw/ilp32f\libg_nano.a(lib_a-memchr.o)
                0x00000000000072a2                memchr
 .text._Balloc  0x00000000000072ba       0x88 d:/mounriver/mounriver_studio2/resources/app/resources/win32/components/wch/toolchain/risc-v embedded gcc/bin/../lib/gcc/riscv-none-embed/8.2.0/../../../../riscv-none-embed/lib/rv32imafcxw/ilp32f\libg_nano.a(lib_a-mprec.o)
                0x00000000000072ba                _Balloc
 .text._Bfree   0x0000000000007342       0x44 d:/mounriver/mounriver_studio2/resources/app/resources/win32/components/wch/toolchain/risc-v embedded gcc/bin/../lib/gcc/riscv-none-embed/8.2.0/../../../../riscv-none-embed/lib/rv32imafcxw/ilp32f\libg_nano.a(lib_a-mprec.o)
                0x0000000000007342                _Bfree
 .text.__multadd
                0x0000000000007386       0x98 d:/mounriver/mounriver_studio2/resources/app/resources/win32/components/wch/toolchain/risc-v embedded gcc/bin/../lib/gcc/riscv-none-embed/8.2.0/../../../../riscv-none-embed/lib/rv32imafcxw/ilp32f\libg_nano.a(lib_a-mprec.o)
                0x0000000000007386                __multadd
 .text.__hi0bits
                0x000000000000741e       0x46 d:/mounriver/mounriver_studio2/resources/app/resources/win32/components/wch/toolchain/risc-v embedded gcc/bin/../lib/gcc/riscv-none-embed/8.2.0/../../../../riscv-none-embed/lib/rv32imafcxw/ilp32f\libg_nano.a(lib_a-mprec.o)
                0x000000000000741e                __hi0bits
 .text.__lo0bits
                0x0000000000007464       0x6a d:/mounriver/mounriver_studio2/resources/app/resources/win32/components/wch/toolchain/risc-v embedded gcc/bin/../lib/gcc/riscv-none-embed/8.2.0/../../../../riscv-none-embed/lib/rv32imafcxw/ilp32f\libg_nano.a(lib_a-mprec.o)
                0x0000000000007464                __lo0bits
 .text.__i2b    0x00000000000074ce       0x1c d:/mounriver/mounriver_studio2/resources/app/resources/win32/components/wch/toolchain/risc-v embedded gcc/bin/../lib/gcc/riscv-none-embed/8.2.0/../../../../riscv-none-embed/lib/rv32imafcxw/ilp32f\libg_nano.a(lib_a-mprec.o)
                0x00000000000074ce                __i2b
 .text.__multiply
                0x00000000000074ea      0x144 d:/mounriver/mounriver_studio2/resources/app/resources/win32/components/wch/toolchain/risc-v embedded gcc/bin/../lib/gcc/riscv-none-embed/8.2.0/../../../../riscv-none-embed/lib/rv32imafcxw/ilp32f\libg_nano.a(lib_a-mprec.o)
                0x00000000000074ea                __multiply
 .text.__pow5mult
                0x000000000000762e       0xbe d:/mounriver/mounriver_studio2/resources/app/resources/win32/components/wch/toolchain/risc-v embedded gcc/bin/../lib/gcc/riscv-none-embed/8.2.0/../../../../riscv-none-embed/lib/rv32imafcxw/ilp32f\libg_nano.a(lib_a-mprec.o)
                0x000000000000762e                __pow5mult
 .text.__lshift
                0x00000000000076ec       0xce d:/mounriver/mounriver_studio2/resources/app/resources/win32/components/wch/toolchain/risc-v embedded gcc/bin/../lib/gcc/riscv-none-embed/8.2.0/../../../../riscv-none-embed/lib/rv32imafcxw/ilp32f\libg_nano.a(lib_a-mprec.o)
                0x00000000000076ec                __lshift
 .text.__mcmp   0x00000000000077ba       0x32 d:/mounriver/mounriver_studio2/resources/app/resources/win32/components/wch/toolchain/risc-v embedded gcc/bin/../lib/gcc/riscv-none-embed/8.2.0/../../../../riscv-none-embed/lib/rv32imafcxw/ilp32f\libg_nano.a(lib_a-mprec.o)
                0x00000000000077ba                __mcmp
 .text.__mdiff  0x00000000000077ec       0xf2 d:/mounriver/mounriver_studio2/resources/app/resources/win32/components/wch/toolchain/risc-v embedded gcc/bin/../lib/gcc/riscv-none-embed/8.2.0/../../../../riscv-none-embed/lib/rv32imafcxw/ilp32f\libg_nano.a(lib_a-mprec.o)
                0x00000000000077ec                __mdiff
 .text.__d2b    0x00000000000078de       0xd4 d:/mounriver/mounriver_studio2/resources/app/resources/win32/components/wch/toolchain/risc-v embedded gcc/bin/../lib/gcc/riscv-none-embed/8.2.0/../../../../riscv-none-embed/lib/rv32imafcxw/ilp32f\libg_nano.a(lib_a-mprec.o)
                0x00000000000078de                __d2b
 .text._calloc_r
                0x00000000000079b2       0x26 d:/mounriver/mounriver_studio2/resources/app/resources/win32/components/wch/toolchain/risc-v embedded gcc/bin/../lib/gcc/riscv-none-embed/8.2.0/../../../../riscv-none-embed/lib/rv32imafcxw/ilp32f\libg_nano.a(lib_a-nano-callocr.o)
                0x00000000000079b2                _calloc_r
 .text._free_r  0x00000000000079d8       0xa8 d:/mounriver/mounriver_studio2/resources/app/resources/win32/components/wch/toolchain/risc-v embedded gcc/bin/../lib/gcc/riscv-none-embed/8.2.0/../../../../riscv-none-embed/lib/rv32imafcxw/ilp32f\libg_nano.a(lib_a-nano-freer.o)
                0x00000000000079d8                _free_r
 .text._malloc_r
                0x0000000000007a80       0xd4 d:/mounriver/mounriver_studio2/resources/app/resources/win32/components/wch/toolchain/risc-v embedded gcc/bin/../lib/gcc/riscv-none-embed/8.2.0/../../../../riscv-none-embed/lib/rv32imafcxw/ilp32f\libg_nano.a(lib_a-nano-mallocr.o)
                0x0000000000007a80                _malloc_r
 .text.__ssputs_r
                0x0000000000007b54       0xe4 d:/mounriver/mounriver_studio2/resources/app/resources/win32/components/wch/toolchain/risc-v embedded gcc/bin/../lib/gcc/riscv-none-embed/8.2.0/../../../../riscv-none-embed/lib/rv32imafcxw/ilp32f\libg_nano.a(lib_a-nano-svfprintf.o)
                0x0000000000007b54                __ssputs_r
 .text._svfprintf_r
                0x0000000000007c38      0x268 d:/mounriver/mounriver_studio2/resources/app/resources/win32/components/wch/toolchain/risc-v embedded gcc/bin/../lib/gcc/riscv-none-embed/8.2.0/../../../../riscv-none-embed/lib/rv32imafcxw/ilp32f\libg_nano.a(lib_a-nano-svfprintf.o)
                0x0000000000007c38                _svfiprintf_r
                0x0000000000007c38                _svfprintf_r
 .text.__sfputc_r
                0x0000000000007ea0       0x28 d:/mounriver/mounriver_studio2/resources/app/resources/win32/components/wch/toolchain/risc-v embedded gcc/bin/../lib/gcc/riscv-none-embed/8.2.0/../../../../riscv-none-embed/lib/rv32imafcxw/ilp32f\libg_nano.a(lib_a-nano-vfprintf.o)
 .text.__sfputs_r
                0x0000000000007ec8       0x42 d:/mounriver/mounriver_studio2/resources/app/resources/win32/components/wch/toolchain/risc-v embedded gcc/bin/../lib/gcc/riscv-none-embed/8.2.0/../../../../riscv-none-embed/lib/rv32imafcxw/ilp32f\libg_nano.a(lib_a-nano-vfprintf.o)
                0x0000000000007ec8                __sfputs_r
 .text._vfprintf_r
                0x0000000000007f0a      0x28c d:/mounriver/mounriver_studio2/resources/app/resources/win32/components/wch/toolchain/risc-v embedded gcc/bin/../lib/gcc/riscv-none-embed/8.2.0/../../../../riscv-none-embed/lib/rv32imafcxw/ilp32f\libg_nano.a(lib_a-nano-vfprintf.o)
                0x0000000000007f0a                _vfprintf_r
                0x0000000000007f0a                _vfiprintf_r
 .text._sbrk_r  0x0000000000008196       0x32 d:/mounriver/mounriver_studio2/resources/app/resources/win32/components/wch/toolchain/risc-v embedded gcc/bin/../lib/gcc/riscv-none-embed/8.2.0/../../../../riscv-none-embed/lib/rv32imafcxw/ilp32f\libg_nano.a(lib_a-sbrkr.o)
                0x0000000000008196                _sbrk_r
 .text.__sread  0x00000000000081c8       0x2c d:/mounriver/mounriver_studio2/resources/app/resources/win32/components/wch/toolchain/risc-v embedded gcc/bin/../lib/gcc/riscv-none-embed/8.2.0/../../../../riscv-none-embed/lib/rv32imafcxw/ilp32f\libg_nano.a(lib_a-stdio.o)
                0x00000000000081c8                __sread
 .text.__swrite
                0x00000000000081f4       0x48 d:/mounriver/mounriver_studio2/resources/app/resources/win32/components/wch/toolchain/risc-v embedded gcc/bin/../lib/gcc/riscv-none-embed/8.2.0/../../../../riscv-none-embed/lib/rv32imafcxw/ilp32f\libg_nano.a(lib_a-stdio.o)
                0x00000000000081f4                __swrite
 .text.__sseek  0x000000000000823c       0x30 d:/mounriver/mounriver_studio2/resources/app/resources/win32/components/wch/toolchain/risc-v embedded gcc/bin/../lib/gcc/riscv-none-embed/8.2.0/../../../../riscv-none-embed/lib/rv32imafcxw/ilp32f\libg_nano.a(lib_a-stdio.o)
                0x000000000000823c                __sseek
 .text.__sclose
                0x000000000000826c        0x6 d:/mounriver/mounriver_studio2/resources/app/resources/win32/components/wch/toolchain/risc-v embedded gcc/bin/../lib/gcc/riscv-none-embed/8.2.0/../../../../riscv-none-embed/lib/rv32imafcxw/ilp32f\libg_nano.a(lib_a-stdio.o)
                0x000000000000826c                __sclose
 .text._write_r
                0x0000000000008272       0x36 d:/mounriver/mounriver_studio2/resources/app/resources/win32/components/wch/toolchain/risc-v embedded gcc/bin/../lib/gcc/riscv-none-embed/8.2.0/../../../../riscv-none-embed/lib/rv32imafcxw/ilp32f\libg_nano.a(lib_a-writer.o)
                0x0000000000008272                _write_r
 .text._close_r
                0x00000000000082a8       0x32 d:/mounriver/mounriver_studio2/resources/app/resources/win32/components/wch/toolchain/risc-v embedded gcc/bin/../lib/gcc/riscv-none-embed/8.2.0/../../../../riscv-none-embed/lib/rv32imafcxw/ilp32f\libg_nano.a(lib_a-closer.o)
                0x00000000000082a8                _close_r
 .text._fstat_r
                0x00000000000082da       0x34 d:/mounriver/mounriver_studio2/resources/app/resources/win32/components/wch/toolchain/risc-v embedded gcc/bin/../lib/gcc/riscv-none-embed/8.2.0/../../../../riscv-none-embed/lib/rv32imafcxw/ilp32f\libg_nano.a(lib_a-fstatr.o)
                0x00000000000082da                _fstat_r
 .text._isatty_r
                0x000000000000830e       0x32 d:/mounriver/mounriver_studio2/resources/app/resources/win32/components/wch/toolchain/risc-v embedded gcc/bin/../lib/gcc/riscv-none-embed/8.2.0/../../../../riscv-none-embed/lib/rv32imafcxw/ilp32f\libg_nano.a(lib_a-isattyr.o)
                0x000000000000830e                _isatty_r
 .text._lseek_r
                0x0000000000008340       0x36 d:/mounriver/mounriver_studio2/resources/app/resources/win32/components/wch/toolchain/risc-v embedded gcc/bin/../lib/gcc/riscv-none-embed/8.2.0/../../../../riscv-none-embed/lib/rv32imafcxw/ilp32f\libg_nano.a(lib_a-lseekr.o)
                0x0000000000008340                _lseek_r
 .text.__ascii_mbtowc
                0x0000000000008376       0x32 d:/mounriver/mounriver_studio2/resources/app/resources/win32/components/wch/toolchain/risc-v embedded gcc/bin/../lib/gcc/riscv-none-embed/8.2.0/../../../../riscv-none-embed/lib/rv32imafcxw/ilp32f\libg_nano.a(lib_a-mbtowc_r.o)
                0x0000000000008376                __ascii_mbtowc
 .text.memmove  0x00000000000083a8       0x46 d:/mounriver/mounriver_studio2/resources/app/resources/win32/components/wch/toolchain/risc-v embedded gcc/bin/../lib/gcc/riscv-none-embed/8.2.0/../../../../riscv-none-embed/lib/rv32imafcxw/ilp32f\libg_nano.a(lib_a-memmove.o)
                0x00000000000083a8                memmove
 .text.__malloc_lock
                0x00000000000083ee        0x2 d:/mounriver/mounriver_studio2/resources/app/resources/win32/components/wch/toolchain/risc-v embedded gcc/bin/../lib/gcc/riscv-none-embed/8.2.0/../../../../riscv-none-embed/lib/rv32imafcxw/ilp32f\libg_nano.a(lib_a-mlock.o)
                0x00000000000083ee                __malloc_lock
 .text.__malloc_unlock
                0x00000000000083f0        0x2 d:/mounriver/mounriver_studio2/resources/app/resources/win32/components/wch/toolchain/risc-v embedded gcc/bin/../lib/gcc/riscv-none-embed/8.2.0/../../../../riscv-none-embed/lib/rv32imafcxw/ilp32f\libg_nano.a(lib_a-mlock.o)
                0x00000000000083f0                __malloc_unlock
 .text._realloc_r
                0x00000000000083f2       0x58 d:/mounriver/mounriver_studio2/resources/app/resources/win32/components/wch/toolchain/risc-v embedded gcc/bin/../lib/gcc/riscv-none-embed/8.2.0/../../../../riscv-none-embed/lib/rv32imafcxw/ilp32f\libg_nano.a(lib_a-nano-reallocr.o)
                0x00000000000083f2                _realloc_r
 .text._read_r  0x000000000000844a       0x36 d:/mounriver/mounriver_studio2/resources/app/resources/win32/components/wch/toolchain/risc-v embedded gcc/bin/../lib/gcc/riscv-none-embed/8.2.0/../../../../riscv-none-embed/lib/rv32imafcxw/ilp32f\libg_nano.a(lib_a-readr.o)
                0x000000000000844a                _read_r
 .text.__ascii_wctomb
                0x0000000000008480       0x1e d:/mounriver/mounriver_studio2/resources/app/resources/win32/components/wch/toolchain/risc-v embedded gcc/bin/../lib/gcc/riscv-none-embed/8.2.0/../../../../riscv-none-embed/lib/rv32imafcxw/ilp32f\libg_nano.a(lib_a-wctomb_r.o)
                0x0000000000008480                __ascii_wctomb
 .text._malloc_usable_size_r
                0x000000000000849e       0x14 d:/mounriver/mounriver_studio2/resources/app/resources/win32/components/wch/toolchain/risc-v embedded gcc/bin/../lib/gcc/riscv-none-embed/8.2.0/../../../../riscv-none-embed/lib/rv32imafcxw/ilp32f\libg_nano.a(lib_a-nano-msizer.o)
                0x000000000000849e                _malloc_usable_size_r
 .text.__adddf3
                0x00000000000084b2      0xa0e d:/mounriver/mounriver_studio2/resources/app/resources/win32/components/wch/toolchain/risc-v embedded gcc/bin/../lib/gcc/riscv-none-embed/8.2.0/rv32imafcxw/ilp32f\libgcc.a(adddf3.o)
                0x00000000000084b2                __adddf3
 .text.__divdf3
                0x0000000000008ec0      0x7ea d:/mounriver/mounriver_studio2/resources/app/resources/win32/components/wch/toolchain/risc-v embedded gcc/bin/../lib/gcc/riscv-none-embed/8.2.0/rv32imafcxw/ilp32f\libgcc.a(divdf3.o)
                0x0000000000008ec0                __divdf3
 .text.__eqdf2  0x00000000000096aa       0x98 d:/mounriver/mounriver_studio2/resources/app/resources/win32/components/wch/toolchain/risc-v embedded gcc/bin/../lib/gcc/riscv-none-embed/8.2.0/rv32imafcxw/ilp32f\libgcc.a(eqdf2.o)
                0x00000000000096aa                __nedf2
                0x00000000000096aa                __eqdf2
 .text.__gedf2  0x0000000000009742       0xb6 d:/mounriver/mounriver_studio2/resources/app/resources/win32/components/wch/toolchain/risc-v embedded gcc/bin/../lib/gcc/riscv-none-embed/8.2.0/rv32imafcxw/ilp32f\libgcc.a(gedf2.o)
                0x0000000000009742                __gedf2
                0x0000000000009742                __gtdf2
 .text.__ledf2  0x00000000000097f8       0xb6 d:/mounriver/mounriver_studio2/resources/app/resources/win32/components/wch/toolchain/risc-v embedded gcc/bin/../lib/gcc/riscv-none-embed/8.2.0/rv32imafcxw/ilp32f\libgcc.a(ledf2.o)
                0x00000000000097f8                __ledf2
                0x00000000000097f8                __ltdf2
 .text.__muldf3
                0x00000000000098ae      0x656 d:/mounriver/mounriver_studio2/resources/app/resources/win32/components/wch/toolchain/risc-v embedded gcc/bin/../lib/gcc/riscv-none-embed/8.2.0/rv32imafcxw/ilp32f\libgcc.a(muldf3.o)
                0x00000000000098ae                __muldf3
 .text.__subdf3
                0x0000000000009f04      0xa8c d:/mounriver/mounriver_studio2/resources/app/resources/win32/components/wch/toolchain/risc-v embedded gcc/bin/../lib/gcc/riscv-none-embed/8.2.0/rv32imafcxw/ilp32f\libgcc.a(subdf3.o)
                0x0000000000009f04                __subdf3
 .text.__unorddf2
                0x000000000000a990       0x7c d:/mounriver/mounriver_studio2/resources/app/resources/win32/components/wch/toolchain/risc-v embedded gcc/bin/../lib/gcc/riscv-none-embed/8.2.0/rv32imafcxw/ilp32f\libgcc.a(unorddf2.o)
                0x000000000000a990                __unorddf2
 .text.__fixdfsi
                0x000000000000aa0c       0xd8 d:/mounriver/mounriver_studio2/resources/app/resources/win32/components/wch/toolchain/risc-v embedded gcc/bin/../lib/gcc/riscv-none-embed/8.2.0/rv32imafcxw/ilp32f\libgcc.a(fixdfsi.o)
                0x000000000000aa0c                __fixdfsi
 .text.__floatsidf
                0x000000000000aae4       0x72 d:/mounriver/mounriver_studio2/resources/app/resources/win32/components/wch/toolchain/risc-v embedded gcc/bin/../lib/gcc/riscv-none-embed/8.2.0/rv32imafcxw/ilp32f\libgcc.a(floatsidf.o)
                0x000000000000aae4                __floatsidf
 .text.__floatunsidf
                0x000000000000ab56       0x68 d:/mounriver/mounriver_studio2/resources/app/resources/win32/components/wch/toolchain/risc-v embedded gcc/bin/../lib/gcc/riscv-none-embed/8.2.0/rv32imafcxw/ilp32f\libgcc.a(floatunsidf.o)
                0x000000000000ab56                __floatunsidf
 .text.__trunctfdf2
                0x000000000000abbe      0x3d0 d:/mounriver/mounriver_studio2/resources/app/resources/win32/components/wch/toolchain/risc-v embedded gcc/bin/../lib/gcc/riscv-none-embed/8.2.0/rv32imafcxw/ilp32f\libgcc.a(trunctfdf2.o)
                0x000000000000abbe                __trunctfdf2
 .text._close   0x000000000000af8e       0x10 d:/mounriver/mounriver_studio2/resources/app/resources/win32/components/wch/toolchain/risc-v embedded gcc/bin/../lib/gcc/riscv-none-embed/8.2.0/../../../../riscv-none-embed/lib/rv32imafcxw/ilp32f\libnosys.a(close.o)
                0x000000000000af8e                _close
 .text._fstat   0x000000000000af9e       0x10 d:/mounriver/mounriver_studio2/resources/app/resources/win32/components/wch/toolchain/risc-v embedded gcc/bin/../lib/gcc/riscv-none-embed/8.2.0/../../../../riscv-none-embed/lib/rv32imafcxw/ilp32f\libnosys.a(fstat.o)
                0x000000000000af9e                _fstat
 .text._isatty  0x000000000000afae       0x10 d:/mounriver/mounriver_studio2/resources/app/resources/win32/components/wch/toolchain/risc-v embedded gcc/bin/../lib/gcc/riscv-none-embed/8.2.0/../../../../riscv-none-embed/lib/rv32imafcxw/ilp32f\libnosys.a(isatty.o)
                0x000000000000afae                _isatty
 .text._lseek   0x000000000000afbe       0x10 d:/mounriver/mounriver_studio2/resources/app/resources/win32/components/wch/toolchain/risc-v embedded gcc/bin/../lib/gcc/riscv-none-embed/8.2.0/../../../../riscv-none-embed/lib/rv32imafcxw/ilp32f\libnosys.a(lseek.o)
                0x000000000000afbe                _lseek
 .text._read    0x000000000000afce       0x10 d:/mounriver/mounriver_studio2/resources/app/resources/win32/components/wch/toolchain/risc-v embedded gcc/bin/../lib/gcc/riscv-none-embed/8.2.0/../../../../riscv-none-embed/lib/rv32imafcxw/ilp32f\libnosys.a(read.o)
                0x000000000000afce                _read
 *(.rodata)
 *(.rodata*)
 *fill*         0x000000000000afde        0x2 
 .rodata.gpio_init
                0x000000000000afe0       0x2c ./User/com.o
 .rodata.B1uart_task.str1.4
                0x000000000000b00c       0x11 ./User/main.o
 *fill*         0x000000000000b01d        0x3 
 .rodata.beep_task.cst4
                0x000000000000b020        0x4 ./User/main.o
 .rodata.create_task.str1.4
                0x000000000000b024      0x1db ./User/main.o
 *fill*         0x000000000000b1ff        0x1 
 .rodata.lcd_task.cst4
                0x000000000000b200        0xc ./User/main.o
 .rodata.lcd_task.str1.4
                0x000000000000b20c       0x6c ./User/main.o
 .rodata.log_task.str1.4
                0x000000000000b278        0x5 ./User/main.o
 *fill*         0x000000000000b27d        0x3 
 .rodata.main.str1.4
                0x000000000000b280       0x70 ./User/main.o
 .rodata.max30102_task.str1.4
                0x000000000000b2f0       0x49 ./User/main.o
 *fill*         0x000000000000b339        0x3 
 .rodata.mq2_task.cst4
                0x000000000000b33c        0x4 ./User/main.o
 .rodata.mq2_task.str1.4
                0x000000000000b340       0x10 ./User/main.o
 .rodata.sht31_task.str1.4
                0x000000000000b350       0x37 ./User/main.o
 .rodata.Take_Temperature.cst4
                0x000000000000b387        0x4 ./Hardware/Src/B1uart.o
 *fill*         0x000000000000b387        0x1 
 .rodata.auw_hamm
                0x000000000000b388       0x3e ./Hardware/Src/algorithm.o
                0x000000000000b388                auw_hamm
 *fill*         0x000000000000b3c6        0x2 
 .rodata.uch_spo2_table
                0x000000000000b3c8       0xb8 ./Hardware/Src/algorithm.o
                0x000000000000b3c8                uch_spo2_table
 .rodata.CSWTCH.55
                0x000000000000b480       0xd4 ./Hardware/Src/lcd.o
 .rodata.CSWTCH.56
                0x000000000000b554       0x34 ./Hardware/Src/lcd.o
 .rodata.MAX30102_Init.str1.4
                0x000000000000b588       0x18 ./Hardware/Src/max30102.o
 .rodata.LowPassFilter.cst4
                0x000000000000b5a0        0x8 ./Hardware/Src/max30102_app.o
 .rodata.MQ2_ReadData.cst4
                0x000000000000b5a8        0xc ./Hardware/Src/mq2.o
 .rodata.Servo_SetAngle.cst4
                0x000000000000b5b4        0xc ./Hardware/Src/servo.o
 .rodata.SHT31_ReadData.cst4
                0x000000000000b5c0        0xc ./Hardware/Src/sht31.o
                                         0x10 (size before relaxing)
 .rodata.pvPortMalloc.str1.4
                0x000000000000b5cc       0x49 ./FreeRTOS/portable/MemMang/heap_4.o
 *fill*         0x000000000000b615        0x3 
 .rodata.xPortStartScheduler.str1.4
                0x000000000000b618       0x27 ./FreeRTOS/portable/GCC/RISC-V/port.o
                                         0x49 (size before relaxing)
 *fill*         0x000000000000b63f        0x1 
 .rodata.xQueueGenericReset.str1.4
                0x000000000000b640       0x14 ./FreeRTOS/queue.o
                                         0x35 (size before relaxing)
 .rodata.prvTaskIsTaskSuspended.str1.4
                0x000000000000b654       0x14 ./FreeRTOS/tasks.o
                                         0x35 (size before relaxing)
 .rodata.vTaskStartScheduler.str1.4
                0x000000000000b668        0x5 ./FreeRTOS/tasks.o
 *fill*         0x000000000000b66d        0x3 
 .rodata.prvTimerTask
                0x000000000000b670       0x24 ./FreeRTOS/timers.o
 .rodata.prvCheckForValidListAndQueue.str1.4
                0x000000000000b694        0x5 ./FreeRTOS/timers.o
 *fill*         0x000000000000b699        0x3 
 .rodata.prvTimerTask.str1.4
                0x000000000000b69c       0x15 ./FreeRTOS/timers.o
                                         0x39 (size before relaxing)
 *fill*         0x000000000000b6b1        0x3 
 .rodata.xTimerCreateTimerTask.str1.4
                0x000000000000b6b4        0x8 ./FreeRTOS/timers.o
 .rodata.__clz_tab
                0x000000000000b6bc      0x100 d:/mounriver/mounriver_studio2/resources/app/resources/win32/components/wch/toolchain/risc-v embedded gcc/bin/../lib/gcc/riscv-none-embed/8.2.0/rv32imafcxw/ilp32f\libgcc.a(_clz.o)
                0x000000000000b6bc                __clz_tab
 *fill*         0x000000000000b7bc        0x4 
 .rodata._printf_float.cst8
                0x000000000000b7c0        0x8 d:/mounriver/mounriver_studio2/resources/app/resources/win32/components/wch/toolchain/risc-v embedded gcc/bin/../lib/gcc/riscv-none-embed/8.2.0/../../../../riscv-none-embed/lib/rv32imafcxw/ilp32f\libg_nano.a(lib_a-nano-vfprintf_float.o)
 .rodata._printf_float.str1.4
                0x000000000000b7c8       0x12 d:/mounriver/mounriver_studio2/resources/app/resources/win32/components/wch/toolchain/risc-v embedded gcc/bin/../lib/gcc/riscv-none-embed/8.2.0/../../../../riscv-none-embed/lib/rv32imafcxw/ilp32f\libg_nano.a(lib_a-nano-vfprintf_float.o)
 *fill*         0x000000000000b7da        0x2 
 .rodata._printf_i.str1.4
                0x000000000000b7dc       0x25 d:/mounriver/mounriver_studio2/resources/app/resources/win32/components/wch/toolchain/risc-v embedded gcc/bin/../lib/gcc/riscv-none-embed/8.2.0/../../../../riscv-none-embed/lib/rv32imafcxw/ilp32f\libg_nano.a(lib_a-nano-vfprintf_i.o)
 *fill*         0x000000000000b801        0x7 
 .rodata._dtoa_r.cst8
                0x000000000000b808       0x48 d:/mounriver/mounriver_studio2/resources/app/resources/win32/components/wch/toolchain/risc-v embedded gcc/bin/../lib/gcc/riscv-none-embed/8.2.0/../../../../riscv-none-embed/lib/rv32imafcxw/ilp32f\libg_nano.a(lib_a-dtoa.o)
 .rodata._dtoa_r.str1.4
                0x000000000000b850       0x10 d:/mounriver/mounriver_studio2/resources/app/resources/win32/components/wch/toolchain/risc-v embedded gcc/bin/../lib/gcc/riscv-none-embed/8.2.0/../../../../riscv-none-embed/lib/rv32imafcxw/ilp32f\libg_nano.a(lib_a-dtoa.o)
                                         0x12 (size before relaxing)
 .rodata.__sf_fake_stderr
                0x000000000000b860       0x20 d:/mounriver/mounriver_studio2/resources/app/resources/win32/components/wch/toolchain/risc-v embedded gcc/bin/../lib/gcc/riscv-none-embed/8.2.0/../../../../riscv-none-embed/lib/rv32imafcxw/ilp32f\libg_nano.a(lib_a-findfp.o)
                0x000000000000b860                __sf_fake_stderr
 .rodata.__sf_fake_stdin
                0x000000000000b880       0x20 d:/mounriver/mounriver_studio2/resources/app/resources/win32/components/wch/toolchain/risc-v embedded gcc/bin/../lib/gcc/riscv-none-embed/8.2.0/../../../../riscv-none-embed/lib/rv32imafcxw/ilp32f\libg_nano.a(lib_a-findfp.o)
                0x000000000000b880                __sf_fake_stdin
 .rodata.__sf_fake_stdout
                0x000000000000b8a0       0x20 d:/mounriver/mounriver_studio2/resources/app/resources/win32/components/wch/toolchain/risc-v embedded gcc/bin/../lib/gcc/riscv-none-embed/8.2.0/../../../../riscv-none-embed/lib/rv32imafcxw/ilp32f\libg_nano.a(lib_a-findfp.o)
                0x000000000000b8a0                __sf_fake_stdout
 .rodata.__mprec_bigtens
                0x000000000000b8c0       0x28 d:/mounriver/mounriver_studio2/resources/app/resources/win32/components/wch/toolchain/risc-v embedded gcc/bin/../lib/gcc/riscv-none-embed/8.2.0/../../../../riscv-none-embed/lib/rv32imafcxw/ilp32f\libg_nano.a(lib_a-mprec.o)
                0x000000000000b8c0                __mprec_bigtens
 .rodata.__mprec_tens
                0x000000000000b8e8       0xc8 d:/mounriver/mounriver_studio2/resources/app/resources/win32/components/wch/toolchain/risc-v embedded gcc/bin/../lib/gcc/riscv-none-embed/8.2.0/../../../../riscv-none-embed/lib/rv32imafcxw/ilp32f\libg_nano.a(lib_a-mprec.o)
                0x000000000000b8e8                __mprec_tens
 .rodata.p05.3321
                0x000000000000b9b0        0xc d:/mounriver/mounriver_studio2/resources/app/resources/win32/components/wch/toolchain/risc-v embedded gcc/bin/../lib/gcc/riscv-none-embed/8.2.0/../../../../riscv-none-embed/lib/rv32imafcxw/ilp32f\libg_nano.a(lib_a-mprec.o)
 .rodata._svfprintf_r.str1.4
                0x000000000000b9bc       0x13 d:/mounriver/mounriver_studio2/resources/app/resources/win32/components/wch/toolchain/risc-v embedded gcc/bin/../lib/gcc/riscv-none-embed/8.2.0/../../../../riscv-none-embed/lib/rv32imafcxw/ilp32f\libg_nano.a(lib_a-nano-svfprintf.o)
 .rodata._vfprintf_r.str1.4
                0x000000000000b9cf       0x13 d:/mounriver/mounriver_studio2/resources/app/resources/win32/components/wch/toolchain/risc-v embedded gcc/bin/../lib/gcc/riscv-none-embed/8.2.0/../../../../riscv-none-embed/lib/rv32imafcxw/ilp32f\libg_nano.a(lib_a-nano-vfprintf.o)
 *fill*         0x000000000000b9cf        0x1 
 .rodata._setlocale_r.str1.4
                0x000000000000b9d0        0xa d:/mounriver/mounriver_studio2/resources/app/resources/win32/components/wch/toolchain/risc-v embedded gcc/bin/../lib/gcc/riscv-none-embed/8.2.0/../../../../riscv-none-embed/lib/rv32imafcxw/ilp32f\libg_nano.a(lib_a-locale.o)
                                          0xd (size before relaxing)
 *fill*         0x000000000000b9da        0x2 
 .rodata.str1.4
                0x000000000000b9dc        0x4 d:/mounriver/mounriver_studio2/resources/app/resources/win32/components/wch/toolchain/risc-v embedded gcc/bin/../lib/gcc/riscv-none-embed/8.2.0/../../../../riscv-none-embed/lib/rv32imafcxw/ilp32f\libg_nano.a(lib_a-locale.o)
                                          0x2 (size before relaxing)
 .rodata._ctype_
                0x000000000000b9e0      0x101 d:/mounriver/mounriver_studio2/resources/app/resources/win32/components/wch/toolchain/risc-v embedded gcc/bin/../lib/gcc/riscv-none-embed/8.2.0/../../../../riscv-none-embed/lib/rv32imafcxw/ilp32f\libg_nano.a(lib_a-ctype_.o)
                0x000000000000b9e0                _ctype_
 *fill*         0x000000000000bae1        0x3 
 .rodata.__divdf3
                0x000000000000bae4       0x40 d:/mounriver/mounriver_studio2/resources/app/resources/win32/components/wch/toolchain/risc-v embedded gcc/bin/../lib/gcc/riscv-none-embed/8.2.0/rv32imafcxw/ilp32f\libgcc.a(divdf3.o)
 .rodata.__muldf3
                0x000000000000bb24       0x40 d:/mounriver/mounriver_studio2/resources/app/resources/win32/components/wch/toolchain/risc-v embedded gcc/bin/../lib/gcc/riscv-none-embed/8.2.0/rv32imafcxw/ilp32f\libgcc.a(muldf3.o)
 *(.gnu.linkonce.t.*)
                0x000000000000bb64                . = ALIGN (0x4)

.rela.dyn       0x000000000000bb64        0x0
 .rela.init     0x000000000000bb64        0x0 ./User/ch32v30x_it.o
 .rela.vector   0x000000000000bb64        0x0 ./User/ch32v30x_it.o
 .rela.text.handle_reset
                0x000000000000bb64        0x0 ./User/ch32v30x_it.o
 .rela.text.xPortStartScheduler
                0x000000000000bb64        0x0 ./User/ch32v30x_it.o
 .rela.sdata2.xISRStackTop
                0x000000000000bb64        0x0 ./User/ch32v30x_it.o
 .rela.text._sbrk
                0x000000000000bb64        0x0 ./User/ch32v30x_it.o
 .rela.sdata.curbrk.5275
                0x000000000000bb64        0x0 ./User/ch32v30x_it.o
 .rela.text._svfprintf_r
                0x000000000000bb64        0x0 ./User/ch32v30x_it.o
 .rela.text._vfprintf_r
                0x000000000000bb64        0x0 ./User/ch32v30x_it.o
 .rela.text._sbrk_r
                0x000000000000bb64        0x0 ./User/ch32v30x_it.o
 .rela.text._write_r
                0x000000000000bb64        0x0 ./User/ch32v30x_it.o
 .rela.text._close_r
                0x000000000000bb64        0x0 ./User/ch32v30x_it.o
 .rela.text._fstat_r
                0x000000000000bb64        0x0 ./User/ch32v30x_it.o
 .rela.text._isatty_r
                0x000000000000bb64        0x0 ./User/ch32v30x_it.o
 .rela.text._lseek_r
                0x000000000000bb64        0x0 ./User/ch32v30x_it.o
 .rela.text._read_r
                0x000000000000bb64        0x0 ./User/ch32v30x_it.o
 .rela.text._close
                0x000000000000bb64        0x0 ./User/ch32v30x_it.o
 .rela.text._fstat
                0x000000000000bb64        0x0 ./User/ch32v30x_it.o
 .rela.text._isatty
                0x000000000000bb64        0x0 ./User/ch32v30x_it.o
 .rela.text._lseek
                0x000000000000bb64        0x0 ./User/ch32v30x_it.o
 .rela.text._read
                0x000000000000bb64        0x0 ./User/ch32v30x_it.o

.fini           0x000000000000bb64        0x0
 *(SORT_NONE(.fini))
                0x000000000000bb64                . = ALIGN (0x4)
                [!provide]                        PROVIDE (_etext = .)
                [!provide]                        PROVIDE (_eitcm = .)

.preinit_array  0x000000000000bb64        0x0
                [!provide]                        PROVIDE (__preinit_array_start = .)
 *(.preinit_array)
                [!provide]                        PROVIDE (__preinit_array_end = .)

.init_array     0x000000000000bb64        0x0
                [!provide]                        PROVIDE (__init_array_start = .)
 *(SORT_BY_INIT_PRIORITY(.init_array.*) SORT_BY_INIT_PRIORITY(.ctors.*))
 *(.init_array EXCLUDE_FILE(*crtend?.o *crtend.o *crtbegin?.o *crtbegin.o) .ctors)
                [!provide]                        PROVIDE (__init_array_end = .)

.fini_array     0x000000000000bb64        0x0
                [!provide]                        PROVIDE (__fini_array_start = .)
 *(SORT_BY_INIT_PRIORITY(.fini_array.*) SORT_BY_INIT_PRIORITY(.dtors.*))
 *(.fini_array EXCLUDE_FILE(*crtend?.o *crtend.o *crtbegin?.o *crtbegin.o) .dtors)
                [!provide]                        PROVIDE (__fini_array_end = .)

.ctors
 *crtbegin.o(.ctors)
 *crtbegin?.o(.ctors)
 *(EXCLUDE_FILE(*crtend?.o *crtend.o) .ctors)
 *(SORT_BY_NAME(.ctors.*))
 *(.ctors)

.dtors
 *crtbegin.o(.dtors)
 *crtbegin?.o(.dtors)
 *(EXCLUDE_FILE(*crtend?.o *crtend.o) .dtors)
 *(SORT_BY_NAME(.dtors.*))
 *(.dtors)

.dalign         0x0000000020000000        0x0 load address 0x000000000000bb64
                0x0000000020000000                . = ALIGN (0x4)
                0x0000000020000000                PROVIDE (_data_vma = .)

.dlalign        0x000000000000bb64        0x0
                0x000000000000bb64                . = ALIGN (0x4)
                0x000000000000bb64                PROVIDE (_data_lma = .)

.data           0x0000000020000000     0x1288 load address 0x000000000000bb64
 *(.gnu.linkonce.r.*)
 *(.data .data.*)
 .data.AHBPrescTable
                0x0000000020000000       0x10 ./User/system_ch32v30x.o
                0x0000000020000000                AHBPrescTable
 .data.APBAHBPrescTable
                0x0000000020000010       0x10 ./Peripheral/src/ch32v30x_rcc.o
 .data.max30102_data
                0x0000000020000020      0xfc0 ./Hardware/Src/max30102_app.o
                0x0000000020000020                max30102_data
 .data.impure_data
                0x0000000020000fe0       0x60 d:/mounriver/mounriver_studio2/resources/app/resources/win32/components/wch/toolchain/risc-v embedded gcc/bin/../lib/gcc/riscv-none-embed/8.2.0/../../../../riscv-none-embed/lib/rv32imafcxw/ilp32f\libg_nano.a(lib_a-impure.o)
 .data.__global_locale
                0x0000000020001040      0x16c d:/mounriver/mounriver_studio2/resources/app/resources/win32/components/wch/toolchain/risc-v embedded gcc/bin/../lib/gcc/riscv-none-embed/8.2.0/../../../../riscv-none-embed/lib/rv32imafcxw/ilp32f\libg_nano.a(lib_a-locale.o)
                0x0000000020001040                __global_locale
 *(.gnu.linkonce.d.*)
                0x00000000200011b0                . = ALIGN (0x8)
 *fill*         0x00000000200011ac        0x4 
                0x00000000200019b0                PROVIDE (__global_pointer$ = (. + 0x800))
 *(.sdata .sdata.*)
 .sdata.SystemCoreClock
                0x00000000200011b0        0x4 ./User/system_ch32v30x.o
                0x00000000200011b0                SystemCoreClock
 .sdata.ADCPrescTable
                0x00000000200011b4        0x4 ./Peripheral/src/ch32v30x_rcc.o
 .sdata.command
                0x00000000200011b8        0x7 ./Hardware/Src/B1uart.o
                0x00000000200011b8                command
 *fill*         0x00000000200011bf        0x1 
 .sdata.uxCriticalNesting
                0x00000000200011c0        0x4 ./FreeRTOS/portable/GCC/RISC-V/port.o
 .sdata.uxTopUsedPriority
                0x00000000200011c4        0x4 ./FreeRTOS/tasks.o
                0x00000000200011c4                uxTopUsedPriority
 .sdata.curbrk.5275
                0x00000000200011c8        0x4 ./Debug/debug.o
 .sdata._impure_ptr
                0x00000000200011cc        0x4 d:/mounriver/mounriver_studio2/resources/app/resources/win32/components/wch/toolchain/risc-v embedded gcc/bin/../lib/gcc/riscv-none-embed/8.2.0/../../../../riscv-none-embed/lib/rv32imafcxw/ilp32f\libg_nano.a(lib_a-impure.o)
                0x00000000200011cc                _impure_ptr
 *(.sdata2.*)
 .sdata2.CSWTCH.5
                0x00000000200011d0        0x3 ./User/com.o
 *fill*         0x00000000200011d3        0x1 
 .sdata2.lcd_font_0
                0x00000000200011d4        0x8 ./Hardware/Src/lcd.o
 .sdata2.lcd_font_1
                0x00000000200011dc        0x8 ./Hardware/Src/lcd.o
 .sdata2.lcd_font_2
                0x00000000200011e4        0x8 ./Hardware/Src/lcd.o
 .sdata2.lcd_font_3
                0x00000000200011ec        0x8 ./Hardware/Src/lcd.o
 .sdata2.lcd_font_4
                0x00000000200011f4        0x8 ./Hardware/Src/lcd.o
 .sdata2.lcd_font_5
                0x00000000200011fc        0x8 ./Hardware/Src/lcd.o
 .sdata2.lcd_font_6
                0x0000000020001204        0x8 ./Hardware/Src/lcd.o
 .sdata2.lcd_font_7
                0x000000002000120c        0x8 ./Hardware/Src/lcd.o
 .sdata2.lcd_font_8
                0x0000000020001214        0x8 ./Hardware/Src/lcd.o
 .sdata2.lcd_font_9
                0x000000002000121c        0x8 ./Hardware/Src/lcd.o
 .sdata2.lcd_font_B
                0x0000000020001224        0x8 ./Hardware/Src/lcd.o
 .sdata2.lcd_font_H
                0x000000002000122c        0x8 ./Hardware/Src/lcd.o
 .sdata2.lcd_font_M
                0x0000000020001234        0x8 ./Hardware/Src/lcd.o
 .sdata2.lcd_font_Q
                0x000000002000123c        0x8 ./Hardware/Src/lcd.o
 .sdata2.lcd_font_R
                0x0000000020001244        0x8 ./Hardware/Src/lcd.o
 .sdata2.lcd_font_S
                0x000000002000124c        0x8 ./Hardware/Src/lcd.o
 .sdata2.lcd_font_T
                0x0000000020001254        0x8 ./Hardware/Src/lcd.o
 .sdata2.lcd_font_colon
                0x000000002000125c        0x8 ./Hardware/Src/lcd.o
 .sdata2.lcd_font_dash
                0x0000000020001264        0x8 ./Hardware/Src/lcd.o
 .sdata2.lcd_font_dot
                0x000000002000126c        0x8 ./Hardware/Src/lcd.o
 .sdata2.lcd_font_space
                0x0000000020001274        0x8 ./Hardware/Src/lcd.o
 .sdata2.xISRStackTop
                0x000000002000127c        0x4 ./FreeRTOS/portable/GCC/RISC-V/port.o
                0x000000002000127c                xISRStackTop
 .sdata2._global_impure_ptr
                0x0000000020001280        0x4 d:/mounriver/mounriver_studio2/resources/app/resources/win32/components/wch/toolchain/risc-v embedded gcc/bin/../lib/gcc/riscv-none-embed/8.2.0/../../../../riscv-none-embed/lib/rv32imafcxw/ilp32f\libg_nano.a(lib_a-impure.o)
                0x0000000020001280                _global_impure_ptr
 *(.gnu.linkonce.s.*)
                0x0000000020001288                . = ALIGN (0x8)
 *fill*         0x0000000020001284        0x4 
 *(.srodata.cst16)
 *(.srodata.cst8)
 *(.srodata.cst4)
 *(.srodata.cst2)
 *(.srodata .srodata.*)
                0x0000000020001288                . = ALIGN (0x4)
                0x0000000020001288                PROVIDE (_edata = .)

.bss            0x0000000020001288     0x9b68 load address 0x000000000000cdec
                0x0000000020001288                . = ALIGN (0x4)
                0x0000000020001288                PROVIDE (_sbss = .)
 *(.sbss*)
 .sbss.B1uart_task_Handler
                0x0000000020001288        0x4 ./User/main.o
                0x0000000020001288                B1uart_task_Handler
 .sbss.beep_task_Handler
                0x000000002000128c        0x4 ./User/main.o
                0x000000002000128c                beep_task_Handler
 .sbss.create_task_Handler
                0x0000000020001290        0x4 ./User/main.o
                0x0000000020001290                create_task_Handler
 .sbss.key_task_Handler
                0x0000000020001294        0x4 ./User/main.o
                0x0000000020001294                key_task_Handler
 .sbss.lcd_page
                0x0000000020001298        0x1 ./User/main.o
 *fill*         0x0000000020001299        0x3 
 .sbss.lcd_task_Handler
                0x000000002000129c        0x4 ./User/main.o
                0x000000002000129c                lcd_task_Handler
 .sbss.led_task_Handler
                0x00000000200012a0        0x4 ./User/main.o
                0x00000000200012a0                led_task_Handler
 .sbss.log_queue
                0x00000000200012a4        0x4 ./User/main.o
                0x00000000200012a4                log_queue
 .sbss.log_task_Handler
                0x00000000200012a8        0x4 ./User/main.o
                0x00000000200012a8                log_task_Handler
 .sbss.max30102_task_Handler
                0x00000000200012ac        0x4 ./User/main.o
                0x00000000200012ac                max30102_task_Handler
 .sbss.mq2_task_Handler
                0x00000000200012b0        0x4 ./User/main.o
                0x00000000200012b0                mq2_task_Handler
 .sbss.sht31_task_Handler
                0x00000000200012b4        0x4 ./User/main.o
                0x00000000200012b4                sht31_task_Handler
 .sbss.start_tick.5920
                0x00000000200012b8        0x4 ./User/main.o
 .sbss.NVIC_Priority_Group
                0x00000000200012bc        0x4 ./Peripheral/src/ch32v30x_misc.o
                0x00000000200012bc                NVIC_Priority_Group
 .sbss.Body_Temp
                0x00000000200012c0        0x4 ./Hardware/Src/B1uart.o
                0x00000000200012c0                Body_Temp
 .sbss.dis_hr   0x00000000200012c4        0x1 ./Hardware/Src/max30102_app.o
                0x00000000200012c4                dis_hr
 .sbss.dis_spo2
                0x00000000200012c5        0x1 ./Hardware/Src/max30102_app.o
                0x00000000200012c5                dis_spo2
 *fill*         0x00000000200012c6        0x2 
 .sbss.hr_filtered
                0x00000000200012c8        0x4 ./Hardware/Src/max30102_app.o
 .sbss.hr_filtered_valid
                0x00000000200012cc        0x1 ./Hardware/Src/max30102_app.o
 *fill*         0x00000000200012cd        0x3 
 .sbss.hr_index
                0x00000000200012d0        0x4 ./Hardware/Src/max30102_app.o